Archive member included to satisfy reference by file (symbol)

c:/progra~2/gnuarm~1/102020~1/bin/../lib/gcc/arm-none-eabi/10.2.1/thumb/v6-m/nofp\libgcc.a(_dvmd_tls.o)
                              CMakeFiles/fnirs_ddc_pio_shk.dir/C_/Users/Alfonso_Samuel/Documents/pico/pico-sdk/src/rp2_common/pico_divider/divider.S.obj (__aeabi_idiv0)
c:/progra~2/gnuarm~1/102020~1/bin/../lib/gcc/arm-none-eabi/10.2.1/../../../../arm-none-eabi/lib/thumb/v6-m/nofp\libg.a(lib_a-calloc.o)
                              CMakeFiles/fnirs_ddc_pio_shk.dir/C_/Users/Alfonso_Samuel/Documents/pico/pico-sdk/src/rp2_common/pico_malloc/pico_malloc.c.obj (calloc)
c:/progra~2/gnuarm~1/102020~1/bin/../lib/gcc/arm-none-eabi/10.2.1/../../../../arm-none-eabi/lib/thumb/v6-m/nofp\libg.a(lib_a-callocr.o)
                              c:/progra~2/gnuarm~1/102020~1/bin/../lib/gcc/arm-none-eabi/10.2.1/../../../../arm-none-eabi/lib/thumb/v6-m/nofp\libg.a(lib_a-calloc.o) (_calloc_r)
c:/progra~2/gnuarm~1/102020~1/bin/../lib/gcc/arm-none-eabi/10.2.1/../../../../arm-none-eabi/lib/thumb/v6-m/nofp\libg.a(lib_a-ctype_.o)
                              CMakeFiles/fnirs_ddc_pio_shk.dir/C_/Users/Alfonso_Samuel/Documents/pico/pico-sdk/lib/tinyusb/src/tusb.c.obj (_ctype_)
c:/progra~2/gnuarm~1/102020~1/bin/../lib/gcc/arm-none-eabi/10.2.1/../../../../arm-none-eabi/lib/thumb/v6-m/nofp\libg.a(lib_a-impure.o)
                              c:/progra~2/gnuarm~1/102020~1/bin/../lib/gcc/arm-none-eabi/10.2.1/../../../../arm-none-eabi/lib/thumb/v6-m/nofp\libg.a(lib_a-calloc.o) (_impure_ptr)
c:/progra~2/gnuarm~1/102020~1/bin/../lib/gcc/arm-none-eabi/10.2.1/../../../../arm-none-eabi/lib/thumb/v6-m/nofp\libg.a(lib_a-init.o)
                              c:/progra~2/gnuarm~1/102020~1/bin/../lib/gcc/arm-none-eabi/10.2.1/../../../../arm-none-eabi/lib/thumb/v6-m/nofp/crt0.o (__libc_init_array)
c:/progra~2/gnuarm~1/102020~1/bin/../lib/gcc/arm-none-eabi/10.2.1/../../../../arm-none-eabi/lib/thumb/v6-m/nofp\libg.a(lib_a-malloc.o)
                              CMakeFiles/fnirs_ddc_pio_shk.dir/C_/Users/Alfonso_Samuel/Documents/pico/pico-sdk/src/rp2_common/pico_malloc/pico_malloc.c.obj (malloc)
c:/progra~2/gnuarm~1/102020~1/bin/../lib/gcc/arm-none-eabi/10.2.1/../../../../arm-none-eabi/lib/thumb/v6-m/nofp\libg.a(lib_a-mallocr.o)
                              c:/progra~2/gnuarm~1/102020~1/bin/../lib/gcc/arm-none-eabi/10.2.1/../../../../arm-none-eabi/lib/thumb/v6-m/nofp\libg.a(lib_a-callocr.o) (_malloc_r)
c:/progra~2/gnuarm~1/102020~1/bin/../lib/gcc/arm-none-eabi/10.2.1/../../../../arm-none-eabi/lib/thumb/v6-m/nofp\libg.a(lib_a-mlock.o)
                              c:/progra~2/gnuarm~1/102020~1/bin/../lib/gcc/arm-none-eabi/10.2.1/../../../../arm-none-eabi/lib/thumb/v6-m/nofp\libg.a(lib_a-mallocr.o) (__malloc_lock)
c:/progra~2/gnuarm~1/102020~1/bin/../lib/gcc/arm-none-eabi/10.2.1/../../../../arm-none-eabi/lib/thumb/v6-m/nofp\libg.a(lib_a-sbrkr.o)
                              c:/progra~2/gnuarm~1/102020~1/bin/../lib/gcc/arm-none-eabi/10.2.1/../../../../arm-none-eabi/lib/thumb/v6-m/nofp\libg.a(lib_a-mallocr.o) (_sbrk_r)
c:/progra~2/gnuarm~1/102020~1/bin/../lib/gcc/arm-none-eabi/10.2.1/../../../../arm-none-eabi/lib/thumb/v6-m/nofp\libg.a(lib_a-strlen-stub.o)
                              CMakeFiles/fnirs_ddc_pio_shk.dir/C_/Users/Alfonso_Samuel/Documents/pico/pico-sdk/src/rp2_common/pico_stdio/stdio.c.obj (strlen)
c:/progra~2/gnuarm~1/102020~1/bin/../lib/gcc/arm-none-eabi/10.2.1/../../../../arm-none-eabi/lib/thumb/v6-m/nofp\libg.a(lib_a-freer.o)
                              c:/progra~2/gnuarm~1/102020~1/bin/../lib/gcc/arm-none-eabi/10.2.1/../../../../arm-none-eabi/lib/thumb/v6-m/nofp\libg.a(lib_a-malloc.o) (_free_r)
c:/progra~2/gnuarm~1/102020~1/bin/../lib/gcc/arm-none-eabi/10.2.1/../../../../arm-none-eabi/lib/thumb/v6-m/nofp\libg.a(lib_a-lock.o)
                              c:/progra~2/gnuarm~1/102020~1/bin/../lib/gcc/arm-none-eabi/10.2.1/../../../../arm-none-eabi/lib/thumb/v6-m/nofp\libg.a(lib_a-mlock.o) (__retarget_lock_acquire_recursive)
c:/progra~2/gnuarm~1/102020~1/bin/../lib/gcc/arm-none-eabi/10.2.1/../../../../arm-none-eabi/lib/thumb/v6-m/nofp\libg.a(lib_a-reent.o)
                              c:/progra~2/gnuarm~1/102020~1/bin/../lib/gcc/arm-none-eabi/10.2.1/../../../../arm-none-eabi/lib/thumb/v6-m/nofp\libg.a(lib_a-sbrkr.o) (errno)

Discarded input sections

 .text          0x00000000        0x0 c:/progra~2/gnuarm~1/102020~1/bin/../lib/gcc/arm-none-eabi/10.2.1/thumb/v6-m/nofp/crti.o
 .data          0x00000000        0x0 c:/progra~2/gnuarm~1/102020~1/bin/../lib/gcc/arm-none-eabi/10.2.1/thumb/v6-m/nofp/crti.o
 .bss           0x00000000        0x0 c:/progra~2/gnuarm~1/102020~1/bin/../lib/gcc/arm-none-eabi/10.2.1/thumb/v6-m/nofp/crti.o
 .data          0x00000000        0x4 c:/progra~2/gnuarm~1/102020~1/bin/../lib/gcc/arm-none-eabi/10.2.1/thumb/v6-m/nofp/crtbegin.o
[...]
Memory Configuration

Name             Origin             Length             Attributes
FLASH            0x10000000         0x00200000         xr
RAM              0x20000000         0x00040000         xrw
SCRATCH_X        0x20040000         0x00001000         xrw
SCRATCH_Y        0x20041000         0x00001000         xrw
*default*        0x00000000         0xffffffff

Linker script and memory map

LOAD c:/progra~2/gnuarm~1/102020~1/bin/../lib/gcc/arm-none-eabi/10.2.1/thumb/v6-m/nofp/crti.o
LOAD c:/progra~2/gnuarm~1/102020~1/bin/../lib/gcc/arm-none-eabi/10.2.1/thumb/v6-m/nofp/crtbegin.o
LOAD c:/progra~2/gnuarm~1/102020~1/bin/../lib/gcc/arm-none-eabi/10.2.1/../../../../arm-none-eabi/lib/thumb/v6-m/nofp/crt0.o

.flash_begin    0x10000000        0x0
                0x10000000                __flash_binary_start = .

.boot2          0x10000000      0x100
                0x10000000                __boot2_start__ = .
 *(.boot2)
 .boot2         0x10000000      0x100 C:\Users\ALFONS~1\AppData\Local\Temp\ccQEJPZU.o
                0x10000100                __boot2_end__ = .
                0x00000001                ASSERT (((__boot2_end__ - __boot2_start__) == 0x100), ERROR: Pico second stage bootloader must be 256 bytes in size)

.text           0x10000100     0x7520
                0x10000100                __logical_binary_start = .
 *(.vectors)
 .vectors       0x10000100       0xd4 CMakeFiles/fnirs_ddc_pio_shk.dir/C_/Users/Alfonso_Samuel/Documents/pico/pico-sdk/src/rp2_common/pico_standard_link/crt0.S.obj
                0x10000100                __VECTOR_TABLE
                0x10000100                __vectors
                0x100001c0                isr_invalid
                0x100001c0                __default_isrs_start
                0x100001c2                isr_nmi
                0x100001c4                isr_hardfault
                0x100001c6                isr_svcall
                0x100001c8                isr_pendsv
                0x100001ca                isr_systick
                0x100001cc                isr_irq23
                0x100001cc                isr_irq18
                0x100001cc                isr_irq11
                0x100001cc                isr_irq28
                0x100001cc                isr_irq19
                0x100001cc                isr_irq0
                0x100001cc                isr_irq6
                0x100001cc                isr_irq5
                0x100001cc                isr_irq12
                0x100001cc                isr_irq22
                0x100001cc                isr_irq31
                0x100001cc                isr_irq17
                0x100001cc                isr_irq27
                0x100001cc                isr_irq30
                0x100001cc                isr_irq2
                0x100001cc                isr_irq10
                0x100001cc                isr_irq8
                0x100001cc                isr_irq24
                0x100001cc                isr_irq1
                0x100001cc                isr_irq7
                0x100001cc                isr_irq21
                0x100001cc                isr_irq20
                0x100001cc                isr_irq15
                0x100001cc                isr_irq25
                0x100001cc                isr_irq13
                0x100001cc                __unhandled_user_irq
                0x100001cc                isr_irq4
                0x100001cc                isr_irq16
                0x100001cc                isr_irq29
                0x100001cc                isr_irq26
                0x100001cc                __default_isrs_end
                0x100001cc                isr_irq3
                0x100001cc                isr_irq14
                0x100001cc                isr_irq9
                0x100001d2                unhandled_user_irq_num_in_r0
 *(.binary_info_header)
 .binary_info_header
                0x100001d4       0x14 CMakeFiles/fnirs_ddc_pio_shk.dir/C_/Users/Alfonso_Samuel/Documents/pico/pico-sdk/src/rp2_common/pico_standard_link/crt0.S.obj
                0x100001e8                __binary_info_header_end = .
 *(.reset)
 .reset         0x100001e8       0xa8 CMakeFiles/fnirs_ddc_pio_shk.dir/C_/Users/Alfonso_Samuel/Documents/pico/pico-sdk/src/rp2_common/pico_standard_link/crt0.S.obj
                0x100001e8                _entry_point
                0x10000266                __get_current_exception
 .reset         0x10000290       0x30 CMakeFiles/fnirs_ddc_pio_shk.dir/C_/Users/Alfonso_Samuel/Documents/pico/pico-sdk/src/rp2_common/pico_standard_link/binary_info.c.obj
 *(.init)
 .init          0x100002c0        0x4 c:/progra~2/gnuarm~1/102020~1/bin/../lib/gcc/arm-none-eabi/10.2.1/thumb/v6-m/nofp/crti.o
                0x100002c0                _init
 *(EXCLUDE_FILE(*libm.a: *libc.a:*lib_a-mem*.o *libgcc.a:) .text*)
 .text          0x100002c4       0x48 c:/progra~2/gnuarm~1/102020~1/bin/../lib/gcc/arm-none-eabi/10.2.1/thumb/v6-m/nofp/crtbegin.o
 .text.pio_get_default_sm_config
                0x1000030c       0x28 CMakeFiles/fnirs_ddc_pio_shk.dir/fnirs_ddc_pio_shk.c.obj
 .text.clockActive
                0x10000334       0x1a CMakeFiles/fnirs_ddc_pio_shk.dir/fnirs_ddc_pio_shk.c.obj
                0x10000334                clockActive
 .text.allPinLow
                0x1000034e       0x6e CMakeFiles/fnirs_ddc_pio_shk.dir/fnirs_ddc_pio_shk.c.obj
                0x1000034e                allPinLow
 .text.resetProgram
                0x100003bc       0x22 CMakeFiles/fnirs_ddc_pio_shk.dir/fnirs_ddc_pio_shk.c.obj
                0x100003bc                resetProgram
 .text.setDirection
                0x100003de       0x22 CMakeFiles/fnirs_ddc_pio_shk.dir/fnirs_ddc_pio_shk.c.obj
                0x100003de                setDirection
 .text.calculateValue
                0x10000400       0xa0 CMakeFiles/fnirs_ddc_pio_shk.dir/fnirs_ddc_pio_shk.c.obj
                0x10000400                calculateValue
 .text.main     0x100004a0      0x1d0 CMakeFiles/fnirs_ddc_pio_shk.dir/fnirs_ddc_pio_shk.c.obj
                0x100004a0                main
 .text.gpio_set_function
                0x10000670       0x30 CMakeFiles/fnirs_ddc_pio_shk.dir/C_/Users/Alfonso_Samuel/Documents/pico/pico-sdk/src/rp2_common/hardware_gpio/gpio.c.obj
                0x10000670                gpio_set_function
 .text.gpio_set_outover
                0x100006a0       0x24 CMakeFiles/fnirs_ddc_pio_shk.dir/C_/Users/Alfonso_Samuel/Documents/pico/pico-sdk/src/rp2_common/hardware_gpio/gpio.c.obj
                0x100006a0                gpio_set_outover
 .text.gpio_init
                0x100006c4       0x16 CMakeFiles/fnirs_ddc_pio_shk.dir/C_/Users/Alfonso_Samuel/Documents/pico/pico-sdk/src/rp2_common/hardware_gpio/gpio.c.obj
                0x100006c4                gpio_init
 *fill*         0x100006da        0x2 
 .text.hw_claim_lock
                0x100006dc       0x18 CMakeFiles/fnirs_ddc_pio_shk.dir/C_/Users/Alfonso_Samuel/Documents/pico/pico-sdk/src/rp2_common/hardware_claim/claim.c.obj
                0x100006dc                hw_claim_lock
 .text.hw_claim_unlock
                0x100006f4       0x14 CMakeFiles/fnirs_ddc_pio_shk.dir/C_/Users/Alfonso_Samuel/Documents/pico/pico-sdk/src/rp2_common/hardware_claim/claim.c.obj
                0x100006f4                hw_claim_unlock
 .text.hw_claim_or_assert
                0x10000708       0x32 CMakeFiles/fnirs_ddc_pio_shk.dir/C_/Users/Alfonso_Samuel/Documents/pico/pico-sdk/src/rp2_common/hardware_claim/claim.c.obj
                0x10000708                hw_claim_or_assert
 .text.hw_claim_unused_from_range
                0x1000073a       0x50 CMakeFiles/fnirs_ddc_pio_shk.dir/C_/Users/Alfonso_Samuel/Documents/pico/pico-sdk/src/rp2_common/hardware_claim/claim.c.obj
                0x1000073a                hw_claim_unused_from_range
 *fill*         0x1000078a        0x2 
 .text.running_on_fpga
                0x1000078c       0x14 CMakeFiles/fnirs_ddc_pio_shk.dir/C_/Users/Alfonso_Samuel/Documents/pico/pico-sdk/src/rp2_common/pico_platform/platform.c.obj
                0x1000078c                running_on_fpga
 .text.spin_locks_reset
                0x100007a0       0x20 CMakeFiles/fnirs_ddc_pio_shk.dir/C_/Users/Alfonso_Samuel/Documents/pico/pico-sdk/src/rp2_common/hardware_sync/sync.c.obj
                0x100007a0                spin_locks_reset
 .text.next_striped_spin_lock_num
                0x100007c0       0x1c CMakeFiles/fnirs_ddc_pio_shk.dir/C_/Users/Alfonso_Samuel/Documents/pico/pico-sdk/src/rp2_common/hardware_sync/sync.c.obj
                0x100007c0                next_striped_spin_lock_num
 .text.spin_lock_claim_unused
                0x100007dc       0x20 CMakeFiles/fnirs_ddc_pio_shk.dir/C_/Users/Alfonso_Samuel/Documents/pico/pico-sdk/src/rp2_common/hardware_sync/sync.c.obj
                0x100007dc                spin_lock_claim_unused
 .text.alarm_pool_post_alloc_init
                0x100007fc       0x40 CMakeFiles/fnirs_ddc_pio_shk.dir/C_/Users/Alfonso_Samuel/Documents/pico/pico-sdk/src/common/pico_time/time.c.obj
 .text.sleep_until_callback
                0x1000083c       0x30 CMakeFiles/fnirs_ddc_pio_shk.dir/C_/Users/Alfonso_Samuel/Documents/pico/pico-sdk/src/common/pico_time/time.c.obj
 .text.timer_pool_entry_comparator
                0x1000086c       0x7c CMakeFiles/fnirs_ddc_pio_shk.dir/C_/Users/Alfonso_Samuel/Documents/pico/pico-sdk/src/common/pico_time/time.c.obj
                0x1000086c                timer_pool_entry_comparator
 .text.ph_add_child_node
                0x100008e8       0xa4 CMakeFiles/fnirs_ddc_pio_shk.dir/C_/Users/Alfonso_Samuel/Documents/pico/pico-sdk/src/common/pico_time/time.c.obj
 .text.ph_merge_nodes
                0x1000098c       0x3e CMakeFiles/fnirs_ddc_pio_shk.dir/C_/Users/Alfonso_Samuel/Documents/pico/pico-sdk/src/common/pico_time/time.c.obj
 *fill*         0x100009ca        0x2 
 .text.add_alarm_under_lock
                0x100009cc      0x174 CMakeFiles/fnirs_ddc_pio_shk.dir/C_/Users/Alfonso_Samuel/Documents/pico/pico-sdk/src/common/pico_time/time.c.obj
 .text.alarm_pool_alarm_callback
                0x10000b40      0x328 CMakeFiles/fnirs_ddc_pio_shk.dir/C_/Users/Alfonso_Samuel/Documents/pico/pico-sdk/src/common/pico_time/time.c.obj
 .text.alarm_pool_init_default
                0x10000e68       0x38 CMakeFiles/fnirs_ddc_pio_shk.dir/C_/Users/Alfonso_Samuel/Documents/pico/pico-sdk/src/common/pico_time/time.c.obj
                0x10000e68                alarm_pool_init_default
 .text.alarm_pool_get_default
                0x10000ea0       0x2c CMakeFiles/fnirs_ddc_pio_shk.dir/C_/Users/Alfonso_Samuel/Documents/pico/pico-sdk/src/common/pico_time/time.c.obj
                0x10000ea0                alarm_pool_get_default
 .text.alarm_pool_add_alarm_at
                0x10000ecc      0x170 CMakeFiles/fnirs_ddc_pio_shk.dir/C_/Users/Alfonso_Samuel/Documents/pico/pico-sdk/src/common/pico_time/time.c.obj
                0x10000ecc                alarm_pool_add_alarm_at
 .text.alarm_pool_cancel_alarm
                0x1000103c       0xec CMakeFiles/fnirs_ddc_pio_shk.dir/C_/Users/Alfonso_Samuel/Documents/pico/pico-sdk/src/common/pico_time/time.c.obj
                0x1000103c                alarm_pool_cancel_alarm
 .text.best_effort_wfe_or_timeout
                0x10001128       0x80 CMakeFiles/fnirs_ddc_pio_shk.dir/C_/Users/Alfonso_Samuel/Documents/pico/pico-sdk/src/common/pico_time/time.c.obj
                0x10001128                best_effort_wfe_or_timeout
 .text.hardware_alarm_irq_handler
                0x100011a8       0x8c CMakeFiles/fnirs_ddc_pio_shk.dir/C_/Users/Alfonso_Samuel/Documents/pico/pico-sdk/src/rp2_common/hardware_timer/timer.c.obj
 .text.hardware_alarm_claim
                0x10001234       0x18 CMakeFiles/fnirs_ddc_pio_shk.dir/C_/Users/Alfonso_Samuel/Documents/pico/pico-sdk/src/rp2_common/hardware_timer/timer.c.obj
                0x10001234                hardware_alarm_claim
 .text.time_us_64
                0x1000124c       0x18 CMakeFiles/fnirs_ddc_pio_shk.dir/C_/Users/Alfonso_Samuel/Documents/pico/pico-sdk/src/rp2_common/hardware_timer/timer.c.obj
                0x1000124c                time_us_64
 .text.busy_wait_until
                0x10001264       0x28 CMakeFiles/fnirs_ddc_pio_shk.dir/C_/Users/Alfonso_Samuel/Documents/pico/pico-sdk/src/rp2_common/hardware_timer/timer.c.obj
                0x10001264                busy_wait_until
 .text.busy_wait_us
                0x1000128c       0x48 CMakeFiles/fnirs_ddc_pio_shk.dir/C_/Users/Alfonso_Samuel/Documents/pico/pico-sdk/src/rp2_common/hardware_timer/timer.c.obj
                0x1000128c                busy_wait_us
 .text.busy_wait_us_32
                0x100012d4       0x24 CMakeFiles/fnirs_ddc_pio_shk.dir/C_/Users/Alfonso_Samuel/Documents/pico/pico-sdk/src/rp2_common/hardware_timer/timer.c.obj
                0x100012d4                busy_wait_us_32
 .text.busy_wait_ms
                0x100012f8       0x30 CMakeFiles/fnirs_ddc_pio_shk.dir/C_/Users/Alfonso_Samuel/Documents/pico/pico-sdk/src/rp2_common/hardware_timer/timer.c.obj
                0x100012f8                busy_wait_ms
 .text.hardware_alarm_set_callback
                0x10001328       0x90 CMakeFiles/fnirs_ddc_pio_shk.dir/C_/Users/Alfonso_Samuel/Documents/pico/pico-sdk/src/rp2_common/hardware_timer/timer.c.obj
                0x10001328                hardware_alarm_set_callback
 .text.hardware_alarm_set_target
                0x100013b8       0xe8 CMakeFiles/fnirs_ddc_pio_shk.dir/C_/Users/Alfonso_Samuel/Documents/pico/pico-sdk/src/rp2_common/hardware_timer/timer.c.obj
                0x100013b8                hardware_alarm_set_target
 .text.hardware_alarm_cancel
                0x100014a0       0x40 CMakeFiles/fnirs_ddc_pio_shk.dir/C_/Users/Alfonso_Samuel/Documents/pico/pico-sdk/src/rp2_common/hardware_timer/timer.c.obj
                0x100014a0                hardware_alarm_cancel
 .text.lock_init
                0x100014e0       0x10 CMakeFiles/fnirs_ddc_pio_shk.dir/C_/Users/Alfonso_Samuel/Documents/pico/pico-sdk/src/common/pico_sync/lock_core.c.obj
                0x100014e0                lock_init
 .text.mutex_init_internal
                0x100014f0       0x1e CMakeFiles/fnirs_ddc_pio_shk.dir/C_/Users/Alfonso_Samuel/Documents/pico/pico-sdk/src/common/pico_sync/mutex.c.obj
 .text.mutex_init
                0x1000150e        0xa CMakeFiles/fnirs_ddc_pio_shk.dir/C_/Users/Alfonso_Samuel/Documents/pico/pico-sdk/src/common/pico_sync/mutex.c.obj
                0x1000150e                mutex_init
 .text.recursive_mutex_init
                0x10001518        0xa CMakeFiles/fnirs_ddc_pio_shk.dir/C_/Users/Alfonso_Samuel/Documents/pico/pico-sdk/src/common/pico_sync/mutex.c.obj
                0x10001518                recursive_mutex_init
 *fill*         0x10001522        0x2 
 .text.critical_section_init_with_lock_num
                0x10001524       0x14 CMakeFiles/fnirs_ddc_pio_shk.dir/C_/Users/Alfonso_Samuel/Documents/pico/pico-sdk/src/common/pico_sync/critical_section.c.obj
                0x10001524                critical_section_init_with_lock_num
 .text.critical_section_init
                0x10001538       0x14 CMakeFiles/fnirs_ddc_pio_shk.dir/C_/Users/Alfonso_Samuel/Documents/pico/pico-sdk/src/common/pico_sync/critical_section.c.obj
                0x10001538                critical_section_init
 .text.ph_add_child_node
                0x1000154c       0xa4 CMakeFiles/fnirs_ddc_pio_shk.dir/C_/Users/Alfonso_Samuel/Documents/pico/pico-sdk/src/common/pico_util/pheap.c.obj
 .text.ph_merge_nodes
                0x100015f0       0x3e CMakeFiles/fnirs_ddc_pio_shk.dir/C_/Users/Alfonso_Samuel/Documents/pico/pico-sdk/src/common/pico_util/pheap.c.obj
 *fill*         0x1000162e        0x2 
 .text.ph_clear
                0x10001630       0x70 CMakeFiles/fnirs_ddc_pio_shk.dir/C_/Users/Alfonso_Samuel/Documents/pico/pico-sdk/src/common/pico_util/pheap.c.obj
                0x10001630                ph_clear
 .text.ph_post_alloc_init
                0x100016a0        0xe CMakeFiles/fnirs_ddc_pio_shk.dir/C_/Users/Alfonso_Samuel/Documents/pico/pico-sdk/src/common/pico_util/pheap.c.obj
                0x100016a0                ph_post_alloc_init
 *fill*         0x100016ae        0x2 
 .text.ph_merge_two_pass
                0x100016b0       0xa8 CMakeFiles/fnirs_ddc_pio_shk.dir/C_/Users/Alfonso_Samuel/Documents/pico/pico-sdk/src/common/pico_util/pheap.c.obj
                0x100016b0                ph_merge_two_pass
 .text.ph_remove_any_head
                0x10001758      0x108 CMakeFiles/fnirs_ddc_pio_shk.dir/C_/Users/Alfonso_Samuel/Documents/pico/pico-sdk/src/common/pico_util/pheap.c.obj
 .text.ph_remove_head
                0x10001860       0x14 CMakeFiles/fnirs_ddc_pio_shk.dir/C_/Users/Alfonso_Samuel/Documents/pico/pico-sdk/src/common/pico_util/pheap.c.obj
                0x10001860                ph_remove_head
 .text.ph_remove_and_free_node
                0x10001874       0xf8 CMakeFiles/fnirs_ddc_pio_shk.dir/C_/Users/Alfonso_Samuel/Documents/pico/pico-sdk/src/common/pico_util/pheap.c.obj
                0x10001874                ph_remove_and_free_node
 .text.runtime_init
                0x1000196c       0xd8 CMakeFiles/fnirs_ddc_pio_shk.dir/C_/Users/Alfonso_Samuel/Documents/pico/pico-sdk/src/rp2_common/pico_runtime/runtime.c.obj
                0x1000196c                runtime_init
 .text._exit    0x10001a44        0x4 CMakeFiles/fnirs_ddc_pio_shk.dir/C_/Users/Alfonso_Samuel/Documents/pico/pico-sdk/src/rp2_common/pico_runtime/runtime.c.obj
                0x10001a44                _exit
 .text.exit     0x10001a48        0x6 CMakeFiles/fnirs_ddc_pio_shk.dir/C_/Users/Alfonso_Samuel/Documents/pico/pico-sdk/src/rp2_common/pico_runtime/runtime.c.obj
                0x10001a48                exit
 *fill*         0x10001a4e        0x2 
 .text.__assert_func
                0x10001a50       0x3c CMakeFiles/fnirs_ddc_pio_shk.dir/C_/Users/Alfonso_Samuel/Documents/pico/pico-sdk/src/rp2_common/pico_runtime/runtime.c.obj
                0x10001a50                __assert_func
 .text.panic    0x10001a8c       0x30 CMakeFiles/fnirs_ddc_pio_shk.dir/C_/Users/Alfonso_Samuel/Documents/pico/pico-sdk/src/rp2_common/pico_runtime/runtime.c.obj
                0x10001a8c                panic
 .text.clock_configure
                0x10001abc      0x104 CMakeFiles/fnirs_ddc_pio_shk.dir/C_/Users/Alfonso_Samuel/Documents/pico/pico-sdk/src/rp2_common/hardware_clocks/clocks.c.obj
                0x10001abc                clock_configure
 .text.clocks_init
                0x10001bc0      0x100 CMakeFiles/fnirs_ddc_pio_shk.dir/C_/Users/Alfonso_Samuel/Documents/pico/pico-sdk/src/rp2_common/hardware_clocks/clocks.c.obj
                0x10001bc0                clocks_init
 .text.clock_gpio_init
                0x10001cc0       0x4c CMakeFiles/fnirs_ddc_pio_shk.dir/C_/Users/Alfonso_Samuel/Documents/pico/pico-sdk/src/rp2_common/hardware_clocks/clocks.c.obj
                0x10001cc0                clock_gpio_init
 .text.set_raw_irq_handler_and_unlock
                0x10001d0c       0x28 CMakeFiles/fnirs_ddc_pio_shk.dir/C_/Users/Alfonso_Samuel/Documents/pico/pico-sdk/src/rp2_common/hardware_irq/irq.c.obj
 .text.make_branch
                0x10001d34       0x34 CMakeFiles/fnirs_ddc_pio_shk.dir/C_/Users/Alfonso_Samuel/Documents/pico/pico-sdk/src/rp2_common/hardware_irq/irq.c.obj
 .text.insert_branch_and_link
                0x10001d68       0x40 CMakeFiles/fnirs_ddc_pio_shk.dir/C_/Users/Alfonso_Samuel/Documents/pico/pico-sdk/src/rp2_common/hardware_irq/irq.c.obj
 .text.irq_is_enabled
                0x10001da8       0x18 CMakeFiles/fnirs_ddc_pio_shk.dir/C_/Users/Alfonso_Samuel/Documents/pico/pico-sdk/src/rp2_common/hardware_irq/irq.c.obj
                0x10001da8                irq_is_enabled
 .text.irq_set_mask_enabled
                0x10001dc0       0x20 CMakeFiles/fnirs_ddc_pio_shk.dir/C_/Users/Alfonso_Samuel/Documents/pico/pico-sdk/src/rp2_common/hardware_irq/irq.c.obj
                0x10001dc0                irq_set_mask_enabled
 .text.irq_set_enabled
                0x10001de0        0xe CMakeFiles/fnirs_ddc_pio_shk.dir/C_/Users/Alfonso_Samuel/Documents/pico/pico-sdk/src/rp2_common/hardware_irq/irq.c.obj
                0x10001de0                irq_set_enabled
 *fill*         0x10001dee        0x2 
 .text.irq_set_pending
                0x10001df0       0x10 CMakeFiles/fnirs_ddc_pio_shk.dir/C_/Users/Alfonso_Samuel/Documents/pico/pico-sdk/src/rp2_common/hardware_irq/irq.c.obj
                0x10001df0                irq_set_pending
 .text.irq_get_vtable_handler
                0x10001e00       0x10 CMakeFiles/fnirs_ddc_pio_shk.dir/C_/Users/Alfonso_Samuel/Documents/pico/pico-sdk/src/rp2_common/hardware_irq/irq.c.obj
                0x10001e00                irq_get_vtable_handler
 .text.irq_set_exclusive_handler
                0x10001e10       0x54 CMakeFiles/fnirs_ddc_pio_shk.dir/C_/Users/Alfonso_Samuel/Documents/pico/pico-sdk/src/rp2_common/hardware_irq/irq.c.obj
                0x10001e10                irq_set_exclusive_handler
 .text.irq_remove_handler
                0x10001e64      0x1ac CMakeFiles/fnirs_ddc_pio_shk.dir/C_/Users/Alfonso_Samuel/Documents/pico/pico-sdk/src/rp2_common/hardware_irq/irq.c.obj
                0x10001e64                irq_remove_handler
 .text.irq_set_priority
                0x10002010       0x28 CMakeFiles/fnirs_ddc_pio_shk.dir/C_/Users/Alfonso_Samuel/Documents/pico/pico-sdk/src/rp2_common/hardware_irq/irq.c.obj
                0x10002010                irq_set_priority
 .text.irq_add_tail_to_free_list
                0x10002038       0xf0 CMakeFiles/fnirs_ddc_pio_shk.dir/C_/Users/Alfonso_Samuel/Documents/pico/pico-sdk/src/rp2_common/hardware_irq/irq.c.obj
                0x10002038                irq_add_tail_to_free_list
 .text.irq_init_priorities
                0x10002128       0x16 CMakeFiles/fnirs_ddc_pio_shk.dir/C_/Users/Alfonso_Samuel/Documents/pico/pico-sdk/src/rp2_common/hardware_irq/irq.c.obj
                0x10002128                irq_init_priorities
 *fill*         0x1000213e        0x2 
 .text.pll_init
                0x10002140      0x118 CMakeFiles/fnirs_ddc_pio_shk.dir/C_/Users/Alfonso_Samuel/Documents/pico/pico-sdk/src/rp2_common/hardware_pll/pll.c.obj
                0x10002140                pll_init
 .text.watchdog_start_tick
                0x10002258       0x10 CMakeFiles/fnirs_ddc_pio_shk.dir/C_/Users/Alfonso_Samuel/Documents/pico/pico-sdk/src/rp2_common/hardware_watchdog/watchdog.c.obj
                0x10002258                watchdog_start_tick
 .text.watchdog_update
                0x10002268       0x14 CMakeFiles/fnirs_ddc_pio_shk.dir/C_/Users/Alfonso_Samuel/Documents/pico/pico-sdk/src/rp2_common/hardware_watchdog/watchdog.c.obj
                0x10002268                watchdog_update
 .text._watchdog_enable
                0x1000227c       0x70 CMakeFiles/fnirs_ddc_pio_shk.dir/C_/Users/Alfonso_Samuel/Documents/pico/pico-sdk/src/rp2_common/hardware_watchdog/watchdog.c.obj
                0x1000227c                _watchdog_enable
 .text.watchdog_reboot
                0x100022ec       0x48 CMakeFiles/fnirs_ddc_pio_shk.dir/C_/Users/Alfonso_Samuel/Documents/pico/pico-sdk/src/rp2_common/hardware_watchdog/watchdog.c.obj
                0x100022ec                watchdog_reboot
 .text.xosc_init
                0x10002334       0x28 CMakeFiles/fnirs_ddc_pio_shk.dir/C_/Users/Alfonso_Samuel/Documents/pico/pico-sdk/src/rp2_common/hardware_xosc/xosc.c.obj
                0x10002334                xosc_init
 .text._out_null
                0x1000235c        0x2 CMakeFiles/fnirs_ddc_pio_shk.dir/C_/Users/Alfonso_Samuel/Documents/pico/pico-sdk/src/rp2_common/pico_printf/printf.c.obj
 .text._out_fct
                0x1000235e        0xe CMakeFiles/fnirs_ddc_pio_shk.dir/C_/Users/Alfonso_Samuel/Documents/pico/pico-sdk/src/rp2_common/pico_printf/printf.c.obj
 .text._atoi    0x1000236c       0x24 CMakeFiles/fnirs_ddc_pio_shk.dir/C_/Users/Alfonso_Samuel/Documents/pico/pico-sdk/src/rp2_common/pico_printf/printf.c.obj
 .text._out_rev
                0x10002390       0xae CMakeFiles/fnirs_ddc_pio_shk.dir/C_/Users/Alfonso_Samuel/Documents/pico/pico-sdk/src/rp2_common/pico_printf/printf.c.obj
 .text._ntoa_format
                0x1000243e      0x112 CMakeFiles/fnirs_ddc_pio_shk.dir/C_/Users/Alfonso_Samuel/Documents/pico/pico-sdk/src/rp2_common/pico_printf/printf.c.obj
 .text._ntoa_long
                0x10002550       0xbc CMakeFiles/fnirs_ddc_pio_shk.dir/C_/Users/Alfonso_Samuel/Documents/pico/pico-sdk/src/rp2_common/pico_printf/printf.c.obj
 .text._ntoa_long_long
                0x1000260c       0xe2 CMakeFiles/fnirs_ddc_pio_shk.dir/C_/Users/Alfonso_Samuel/Documents/pico/pico-sdk/src/rp2_common/pico_printf/printf.c.obj
 *fill*         0x100026ee        0x2 
 .text._etoa    0x100026f0      0x414 CMakeFiles/fnirs_ddc_pio_shk.dir/C_/Users/Alfonso_Samuel/Documents/pico/pico-sdk/src/rp2_common/pico_printf/printf.c.obj
 .text._ftoa    0x10002b04      0x354 CMakeFiles/fnirs_ddc_pio_shk.dir/C_/Users/Alfonso_Samuel/Documents/pico/pico-sdk/src/rp2_common/pico_printf/printf.c.obj
 .text._vsnprintf
                0x10002e58      0x624 CMakeFiles/fnirs_ddc_pio_shk.dir/C_/Users/Alfonso_Samuel/Documents/pico/pico-sdk/src/rp2_common/pico_printf/printf.c.obj
 .text.vfctprintf
                0x1000347c       0x20 CMakeFiles/fnirs_ddc_pio_shk.dir/C_/Users/Alfonso_Samuel/Documents/pico/pico-sdk/src/rp2_common/pico_printf/printf.c.obj
                0x1000347c                vfctprintf
 .text          0x1000349c       0x10 CMakeFiles/fnirs_ddc_pio_shk.dir/C_/Users/Alfonso_Samuel/Documents/pico/pico-sdk/src/rp2_common/pico_bit_ops/bit_ops_aeabi.S.obj
 .text.ctzsi    0x100034ac        0xc CMakeFiles/fnirs_ddc_pio_shk.dir/C_/Users/Alfonso_Samuel/Documents/pico/pico-sdk/src/rp2_common/pico_bit_ops/bit_ops_aeabi.S.obj
                0x100034ac                __wrap___ctzsi2
 .text.rom_func_lookup
                0x100034b8       0x10 CMakeFiles/fnirs_ddc_pio_shk.dir/C_/Users/Alfonso_Samuel/Documents/pico/pico-sdk/src/rp2_common/pico_bootrom/bootrom.c.obj
                0x100034b8                rom_func_lookup
 .text.rom_data_lookup
                0x100034c8       0x10 CMakeFiles/fnirs_ddc_pio_shk.dir/C_/Users/Alfonso_Samuel/Documents/pico/pico-sdk/src/rp2_common/pico_bootrom/bootrom.c.obj
                0x100034c8                rom_data_lookup
 .text.rom_funcs_lookup
                0x100034d8       0x36 CMakeFiles/fnirs_ddc_pio_shk.dir/C_/Users/Alfonso_Samuel/Documents/pico/pico-sdk/src/rp2_common/pico_bootrom/bootrom.c.obj
                0x100034d8                rom_funcs_lookup
 *fill*         0x1000350e        0x2 
 .text.__wrap___aeabi_idiv
                0x10003510       0x50 CMakeFiles/fnirs_ddc_pio_shk.dir/C_/Users/Alfonso_Samuel/Documents/pico/pico-sdk/src/rp2_common/pico_divider/divider.S.obj
                0x10003510                __wrap___aeabi_idivmod
                0x10003510                divmod_s32s32
                0x10003510                div_s32s32
                0x10003510                __wrap___aeabi_idiv
                0x10003518                divmod_s32s32_unsafe
                0x10003544                divmod_s32s32_savestate
 .text.__wrap___aeabi_uidiv
                0x10003560       0x4c CMakeFiles/fnirs_ddc_pio_shk.dir/C_/Users/Alfonso_Samuel/Documents/pico/pico-sdk/src/rp2_common/pico_divider/divider.S.obj
                0x10003560                __wrap___aeabi_uidiv
                0x10003560                __wrap___aeabi_uidivmod
                0x10003560                div_u32u32
                0x10003560                divmod_u32u32
                0x10003568                divmod_u32u32_unsafe
                0x10003590                divmod_u32u32_savestate
 .text.__wrap___aeabi_ldiv
                0x100035ac      0x430 CMakeFiles/fnirs_ddc_pio_shk.dir/C_/Users/Alfonso_Samuel/Documents/pico/pico-sdk/src/rp2_common/pico_divider/divider.S.obj
                0x100035ac                div_s64s64
                0x100035ac                divmod_s64s64
                0x100035ac                __wrap___aeabi_ldivmod
                0x100035e4                divmod_u64u64
                0x100035e4                div_u64u64
                0x100035e4                __wrap___aeabi_uldivmod
                0x100035f4                divmod_u64u64_savestate
                0x1000361c                divmod_s64s64_unsafe
                0x100036a4                divmod_u64u64_unsafe
 .text.__wrap___aeabi_darithmetic
                0x100039dc       0x80 CMakeFiles/fnirs_ddc_pio_shk.dir/C_/Users/Alfonso_Samuel/Documents/pico/pico-sdk/src/rp2_common/pico_double/double_aeabi.S.obj
                0x100039dc                __wrap___aeabi_drsub
                0x100039e2                __wrap___aeabi_dsub
                0x100039f4                __wrap___aeabi_dadd
                0x10003a06                __wrap___aeabi_ddiv
                0x10003a42                __wrap___aeabi_dmul
 .text.__wrap___aeabi_cdcmple
                0x10003a5c       0x6c CMakeFiles/fnirs_ddc_pio_shk.dir/C_/Users/Alfonso_Samuel/Documents/pico/pico-sdk/src/rp2_common/pico_double/double_aeabi.S.obj
                0x10003a5c                __wrap___aeabi_cdrcmple
                0x10003a6c                __wrap___aeabi_cdcmpeq
                0x10003a6c                __wrap___aeabi_cdcmple
 .text.__wrap___aeabi_dcmplt
                0x10003ac8        0xc CMakeFiles/fnirs_ddc_pio_shk.dir/C_/Users/Alfonso_Samuel/Documents/pico/pico-sdk/src/rp2_common/pico_double/double_aeabi.S.obj
                0x10003ac8                __wrap___aeabi_dcmplt
 .text.__wrap___aeabi_dcmple
                0x10003ad4       0x10 CMakeFiles/fnirs_ddc_pio_shk.dir/C_/Users/Alfonso_Samuel/Documents/pico/pico-sdk/src/rp2_common/pico_double/double_aeabi.S.obj
                0x10003ad4                __wrap___aeabi_dcmple
 .text.__wrap___aeabi_dcmpge
                0x10003ae4       0x10 CMakeFiles/fnirs_ddc_pio_shk.dir/C_/Users/Alfonso_Samuel/Documents/pico/pico-sdk/src/rp2_common/pico_double/double_aeabi.S.obj
                0x10003ae4                __wrap___aeabi_dcmpge
 .text.__wrap___aeabi_dcmpgt
                0x10003af4        0xa CMakeFiles/fnirs_ddc_pio_shk.dir/C_/Users/Alfonso_Samuel/Documents/pico/pico-sdk/src/rp2_common/pico_double/double_aeabi.S.obj
                0x10003af4                __wrap___aeabi_dcmpgt
 .text.__wrap___aeabi_dcmpun
                0x10003afe       0x1c CMakeFiles/fnirs_ddc_pio_shk.dir/C_/Users/Alfonso_Samuel/Documents/pico/pico-sdk/src/rp2_common/pico_double/double_aeabi.S.obj
                0x10003afe                __wrap___aeabi_dcmpun
 *fill*         0x10003b1a        0x2 
 .text.__wrap___aeabi_i2d
                0x10003b1c       0x38 CMakeFiles/fnirs_ddc_pio_shk.dir/C_/Users/Alfonso_Samuel/Documents/pico/pico-sdk/src/rp2_common/pico_double/double_aeabi.S.obj
                0x10003b1c                __wrap___aeabi_ui2d
                0x10003b24                __wrap___aeabi_i2d
 .text.__wrap___aeabi_d2iz
                0x10003b54       0x48 CMakeFiles/fnirs_ddc_pio_shk.dir/C_/Users/Alfonso_Samuel/Documents/pico/pico-sdk/src/rp2_common/pico_double/double_aeabi.S.obj
                0x10003b54                double2int_z
                0x10003b54                __wrap___aeabi_d2iz
 .text.__wrap___aeabi_d2uiz
                0x10003b9c       0x18 CMakeFiles/fnirs_ddc_pio_shk.dir/C_/Users/Alfonso_Samuel/Documents/pico/pico-sdk/src/rp2_common/pico_double/double_aeabi.S.obj
                0x10003b9c                __wrap___aeabi_d2uiz
                0x10003b9c                double2uint
 .text.__aeabi_double_init
                0x10003bb4       0xb8 CMakeFiles/fnirs_ddc_pio_shk.dir/C_/Users/Alfonso_Samuel/Documents/pico/pico-sdk/src/rp2_common/pico_double/double_init_rom.c.obj
                0x10003bb4                __aeabi_double_init
 .text.double_table_shim_on_use_helper
                0x10003c6c       0x34 CMakeFiles/fnirs_ddc_pio_shk.dir/C_/Users/Alfonso_Samuel/Documents/pico/pico-sdk/src/rp2_common/pico_double/double_v1_rom_shim.S.obj
                0x10003c6c                double_table_shim_on_use_helper
 .text.__wrap___aeabi_dsub
                0x10003ca0       0x10 CMakeFiles/fnirs_ddc_pio_shk.dir/C_/Users/Alfonso_Samuel/Documents/pico/pico-sdk/src/rp2_common/pico_double/double_v1_rom_shim.S.obj
                0x10003ca0                drsub_shim
                0x10003ca6                dsub_shim
 .text.dadd_shim
                0x10003cb0      0x15c CMakeFiles/fnirs_ddc_pio_shk.dir/C_/Users/Alfonso_Samuel/Documents/pico/pico-sdk/src/rp2_common/pico_double/double_v1_rom_shim.S.obj
                0x10003cb0                dadd_shim
 .text.dmul_shim
                0x10003e0c      0x15c CMakeFiles/fnirs_ddc_pio_shk.dir/C_/Users/Alfonso_Samuel/Documents/pico/pico-sdk/src/rp2_common/pico_double/double_v1_rom_shim.S.obj
                0x10003e0c                dmul_shim
 .text.ddiv_shim
                0x10003f68      0x1b0 CMakeFiles/fnirs_ddc_pio_shk.dir/C_/Users/Alfonso_Samuel/Documents/pico/pico-sdk/src/rp2_common/pico_double/double_v1_rom_shim.S.obj
                0x10003f68                ddiv_shim
 .text.dcordic_rot_step
                0x10004118       0x7c CMakeFiles/fnirs_ddc_pio_shk.dir/C_/Users/Alfonso_Samuel/Documents/pico/pico-sdk/src/rp2_common/pico_double/double_v1_rom_shim.S.obj
                0x10004118                dcordic_rot_step
 .text.double2uint_shim
                0x10004194        0xe CMakeFiles/fnirs_ddc_pio_shk.dir/C_/Users/Alfonso_Samuel/Documents/pico/pico-sdk/src/rp2_common/pico_double/double_v1_rom_shim.S.obj
                0x10004194                double2uint_shim
                0x10004196                double2ufix_shim
 *fill*         0x100041a2        0x2 
 .text.double2uint64_shim
                0x100041a4       0x6c CMakeFiles/fnirs_ddc_pio_shk.dir/C_/Users/Alfonso_Samuel/Documents/pico/pico-sdk/src/rp2_common/pico_double/double_v1_rom_shim.S.obj
                0x100041a4                double2uint64_shim
                0x100041a6                double2ufix64_shim
                0x100041c0                d2fix_a
 .text.dunpacks
                0x10004210       0x3c CMakeFiles/fnirs_ddc_pio_shk.dir/C_/Users/Alfonso_Samuel/Documents/pico/pico-sdk/src/rp2_common/pico_double/double_v1_rom_shim.S.obj
                0x10004210                dunpacks
 .text.__aeabi_lmul
                0x1000424c       0x32 CMakeFiles/fnirs_ddc_pio_shk.dir/C_/Users/Alfonso_Samuel/Documents/pico/pico-sdk/src/rp2_common/pico_int64_ops/pico_int64_ops_aeabi.S.obj
                0x1000424c                __wrap___aeabi_lmul
 *fill*         0x1000427e        0x2 
 .text.__aeabi_float_init
                0x10004280       0xfc CMakeFiles/fnirs_ddc_pio_shk.dir/C_/Users/Alfonso_Samuel/Documents/pico/pico-sdk/src/rp2_common/pico_float/float_init_rom.c.obj
                0x10004280                __aeabi_float_init
 .text.float_table_shim_on_use_helper
                0x1000437c       0x34 CMakeFiles/fnirs_ddc_pio_shk.dir/C_/Users/Alfonso_Samuel/Documents/pico/pico-sdk/src/rp2_common/pico_float/float_v1_rom_shim.S.obj
                0x1000437c                float_table_shim_on_use_helper
 .text          0x100043b0       0x10 CMakeFiles/fnirs_ddc_pio_shk.dir/C_/Users/Alfonso_Samuel/Documents/pico/pico-sdk/src/rp2_common/pico_mem_ops/mem_ops_aeabi.S.obj
                0x100043b0                __aeabi_mem_init
 .text.memset   0x100043c0        0xc CMakeFiles/fnirs_ddc_pio_shk.dir/C_/Users/Alfonso_Samuel/Documents/pico/pico-sdk/src/rp2_common/pico_mem_ops/mem_ops_aeabi.S.obj
                0x100043c0                __wrap_memset
 .text.memcpy   0x100043cc        0xc CMakeFiles/fnirs_ddc_pio_shk.dir/C_/Users/Alfonso_Samuel/Documents/pico/pico-sdk/src/rp2_common/pico_mem_ops/mem_ops_aeabi.S.obj
                0x100043cc                __wrap_memcpy
                0x100043cc                __wrap___aeabi_memcpy
 .text.stdio_out_chars_crlf
                0x100043d8       0x80 CMakeFiles/fnirs_ddc_pio_shk.dir/C_/Users/Alfonso_Samuel/Documents/pico/pico-sdk/src/rp2_common/pico_stdio/stdio.c.obj
 .text.stdio_stack_buffer_flush
                0x10004458       0x44 CMakeFiles/fnirs_ddc_pio_shk.dir/C_/Users/Alfonso_Samuel/Documents/pico/pico-sdk/src/rp2_common/pico_stdio/stdio.c.obj
 .text.stdio_buffered_printer
                0x1000449c       0x20 CMakeFiles/fnirs_ddc_pio_shk.dir/C_/Users/Alfonso_Samuel/Documents/pico/pico-sdk/src/rp2_common/pico_stdio/stdio.c.obj
 .text.stdout_serialize_begin
                0x100044bc       0x30 CMakeFiles/fnirs_ddc_pio_shk.dir/C_/Users/Alfonso_Samuel/Documents/pico/pico-sdk/src/rp2_common/pico_stdio/stdio.c.obj
                0x100044bc                stdout_serialize_begin
 .text.stdout_serialize_end
                0x100044ec       0x10 CMakeFiles/fnirs_ddc_pio_shk.dir/C_/Users/Alfonso_Samuel/Documents/pico/pico-sdk/src/rp2_common/pico_stdio/stdio.c.obj
                0x100044ec                stdout_serialize_end
 .text.stdio_put_string
                0x100044fc       0x84 CMakeFiles/fnirs_ddc_pio_shk.dir/C_/Users/Alfonso_Samuel/Documents/pico/pico-sdk/src/rp2_common/pico_stdio/stdio.c.obj
 .text.stdio_set_driver_enabled
                0x10004580       0x38 CMakeFiles/fnirs_ddc_pio_shk.dir/C_/Users/Alfonso_Samuel/Documents/pico/pico-sdk/src/rp2_common/pico_stdio/stdio.c.obj
                0x10004580                stdio_set_driver_enabled
 .text.stdio_flush
                0x100045b8       0x20 CMakeFiles/fnirs_ddc_pio_shk.dir/C_/Users/Alfonso_Samuel/Documents/pico/pico-sdk/src/rp2_common/pico_stdio/stdio.c.obj
                0x100045b8                stdio_flush
 .text.__wrap_puts
                0x100045d8       0x1c CMakeFiles/fnirs_ddc_pio_shk.dir/C_/Users/Alfonso_Samuel/Documents/pico/pico-sdk/src/rp2_common/pico_stdio/stdio.c.obj
                0x100045d8                __wrap_puts
 .text.__wrap_vprintf
                0x100045f4       0x44 CMakeFiles/fnirs_ddc_pio_shk.dir/C_/Users/Alfonso_Samuel/Documents/pico/pico-sdk/src/rp2_common/pico_stdio/stdio.c.obj
                0x100045f4                __wrap_vprintf
 .text.__wrap_printf
                0x10004638       0x18 CMakeFiles/fnirs_ddc_pio_shk.dir/C_/Users/Alfonso_Samuel/Documents/pico/pico-sdk/src/rp2_common/pico_stdio/stdio.c.obj
                0x10004638                __wrap_printf
 .text.stdio_init_all
                0x10004650        0x8 CMakeFiles/fnirs_ddc_pio_shk.dir/C_/Users/Alfonso_Samuel/Documents/pico/pico-sdk/src/rp2_common/pico_stdio/stdio.c.obj
                0x10004650                stdio_init_all
 .text.resetd_init
                0x10004658        0x2 CMakeFiles/fnirs_ddc_pio_shk.dir/C_/Users/Alfonso_Samuel/Documents/pico/pico-sdk/src/rp2_common/pico_stdio_usb/reset_interface.c.obj
 *fill*         0x1000465a        0x2 
 .text.resetd_reset
                0x1000465c        0xc CMakeFiles/fnirs_ddc_pio_shk.dir/C_/Users/Alfonso_Samuel/Documents/pico/pico-sdk/src/rp2_common/pico_stdio_usb/reset_interface.c.obj
 .text.resetd_open
                0x10004668       0x34 CMakeFiles/fnirs_ddc_pio_shk.dir/C_/Users/Alfonso_Samuel/Documents/pico/pico-sdk/src/rp2_common/pico_stdio_usb/reset_interface.c.obj
 .text.resetd_xfer_cb
                0x1000469c        0x4 CMakeFiles/fnirs_ddc_pio_shk.dir/C_/Users/Alfonso_Samuel/Documents/pico/pico-sdk/src/rp2_common/pico_stdio_usb/reset_interface.c.obj
 .text.reset_usb_boot
                0x100046a0       0x18 CMakeFiles/fnirs_ddc_pio_shk.dir/C_/Users/Alfonso_Samuel/Documents/pico/pico-sdk/src/rp2_common/pico_stdio_usb/reset_interface.c.obj
 .text.resetd_control_xfer_cb
                0x100046b8       0x5c CMakeFiles/fnirs_ddc_pio_shk.dir/C_/Users/Alfonso_Samuel/Documents/pico/pico-sdk/src/rp2_common/pico_stdio_usb/reset_interface.c.obj
 .text.usbd_app_driver_get_cb
                0x10004714        0xc CMakeFiles/fnirs_ddc_pio_shk.dir/C_/Users/Alfonso_Samuel/Documents/pico/pico-sdk/src/rp2_common/pico_stdio_usb/reset_interface.c.obj
                0x10004714                usbd_app_driver_get_cb
 .text.tud_cdc_line_coding_cb
                0x10004720       0x28 CMakeFiles/fnirs_ddc_pio_shk.dir/C_/Users/Alfonso_Samuel/Documents/pico/pico-sdk/src/rp2_common/pico_stdio_usb/reset_interface.c.obj
                0x10004720                tud_cdc_line_coding_cb
 .text.stdio_usb_in_chars
                0x10004748       0x70 CMakeFiles/fnirs_ddc_pio_shk.dir/C_/Users/Alfonso_Samuel/Documents/pico/pico-sdk/src/rp2_common/pico_stdio_usb/stdio_usb.c.obj
                0x10004748                stdio_usb_in_chars
 .text.low_priority_worker_irq
                0x100047b8       0x20 CMakeFiles/fnirs_ddc_pio_shk.dir/C_/Users/Alfonso_Samuel/Documents/pico/pico-sdk/src/rp2_common/pico_stdio_usb/stdio_usb.c.obj
 .text.stdio_usb_out_chars
                0x100047d8       0xd4 CMakeFiles/fnirs_ddc_pio_shk.dir/C_/Users/Alfonso_Samuel/Documents/pico/pico-sdk/src/rp2_common/pico_stdio_usb/stdio_usb.c.obj
 .text.timer_task
                0x100048ac       0x10 CMakeFiles/fnirs_ddc_pio_shk.dir/C_/Users/Alfonso_Samuel/Documents/pico/pico-sdk/src/rp2_common/pico_stdio_usb/stdio_usb.c.obj
 .text.stdio_usb_init
                0x100048bc       0xb8 CMakeFiles/fnirs_ddc_pio_shk.dir/C_/Users/Alfonso_Samuel/Documents/pico/pico-sdk/src/rp2_common/pico_stdio_usb/stdio_usb.c.obj
                0x100048bc                stdio_usb_init
 .text.tud_descriptor_device_cb
                0x10004974        0x8 CMakeFiles/fnirs_ddc_pio_shk.dir/C_/Users/Alfonso_Samuel/Documents/pico/pico-sdk/src/rp2_common/pico_stdio_usb/stdio_usb_descriptors.c.obj
                0x10004974                tud_descriptor_device_cb
 .text.tud_descriptor_configuration_cb
                0x1000497c        0x8 CMakeFiles/fnirs_ddc_pio_shk.dir/C_/Users/Alfonso_Samuel/Documents/pico/pico-sdk/src/rp2_common/pico_stdio_usb/stdio_usb_descriptors.c.obj
                0x1000497c                tud_descriptor_configuration_cb
 .text.tud_descriptor_string_cb
                0x10004984       0x68 CMakeFiles/fnirs_ddc_pio_shk.dir/C_/Users/Alfonso_Samuel/Documents/pico/pico-sdk/src/rp2_common/pico_stdio_usb/stdio_usb_descriptors.c.obj
                0x10004984                tud_descriptor_string_cb
 .text.hw_endpoint_get_by_addr
                0x100049ec       0x18 CMakeFiles/fnirs_ddc_pio_shk.dir/C_/Users/Alfonso_Samuel/Documents/pico/pico-sdk/lib/tinyusb/src/portable/raspberrypi/rp2040/dcd_rp2040.c.obj
 .text.reset_ep0
                0x10004a04       0x2c CMakeFiles/fnirs_ddc_pio_shk.dir/C_/Users/Alfonso_Samuel/Documents/pico/pico-sdk/lib/tinyusb/src/portable/raspberrypi/rp2040/dcd_rp2040.c.obj
 .text._hw_endpoint_alloc
                0x10004a30       0x80 CMakeFiles/fnirs_ddc_pio_shk.dir/C_/Users/Alfonso_Samuel/Documents/pico/pico-sdk/lib/tinyusb/src/portable/raspberrypi/rp2040/dcd_rp2040.c.obj
 .text._hw_endpoint_init
                0x10004ab0       0xbc CMakeFiles/fnirs_ddc_pio_shk.dir/C_/Users/Alfonso_Samuel/Documents/pico/pico-sdk/lib/tinyusb/src/portable/raspberrypi/rp2040/dcd_rp2040.c.obj
 .text.hw_endpoint_init
                0x10004b6c       0x18 CMakeFiles/fnirs_ddc_pio_shk.dir/C_/Users/Alfonso_Samuel/Documents/pico/pico-sdk/lib/tinyusb/src/portable/raspberrypi/rp2040/dcd_rp2040.c.obj
 .text.hw_handle_buff_status
                0x10004b84       0xb4 CMakeFiles/fnirs_ddc_pio_shk.dir/C_/Users/Alfonso_Samuel/Documents/pico/pico-sdk/lib/tinyusb/src/portable/raspberrypi/rp2040/dcd_rp2040.c.obj
 .text.dcd_rp2040_irq
                0x10004c38       0xa8 CMakeFiles/fnirs_ddc_pio_shk.dir/C_/Users/Alfonso_Samuel/Documents/pico/pico-sdk/lib/tinyusb/src/portable/raspberrypi/rp2040/dcd_rp2040.c.obj
 .text.hw_endpoint_xfer
                0x10004ce0       0x18 CMakeFiles/fnirs_ddc_pio_shk.dir/C_/Users/Alfonso_Samuel/Documents/pico/pico-sdk/lib/tinyusb/src/portable/raspberrypi/rp2040/dcd_rp2040.c.obj
 .text.ep0_0len_status
                0x10004cf8       0x14 CMakeFiles/fnirs_ddc_pio_shk.dir/C_/Users/Alfonso_Samuel/Documents/pico/pico-sdk/lib/tinyusb/src/portable/raspberrypi/rp2040/dcd_rp2040.c.obj
 .text._hw_endpoint_stall
                0x10004d0c       0x54 CMakeFiles/fnirs_ddc_pio_shk.dir/C_/Users/Alfonso_Samuel/Documents/pico/pico-sdk/lib/tinyusb/src/portable/raspberrypi/rp2040/dcd_rp2040.c.obj
 .text.hw_endpoint_stall
                0x10004d60        0xc CMakeFiles/fnirs_ddc_pio_shk.dir/C_/Users/Alfonso_Samuel/Documents/pico/pico-sdk/lib/tinyusb/src/portable/raspberrypi/rp2040/dcd_rp2040.c.obj
 .text._hw_endpoint_clear_stall
                0x10004d6c       0x34 CMakeFiles/fnirs_ddc_pio_shk.dir/C_/Users/Alfonso_Samuel/Documents/pico/pico-sdk/lib/tinyusb/src/portable/raspberrypi/rp2040/dcd_rp2040.c.obj
 .text.hw_endpoint_clear_stall
                0x10004da0        0xc CMakeFiles/fnirs_ddc_pio_shk.dir/C_/Users/Alfonso_Samuel/Documents/pico/pico-sdk/lib/tinyusb/src/portable/raspberrypi/rp2040/dcd_rp2040.c.obj
 .text.dcd_int_enable
                0x10004dac       0x2c CMakeFiles/fnirs_ddc_pio_shk.dir/C_/Users/Alfonso_Samuel/Documents/pico/pico-sdk/lib/tinyusb/src/portable/raspberrypi/rp2040/dcd_rp2040.c.obj
                0x10004dac                dcd_int_enable
 .text.dcd_set_address
                0x10004dd8       0x28 CMakeFiles/fnirs_ddc_pio_shk.dir/C_/Users/Alfonso_Samuel/Documents/pico/pico-sdk/lib/tinyusb/src/portable/raspberrypi/rp2040/dcd_rp2040.c.obj
                0x10004dd8                dcd_set_address
 .text.dcd_connect
                0x10004e00       0x30 CMakeFiles/fnirs_ddc_pio_shk.dir/C_/Users/Alfonso_Samuel/Documents/pico/pico-sdk/lib/tinyusb/src/portable/raspberrypi/rp2040/dcd_rp2040.c.obj
                0x10004e00                dcd_connect
 .text.dcd_init
                0x10004e30       0x84 CMakeFiles/fnirs_ddc_pio_shk.dir/C_/Users/Alfonso_Samuel/Documents/pico/pico-sdk/lib/tinyusb/src/portable/raspberrypi/rp2040/dcd_rp2040.c.obj
                0x10004e30                dcd_init
 .text.dcd_edpt0_status_complete
                0x10004eb4       0x40 CMakeFiles/fnirs_ddc_pio_shk.dir/C_/Users/Alfonso_Samuel/Documents/pico/pico-sdk/lib/tinyusb/src/portable/raspberrypi/rp2040/dcd_rp2040.c.obj
                0x10004eb4                dcd_edpt0_status_complete
 .text.dcd_edpt_open
                0x10004ef4       0x40 CMakeFiles/fnirs_ddc_pio_shk.dir/C_/Users/Alfonso_Samuel/Documents/pico/pico-sdk/lib/tinyusb/src/portable/raspberrypi/rp2040/dcd_rp2040.c.obj
                0x10004ef4                dcd_edpt_open
 .text.dcd_edpt_xfer
                0x10004f34       0x34 CMakeFiles/fnirs_ddc_pio_shk.dir/C_/Users/Alfonso_Samuel/Documents/pico/pico-sdk/lib/tinyusb/src/portable/raspberrypi/rp2040/dcd_rp2040.c.obj
                0x10004f34                dcd_edpt_xfer
 .text.dcd_edpt_stall
                0x10004f68       0x28 CMakeFiles/fnirs_ddc_pio_shk.dir/C_/Users/Alfonso_Samuel/Documents/pico/pico-sdk/lib/tinyusb/src/portable/raspberrypi/rp2040/dcd_rp2040.c.obj
                0x10004f68                dcd_edpt_stall
 .text.dcd_edpt_clear_stall
                0x10004f90       0x2c CMakeFiles/fnirs_ddc_pio_shk.dir/C_/Users/Alfonso_Samuel/Documents/pico/pico-sdk/lib/tinyusb/src/portable/raspberrypi/rp2040/dcd_rp2040.c.obj
                0x10004f90                dcd_edpt_clear_stall
 .text.rp2040_usb_init
                0x10004fbc       0x50 CMakeFiles/fnirs_ddc_pio_shk.dir/C_/Users/Alfonso_Samuel/Documents/pico/pico-sdk/lib/tinyusb/src/portable/raspberrypi/rp2040/rp2040_usb.c.obj
                0x10004fbc                rp2040_usb_init
 .text.hw_endpoint_reset_transfer
                0x1000500c       0x10 CMakeFiles/fnirs_ddc_pio_shk.dir/C_/Users/Alfonso_Samuel/Documents/pico/pico-sdk/lib/tinyusb/src/portable/raspberrypi/rp2040/rp2040_usb.c.obj
                0x1000500c                hw_endpoint_reset_transfer
 .text._hw_endpoint_buffer_control_update32
                0x1000501c       0x58 CMakeFiles/fnirs_ddc_pio_shk.dir/C_/Users/Alfonso_Samuel/Documents/pico/pico-sdk/lib/tinyusb/src/portable/raspberrypi/rp2040/rp2040_usb.c.obj
                0x1000501c                _hw_endpoint_buffer_control_update32
 .text._hw_endpoint_start_next_buffer
                0x10005074       0x50 CMakeFiles/fnirs_ddc_pio_shk.dir/C_/Users/Alfonso_Samuel/Documents/pico/pico-sdk/lib/tinyusb/src/portable/raspberrypi/rp2040/rp2040_usb.c.obj
                0x10005074                _hw_endpoint_start_next_buffer
 .text._hw_endpoint_xfer_start
                0x100050c4       0x3e CMakeFiles/fnirs_ddc_pio_shk.dir/C_/Users/Alfonso_Samuel/Documents/pico/pico-sdk/lib/tinyusb/src/portable/raspberrypi/rp2040/rp2040_usb.c.obj
                0x100050c4                _hw_endpoint_xfer_start
 *fill*         0x10005102        0x2 
 .text._hw_endpoint_xfer_sync
                0x10005104       0x74 CMakeFiles/fnirs_ddc_pio_shk.dir/C_/Users/Alfonso_Samuel/Documents/pico/pico-sdk/lib/tinyusb/src/portable/raspberrypi/rp2040/rp2040_usb.c.obj
                0x10005104                _hw_endpoint_xfer_sync
 .text._hw_endpoint_xfer_continue
                0x10005178       0x60 CMakeFiles/fnirs_ddc_pio_shk.dir/C_/Users/Alfonso_Samuel/Documents/pico/pico-sdk/lib/tinyusb/src/portable/raspberrypi/rp2040/rp2040_usb.c.obj
                0x10005178                _hw_endpoint_xfer_continue
 .text._hw_endpoint_xfer
                0x100051d8       0x34 CMakeFiles/fnirs_ddc_pio_shk.dir/C_/Users/Alfonso_Samuel/Documents/pico/pico-sdk/lib/tinyusb/src/portable/raspberrypi/rp2040/rp2040_usb.c.obj
                0x100051d8                _hw_endpoint_xfer
 .text.mark_interface_endpoint
                0x1000520c       0x2a CMakeFiles/fnirs_ddc_pio_shk.dir/C_/Users/Alfonso_Samuel/Documents/pico/pico-sdk/lib/tinyusb/src/device/usbd.c.obj
 *fill*         0x10005236        0x2 
 .text.usbd_reset
                0x10005238       0x88 CMakeFiles/fnirs_ddc_pio_shk.dir/C_/Users/Alfonso_Samuel/Documents/pico/pico-sdk/lib/tinyusb/src/device/usbd.c.obj
 .text.invoke_class_control
                0x100052c0       0x1a CMakeFiles/fnirs_ddc_pio_shk.dir/C_/Users/Alfonso_Samuel/Documents/pico/pico-sdk/lib/tinyusb/src/device/usbd.c.obj
 *fill*         0x100052da        0x2 
 .text.process_set_config
                0x100052dc      0x1d4 CMakeFiles/fnirs_ddc_pio_shk.dir/C_/Users/Alfonso_Samuel/Documents/pico/pico-sdk/lib/tinyusb/src/device/usbd.c.obj
 .text.process_get_descriptor
                0x100054b0       0xf8 CMakeFiles/fnirs_ddc_pio_shk.dir/C_/Users/Alfonso_Samuel/Documents/pico/pico-sdk/lib/tinyusb/src/device/usbd.c.obj
 .text.tud_mounted
                0x100055a8       0x10 CMakeFiles/fnirs_ddc_pio_shk.dir/C_/Users/Alfonso_Samuel/Documents/pico/pico-sdk/lib/tinyusb/src/device/usbd.c.obj
                0x100055a8                tud_mounted
 .text.tud_suspended
                0x100055b8       0x10 CMakeFiles/fnirs_ddc_pio_shk.dir/C_/Users/Alfonso_Samuel/Documents/pico/pico-sdk/lib/tinyusb/src/device/usbd.c.obj
                0x100055b8                tud_suspended
 .text.tud_inited
                0x100055c8        0xc CMakeFiles/fnirs_ddc_pio_shk.dir/C_/Users/Alfonso_Samuel/Documents/pico/pico-sdk/lib/tinyusb/src/device/usbd.c.obj
                0x100055c8                tud_inited
 .text.tud_init
                0x100055d4       0xcc CMakeFiles/fnirs_ddc_pio_shk.dir/C_/Users/Alfonso_Samuel/Documents/pico/pico-sdk/lib/tinyusb/src/device/usbd.c.obj
                0x100055d4                tud_init
 .text.dcd_event_handler
                0x100056a0      0x174 CMakeFiles/fnirs_ddc_pio_shk.dir/C_/Users/Alfonso_Samuel/Documents/pico/pico-sdk/lib/tinyusb/src/device/usbd.c.obj
                0x100056a0                dcd_event_handler
 .text.dcd_event_bus_signal
                0x10005814       0x26 CMakeFiles/fnirs_ddc_pio_shk.dir/C_/Users/Alfonso_Samuel/Documents/pico/pico-sdk/lib/tinyusb/src/device/usbd.c.obj
                0x10005814                dcd_event_bus_signal
 .text.dcd_event_bus_reset
                0x1000583a       0x2a CMakeFiles/fnirs_ddc_pio_shk.dir/C_/Users/Alfonso_Samuel/Documents/pico/pico-sdk/lib/tinyusb/src/device/usbd.c.obj
                0x1000583a                dcd_event_bus_reset
 .text.dcd_event_setup_received
                0x10005864       0x34 CMakeFiles/fnirs_ddc_pio_shk.dir/C_/Users/Alfonso_Samuel/Documents/pico/pico-sdk/lib/tinyusb/src/device/usbd.c.obj
                0x10005864                dcd_event_setup_received
 .text.dcd_event_xfer_complete
                0x10005898       0x44 CMakeFiles/fnirs_ddc_pio_shk.dir/C_/Users/Alfonso_Samuel/Documents/pico/pico-sdk/lib/tinyusb/src/device/usbd.c.obj
                0x10005898                dcd_event_xfer_complete
 .text.usbd_edpt_open
                0x100058dc       0xe0 CMakeFiles/fnirs_ddc_pio_shk.dir/C_/Users/Alfonso_Samuel/Documents/pico/pico-sdk/lib/tinyusb/src/device/usbd.c.obj
                0x100058dc                usbd_edpt_open
 .text.usbd_open_edpt_pair
                0x100059bc       0x8c CMakeFiles/fnirs_ddc_pio_shk.dir/C_/Users/Alfonso_Samuel/Documents/pico/pico-sdk/lib/tinyusb/src/device/usbd.c.obj
                0x100059bc                usbd_open_edpt_pair
 .text.usbd_edpt_claim
                0x10005a48       0x8c CMakeFiles/fnirs_ddc_pio_shk.dir/C_/Users/Alfonso_Samuel/Documents/pico/pico-sdk/lib/tinyusb/src/device/usbd.c.obj
                0x10005a48                usbd_edpt_claim
 .text.usbd_edpt_release
                0x10005ad4       0x68 CMakeFiles/fnirs_ddc_pio_shk.dir/C_/Users/Alfonso_Samuel/Documents/pico/pico-sdk/lib/tinyusb/src/device/usbd.c.obj
                0x10005ad4                usbd_edpt_release
 .text.usbd_edpt_xfer
                0x10005b3c       0x80 CMakeFiles/fnirs_ddc_pio_shk.dir/C_/Users/Alfonso_Samuel/Documents/pico/pico-sdk/lib/tinyusb/src/device/usbd.c.obj
                0x10005b3c                usbd_edpt_xfer
 .text.usbd_edpt_stall
                0x10005bbc       0x2c CMakeFiles/fnirs_ddc_pio_shk.dir/C_/Users/Alfonso_Samuel/Documents/pico/pico-sdk/lib/tinyusb/src/device/usbd.c.obj
                0x10005bbc                usbd_edpt_stall
 .text.usbd_edpt_clear_stall
                0x10005be8       0x2c CMakeFiles/fnirs_ddc_pio_shk.dir/C_/Users/Alfonso_Samuel/Documents/pico/pico-sdk/lib/tinyusb/src/device/usbd.c.obj
                0x10005be8                usbd_edpt_clear_stall
 .text.usbd_edpt_stalled
                0x10005c14       0x1c CMakeFiles/fnirs_ddc_pio_shk.dir/C_/Users/Alfonso_Samuel/Documents/pico/pico-sdk/lib/tinyusb/src/device/usbd.c.obj
                0x10005c14                usbd_edpt_stalled
 .text.process_control_request
                0x10005c30      0x380 CMakeFiles/fnirs_ddc_pio_shk.dir/C_/Users/Alfonso_Samuel/Documents/pico/pico-sdk/lib/tinyusb/src/device/usbd.c.obj
 .text.tud_task
                0x10005fb0      0x204 CMakeFiles/fnirs_ddc_pio_shk.dir/C_/Users/Alfonso_Samuel/Documents/pico/pico-sdk/lib/tinyusb/src/device/usbd.c.obj
                0x10005fb0                tud_task
 .text._data_stage_xact
                0x100061b4       0x58 CMakeFiles/fnirs_ddc_pio_shk.dir/C_/Users/Alfonso_Samuel/Documents/pico/pico-sdk/lib/tinyusb/src/device/usbd_control.c.obj
 .text.tud_control_status
                0x1000620c       0x38 CMakeFiles/fnirs_ddc_pio_shk.dir/C_/Users/Alfonso_Samuel/Documents/pico/pico-sdk/lib/tinyusb/src/device/usbd_control.c.obj
                0x1000620c                tud_control_status
 .text.tud_control_xfer
                0x10006244       0xa8 CMakeFiles/fnirs_ddc_pio_shk.dir/C_/Users/Alfonso_Samuel/Documents/pico/pico-sdk/lib/tinyusb/src/device/usbd_control.c.obj
                0x10006244                tud_control_xfer
 .text.usbd_control_reset
                0x100062ec       0x14 CMakeFiles/fnirs_ddc_pio_shk.dir/C_/Users/Alfonso_Samuel/Documents/pico/pico-sdk/lib/tinyusb/src/device/usbd_control.c.obj
                0x100062ec                usbd_control_reset
 .text.usbd_control_set_complete_callback
                0x10006300        0xc CMakeFiles/fnirs_ddc_pio_shk.dir/C_/Users/Alfonso_Samuel/Documents/pico/pico-sdk/lib/tinyusb/src/device/usbd_control.c.obj
                0x10006300                usbd_control_set_complete_callback
 .text.usbd_control_set_request
                0x1000630c       0x1c CMakeFiles/fnirs_ddc_pio_shk.dir/C_/Users/Alfonso_Samuel/Documents/pico/pico-sdk/lib/tinyusb/src/device/usbd_control.c.obj
                0x1000630c                usbd_control_set_request
 .text.usbd_control_xfer_cb
                0x10006328       0xfc CMakeFiles/fnirs_ddc_pio_shk.dir/C_/Users/Alfonso_Samuel/Documents/pico/pico-sdk/lib/tinyusb/src/device/usbd_control.c.obj
                0x10006328                usbd_control_xfer_cb
 .text._prep_out_transaction
                0x10006424       0x46 CMakeFiles/fnirs_ddc_pio_shk.dir/C_/Users/Alfonso_Samuel/Documents/pico/pico-sdk/lib/tinyusb/src/class/cdc/cdc_device.c.obj
 *fill*         0x1000646a        0x2 
 .text.tud_cdc_n_connected
                0x1000646c       0x44 CMakeFiles/fnirs_ddc_pio_shk.dir/C_/Users/Alfonso_Samuel/Documents/pico/pico-sdk/lib/tinyusb/src/class/cdc/cdc_device.c.obj
                0x1000646c                tud_cdc_n_connected
 .text.tud_cdc_n_available
                0x100064b0       0x18 CMakeFiles/fnirs_ddc_pio_shk.dir/C_/Users/Alfonso_Samuel/Documents/pico/pico-sdk/lib/tinyusb/src/class/cdc/cdc_device.c.obj
                0x100064b0                tud_cdc_n_available
 .text.tud_cdc_n_read
                0x100064c8       0x28 CMakeFiles/fnirs_ddc_pio_shk.dir/C_/Users/Alfonso_Samuel/Documents/pico/pico-sdk/lib/tinyusb/src/class/cdc/cdc_device.c.obj
                0x100064c8                tud_cdc_n_read
 .text.tud_cdc_n_write_flush
                0x100064f0       0xcc CMakeFiles/fnirs_ddc_pio_shk.dir/C_/Users/Alfonso_Samuel/Documents/pico/pico-sdk/lib/tinyusb/src/class/cdc/cdc_device.c.obj
                0x100064f0                tud_cdc_n_write_flush
 .text.tud_cdc_n_write
                0x100065bc       0x38 CMakeFiles/fnirs_ddc_pio_shk.dir/C_/Users/Alfonso_Samuel/Documents/pico/pico-sdk/lib/tinyusb/src/class/cdc/cdc_device.c.obj
                0x100065bc                tud_cdc_n_write
 .text.tud_cdc_n_write_available
                0x100065f4       0x1c CMakeFiles/fnirs_ddc_pio_shk.dir/C_/Users/Alfonso_Samuel/Documents/pico/pico-sdk/lib/tinyusb/src/class/cdc/cdc_device.c.obj
                0x100065f4                tud_cdc_n_write_available
 .text.cdcd_init
                0x10006610       0xbc CMakeFiles/fnirs_ddc_pio_shk.dir/C_/Users/Alfonso_Samuel/Documents/pico/pico-sdk/lib/tinyusb/src/class/cdc/cdc_device.c.obj
                0x10006610                cdcd_init
 .text.cdcd_reset
                0x100066cc       0x44 CMakeFiles/fnirs_ddc_pio_shk.dir/C_/Users/Alfonso_Samuel/Documents/pico/pico-sdk/lib/tinyusb/src/class/cdc/cdc_device.c.obj
                0x100066cc                cdcd_reset
 .text.cdcd_open
                0x10006710      0x10c CMakeFiles/fnirs_ddc_pio_shk.dir/C_/Users/Alfonso_Samuel/Documents/pico/pico-sdk/lib/tinyusb/src/class/cdc/cdc_device.c.obj
                0x10006710                cdcd_open
 .text.cdcd_control_xfer_cb
                0x1000681c      0x134 CMakeFiles/fnirs_ddc_pio_shk.dir/C_/Users/Alfonso_Samuel/Documents/pico/pico-sdk/lib/tinyusb/src/class/cdc/cdc_device.c.obj
                0x1000681c                cdcd_control_xfer_cb
 .text.cdcd_xfer_cb
                0x10006950      0x144 CMakeFiles/fnirs_ddc_pio_shk.dir/C_/Users/Alfonso_Samuel/Documents/pico/pico-sdk/lib/tinyusb/src/class/cdc/cdc_device.c.obj
                0x10006950                cdcd_xfer_cb
 .text.tusb_init
                0x10006a94       0x24 CMakeFiles/fnirs_ddc_pio_shk.dir/C_/Users/Alfonso_Samuel/Documents/pico/pico-sdk/lib/tinyusb/src/tusb.c.obj
                0x10006a94                tusb_init
 .text.tusb_inited
                0x10006ab8        0xe CMakeFiles/fnirs_ddc_pio_shk.dir/C_/Users/Alfonso_Samuel/Documents/pico/pico-sdk/lib/tinyusb/src/tusb.c.obj
                0x10006ab8                tusb_inited
 .text.advance_pointer
                0x10006ac6       0x1e CMakeFiles/fnirs_ddc_pio_shk.dir/C_/Users/Alfonso_Samuel/Documents/pico/pico-sdk/lib/tinyusb/src/common/tusb_fifo.c.obj
 .text.backward_pointer
                0x10006ae4       0x1a CMakeFiles/fnirs_ddc_pio_shk.dir/C_/Users/Alfonso_Samuel/Documents/pico/pico-sdk/lib/tinyusb/src/common/tusb_fifo.c.obj
 .text.get_relative_pointer
                0x10006afe       0x10 CMakeFiles/fnirs_ddc_pio_shk.dir/C_/Users/Alfonso_Samuel/Documents/pico/pico-sdk/lib/tinyusb/src/common/tusb_fifo.c.obj
 .text._tu_fifo_peek
                0x10006b0e       0x50 CMakeFiles/fnirs_ddc_pio_shk.dir/C_/Users/Alfonso_Samuel/Documents/pico/pico-sdk/lib/tinyusb/src/common/tusb_fifo.c.obj
 .text._ff_pull_const_addr
                0x10006b5e       0x4c CMakeFiles/fnirs_ddc_pio_shk.dir/C_/Users/Alfonso_Samuel/Documents/pico/pico-sdk/lib/tinyusb/src/common/tusb_fifo.c.obj
 .text._ff_pull_n
                0x10006baa      0x10c CMakeFiles/fnirs_ddc_pio_shk.dir/C_/Users/Alfonso_Samuel/Documents/pico/pico-sdk/lib/tinyusb/src/common/tusb_fifo.c.obj
 .text._tu_fifo_peek_n
                0x10006cb6       0x5e CMakeFiles/fnirs_ddc_pio_shk.dir/C_/Users/Alfonso_Samuel/Documents/pico/pico-sdk/lib/tinyusb/src/common/tusb_fifo.c.obj
 .text._tu_fifo_read_n
                0x10006d14       0x4e CMakeFiles/fnirs_ddc_pio_shk.dir/C_/Users/Alfonso_Samuel/Documents/pico/pico-sdk/lib/tinyusb/src/common/tusb_fifo.c.obj
 .text._ff_push_const_addr
                0x10006d62       0x40 CMakeFiles/fnirs_ddc_pio_shk.dir/C_/Users/Alfonso_Samuel/Documents/pico/pico-sdk/lib/tinyusb/src/common/tusb_fifo.c.obj
 .text._ff_push_n
                0x10006da2      0x108 CMakeFiles/fnirs_ddc_pio_shk.dir/C_/Users/Alfonso_Samuel/Documents/pico/pico-sdk/lib/tinyusb/src/common/tusb_fifo.c.obj
 .text._tu_fifo_write_n
                0x10006eaa       0x9e CMakeFiles/fnirs_ddc_pio_shk.dir/C_/Users/Alfonso_Samuel/Documents/pico/pico-sdk/lib/tinyusb/src/common/tusb_fifo.c.obj
 .text.tu_fifo_config
                0x10006f48       0x72 CMakeFiles/fnirs_ddc_pio_shk.dir/C_/Users/Alfonso_Samuel/Documents/pico/pico-sdk/lib/tinyusb/src/common/tusb_fifo.c.obj
                0x10006f48                tu_fifo_config
 .text.tu_fifo_count
                0x10006fba       0x26 CMakeFiles/fnirs_ddc_pio_shk.dir/C_/Users/Alfonso_Samuel/Documents/pico/pico-sdk/lib/tinyusb/src/common/tusb_fifo.c.obj
                0x10006fba                tu_fifo_count
 .text.tu_fifo_empty
                0x10006fe0       0x10 CMakeFiles/fnirs_ddc_pio_shk.dir/C_/Users/Alfonso_Samuel/Documents/pico/pico-sdk/lib/tinyusb/src/common/tusb_fifo.c.obj
                0x10006fe0                tu_fifo_empty
 .text.tu_fifo_remaining
                0x10006ff0       0x20 CMakeFiles/fnirs_ddc_pio_shk.dir/C_/Users/Alfonso_Samuel/Documents/pico/pico-sdk/lib/tinyusb/src/common/tusb_fifo.c.obj
                0x10006ff0                tu_fifo_remaining
 .text.tu_fifo_read
                0x10007010       0x42 CMakeFiles/fnirs_ddc_pio_shk.dir/C_/Users/Alfonso_Samuel/Documents/pico/pico-sdk/lib/tinyusb/src/common/tusb_fifo.c.obj
                0x10007010                tu_fifo_read
 .text.tu_fifo_read_n
                0x10007052        0xa CMakeFiles/fnirs_ddc_pio_shk.dir/C_/Users/Alfonso_Samuel/Documents/pico/pico-sdk/lib/tinyusb/src/common/tusb_fifo.c.obj
                0x10007052                tu_fifo_read_n
 .text.tu_fifo_write
                0x1000705c       0x6c CMakeFiles/fnirs_ddc_pio_shk.dir/C_/Users/Alfonso_Samuel/Documents/pico/pico-sdk/lib/tinyusb/src/common/tusb_fifo.c.obj
                0x1000705c                tu_fifo_write
 .text.tu_fifo_write_n
                0x100070c8        0xa CMakeFiles/fnirs_ddc_pio_shk.dir/C_/Users/Alfonso_Samuel/Documents/pico/pico-sdk/lib/tinyusb/src/common/tusb_fifo.c.obj
                0x100070c8                tu_fifo_write_n
 .text.tu_fifo_clear
                0x100070d2       0x4c CMakeFiles/fnirs_ddc_pio_shk.dir/C_/Users/Alfonso_Samuel/Documents/pico/pico-sdk/lib/tinyusb/src/common/tusb_fifo.c.obj
                0x100070d2                tu_fifo_clear
 .text.tu_fifo_set_overwritable
                0x1000711e       0x3c CMakeFiles/fnirs_ddc_pio_shk.dir/C_/Users/Alfonso_Samuel/Documents/pico/pico-sdk/lib/tinyusb/src/common/tusb_fifo.c.obj
                0x1000711e                tu_fifo_set_overwritable
 *fill*         0x1000715a        0x2 
 .text._retrieve_unique_id_on_boot
                0x1000715c       0x10 CMakeFiles/fnirs_ddc_pio_shk.dir/C_/Users/Alfonso_Samuel/Documents/pico/pico-sdk/src/rp2_common/pico_unique_id/unique_id.c.obj
 .text.pico_get_unique_board_id_string
                0x1000716c       0x60 CMakeFiles/fnirs_ddc_pio_shk.dir/C_/Users/Alfonso_Samuel/Documents/pico/pico-sdk/src/rp2_common/pico_unique_id/unique_id.c.obj
                0x1000716c                pico_get_unique_board_id_string
 .text.flash_get_unique_id
                0x100071cc       0x46 CMakeFiles/fnirs_ddc_pio_shk.dir/C_/Users/Alfonso_Samuel/Documents/pico/pico-sdk/src/rp2_common/hardware_flash/flash.c.obj
                0x100071cc                flash_get_unique_id
 *fill*         0x10007212        0x2 
 .text._pio_can_add_program_at_offset
                0x10007214       0x3c CMakeFiles/fnirs_ddc_pio_shk.dir/C_/Users/Alfonso_Samuel/Documents/pico/pico-sdk/src/rp2_common/hardware_pio/pio.c.obj
 .text._pio_find_offset_for_program
                0x10007250       0x7c CMakeFiles/fnirs_ddc_pio_shk.dir/C_/Users/Alfonso_Samuel/Documents/pico/pico-sdk/src/rp2_common/hardware_pio/pio.c.obj
 .text._pio_add_program_at_offset
                0x100072cc       0x78 CMakeFiles/fnirs_ddc_pio_shk.dir/C_/Users/Alfonso_Samuel/Documents/pico/pico-sdk/src/rp2_common/hardware_pio/pio.c.obj
 .text.pio_add_program
                0x10007344       0x38 CMakeFiles/fnirs_ddc_pio_shk.dir/C_/Users/Alfonso_Samuel/Documents/pico/pico-sdk/src/rp2_common/hardware_pio/pio.c.obj
                0x10007344                pio_add_program
 .text.pio_sm_set_pins_with_mask
                0x1000737c       0x6c CMakeFiles/fnirs_ddc_pio_shk.dir/C_/Users/Alfonso_Samuel/Documents/pico/pico-sdk/src/rp2_common/hardware_pio/pio.c.obj
                0x1000737c                pio_sm_set_pins_with_mask
 .text.pio_sm_set_pindirs_with_mask
                0x100073e8       0x70 CMakeFiles/fnirs_ddc_pio_shk.dir/C_/Users/Alfonso_Samuel/Documents/pico/pico-sdk/src/rp2_common/hardware_pio/pio.c.obj
                0x100073e8                pio_sm_set_pindirs_with_mask
 .text.pio_sm_init
                0x10007458       0xe4 CMakeFiles/fnirs_ddc_pio_shk.dir/C_/Users/Alfonso_Samuel/Documents/pico/pico-sdk/src/rp2_common/hardware_pio/pio.c.obj
                0x10007458                pio_sm_init
 .text.strlen   0x1000753c       0x5c c:/progra~2/gnuarm~1/102020~1/bin/../lib/gcc/arm-none-eabi/10.2.1/../../../../arm-none-eabi/lib/thumb/v6-m/nofp\libg.a(lib_a-strlen-stub.o)
                0x1000753c                strlen
 *(.fini)
 .fini          0x10007598        0x4 c:/progra~2/gnuarm~1/102020~1/bin/../lib/gcc/arm-none-eabi/10.2.1/thumb/v6-m/nofp/crti.o
                0x10007598                _fini
 *fill*         0x1000759c        0x4 
 .fini.__stub   0x100075a0       0x80 linker stubs
 *crtbegin.o(.ctors)
 *crtbegin?.o(.ctors)
 *(EXCLUDE_FILE(*crtend.o *crtend?.o) .ctors)
 *(SORT_BY_NAME(.ctors.*))
 *(.ctors)
 *crtbegin.o(.dtors)
 *crtbegin?.o(.dtors)
 *(EXCLUDE_FILE(*crtend.o *crtend?.o) .dtors)
 *(SORT_BY_NAME(.dtors.*))
 *(.dtors)
 *(.eh_frame*)
 .eh_frame      0x10007620        0x0 c:/progra~2/gnuarm~1/102020~1/bin/../lib/gcc/arm-none-eabi/10.2.1/thumb/v6-m/nofp/crtbegin.o
                0x10007620                . = ALIGN (0x4)

.glue_7         0x10007620        0x0
 .glue_7        0x10007620        0x0 linker stubs

.glue_7t        0x10007620        0x0
 .glue_7t       0x10007620        0x0 linker stubs

.vfp11_veneer   0x10007620        0x0
 .vfp11_veneer  0x10007620        0x0 linker stubs

.v4_bx          0x10007620        0x0
 .v4_bx         0x10007620        0x0 linker stubs

.iplt           0x10007620        0x0
 .iplt          0x10007620        0x0 c:/progra~2/gnuarm~1/102020~1/bin/../lib/gcc/arm-none-eabi/10.2.1/thumb/v6-m/nofp/crtbegin.o

.rodata         0x10007620     0x1810
 *(EXCLUDE_FILE(*libm.a: *libc.a:*lib_a-mem*.o *libgcc.a:) .rodata*)
 .rodata.calculateValue.str1.4
                0x10007620        0xc CMakeFiles/fnirs_ddc_pio_shk.dir/fnirs_ddc_pio_shk.c.obj
 .rodata.main.str1.4
                0x1000762c       0x16 CMakeFiles/fnirs_ddc_pio_shk.dir/fnirs_ddc_pio_shk.c.obj
 *fill*         0x10007642        0x2 
 .rodata        0x10007644        0xc CMakeFiles/fnirs_ddc_pio_shk.dir/fnirs_ddc_pio_shk.c.obj
 .rodata.spi_cpha0_program
                0x10007650        0x6 CMakeFiles/fnirs_ddc_pio_shk.dir/fnirs_ddc_pio_shk.c.obj
 *fill*         0x10007656        0x2 
 .rodata.spi_cpha0_program_instructions
                0x10007658        0x4 CMakeFiles/fnirs_ddc_pio_shk.dir/fnirs_ddc_pio_shk.c.obj
 .rodata.spin_lock_claim_unused.str1.4
                0x1000765c       0x1b CMakeFiles/fnirs_ddc_pio_shk.dir/C_/Users/Alfonso_Samuel/Documents/pico/pico-sdk/src/rp2_common/hardware_sync/sync.c.obj
 *fill*         0x10007677        0x1 
 .rodata.repeating_timer_callback.str1.4
                0x10007678       0x60 CMakeFiles/fnirs_ddc_pio_shk.dir/C_/Users/Alfonso_Samuel/Documents/pico/pico-sdk/src/common/pico_time/time.c.obj
 .rodata.alarm_pool_dump_key.str1.4
                0x100076d8       0x33 CMakeFiles/fnirs_ddc_pio_shk.dir/C_/Users/Alfonso_Samuel/Documents/pico/pico-sdk/src/common/pico_time/time.c.obj
 *fill*         0x1000770b        0x1 
 .rodata.ph_add_child_node.str1.4
                0x1000770c       0xa2 CMakeFiles/fnirs_ddc_pio_shk.dir/C_/Users/Alfonso_Samuel/Documents/pico/pico-sdk/src/common/pico_time/time.c.obj
 *fill*         0x100077ae        0x2 
 .rodata.add_alarm_under_lock.str1.4
                0x100077b0       0x28 CMakeFiles/fnirs_ddc_pio_shk.dir/C_/Users/Alfonso_Samuel/Documents/pico/pico-sdk/src/common/pico_time/time.c.obj
                                 0x2b (size before relaxing)
 .rodata.alarm_pool_alarm_callback.str1.4
                0x100077d8       0xf2 CMakeFiles/fnirs_ddc_pio_shk.dir/C_/Users/Alfonso_Samuel/Documents/pico/pico-sdk/src/common/pico_time/time.c.obj
 *fill*         0x100078ca        0x2 
 .rodata.alarm_pool_get_default.str1.4
                0x100078cc       0x21 CMakeFiles/fnirs_ddc_pio_shk.dir/C_/Users/Alfonso_Samuel/Documents/pico/pico-sdk/src/common/pico_time/time.c.obj
 *fill*         0x100078ed        0x3 
 .rodata.alarm_pool_cancel_alarm.str1.4
                0x100078f0       0x27 CMakeFiles/fnirs_ddc_pio_shk.dir/C_/Users/Alfonso_Samuel/Documents/pico/pico-sdk/src/common/pico_time/time.c.obj
 *fill*         0x10007917        0x1 
 .rodata.__func__.1
                0x10007918       0x18 CMakeFiles/fnirs_ddc_pio_shk.dir/C_/Users/Alfonso_Samuel/Documents/pico/pico-sdk/src/common/pico_time/time.c.obj
 .rodata.__func__.10
                0x10007930       0x15 CMakeFiles/fnirs_ddc_pio_shk.dir/C_/Users/Alfonso_Samuel/Documents/pico/pico-sdk/src/common/pico_time/time.c.obj
 *fill*         0x10007945        0x3 
 .rodata.__func__.11
                0x10007948       0x1a CMakeFiles/fnirs_ddc_pio_shk.dir/C_/Users/Alfonso_Samuel/Documents/pico/pico-sdk/src/common/pico_time/time.c.obj
 *fill*         0x10007962        0x2 
 .rodata.__func__.12
                0x10007964        0xa CMakeFiles/fnirs_ddc_pio_shk.dir/C_/Users/Alfonso_Samuel/Documents/pico/pico-sdk/src/common/pico_time/time.c.obj
 *fill*         0x1000796e        0x2 
 .rodata.__func__.3
                0x10007970       0x17 CMakeFiles/fnirs_ddc_pio_shk.dir/C_/Users/Alfonso_Samuel/Documents/pico/pico-sdk/src/common/pico_time/time.c.obj
 *fill*         0x10007987        0x1 
 .rodata.__func__.4
                0x10007988       0x12 CMakeFiles/fnirs_ddc_pio_shk.dir/C_/Users/Alfonso_Samuel/Documents/pico/pico-sdk/src/common/pico_time/time.c.obj
 *fill*         0x1000799a        0x2 
 .rodata.__func__.5
                0x1000799c        0xd CMakeFiles/fnirs_ddc_pio_shk.dir/C_/Users/Alfonso_Samuel/Documents/pico/pico-sdk/src/common/pico_time/time.c.obj
 *fill*         0x100079a9        0x3 
 .rodata.__func__.6
                0x100079ac       0x12 CMakeFiles/fnirs_ddc_pio_shk.dir/C_/Users/Alfonso_Samuel/Documents/pico/pico-sdk/src/common/pico_time/time.c.obj
 *fill*         0x100079be        0x2 
 .rodata.__func__.7
                0x100079c0        0xf CMakeFiles/fnirs_ddc_pio_shk.dir/C_/Users/Alfonso_Samuel/Documents/pico/pico-sdk/src/common/pico_time/time.c.obj
 *fill*         0x100079cf        0x1 
 .rodata.__func__.8
                0x100079d0        0xc CMakeFiles/fnirs_ddc_pio_shk.dir/C_/Users/Alfonso_Samuel/Documents/pico/pico-sdk/src/common/pico_time/time.c.obj
 .rodata.__func__.9
                0x100079dc       0x15 CMakeFiles/fnirs_ddc_pio_shk.dir/C_/Users/Alfonso_Samuel/Documents/pico/pico-sdk/src/common/pico_time/time.c.obj
 *fill*         0x100079f1        0x3 
 .rodata.hardware_alarm_claim.str1.4
                0x100079f4       0x22 CMakeFiles/fnirs_ddc_pio_shk.dir/C_/Users/Alfonso_Samuel/Documents/pico/pico-sdk/src/rp2_common/hardware_timer/timer.c.obj
 .rodata.busy_wait_us.str1.4
                0x10007a16       0x6e CMakeFiles/fnirs_ddc_pio_shk.dir/C_/Users/Alfonso_Samuel/Documents/pico/pico-sdk/src/rp2_common/hardware_timer/timer.c.obj
 *fill*         0x10007a16        0x2 
 .rodata.hardware_alarm_set_target.str1.4
                0x10007a18       0x7a CMakeFiles/fnirs_ddc_pio_shk.dir/C_/Users/Alfonso_Samuel/Documents/pico/pico-sdk/src/rp2_common/hardware_timer/timer.c.obj
 *fill*         0x10007a92        0x2 
 .rodata.__func__.0
                0x10007a94       0x1a CMakeFiles/fnirs_ddc_pio_shk.dir/C_/Users/Alfonso_Samuel/Documents/pico/pico-sdk/src/rp2_common/hardware_timer/timer.c.obj
 *fill*         0x10007aae        0x2 
 .rodata.__func__.1
                0x10007ab0       0x15 CMakeFiles/fnirs_ddc_pio_shk.dir/C_/Users/Alfonso_Samuel/Documents/pico/pico-sdk/src/rp2_common/hardware_timer/timer.c.obj
 *fill*         0x10007ac5        0x3 
 .rodata.str1.4
                0x10007ac8       0xc9 CMakeFiles/fnirs_ddc_pio_shk.dir/C_/Users/Alfonso_Samuel/Documents/pico/pico-sdk/src/common/pico_sync/mutex.c.obj
                                0x139 (size before relaxing)
 *fill*         0x10007b91        0x3 
 .rodata.__func__.0
                0x10007b94        0xb CMakeFiles/fnirs_ddc_pio_shk.dir/C_/Users/Alfonso_Samuel/Documents/pico/pico-sdk/src/common/pico_sync/mutex.c.obj
 *fill*         0x10007b9f        0x1 
 .rodata.__func__.1
                0x10007ba0       0x18 CMakeFiles/fnirs_ddc_pio_shk.dir/C_/Users/Alfonso_Samuel/Documents/pico/pico-sdk/src/common/pico_sync/mutex.c.obj
 .rodata.__func__.2
                0x10007bb8       0x15 CMakeFiles/fnirs_ddc_pio_shk.dir/C_/Users/Alfonso_Samuel/Documents/pico/pico-sdk/src/common/pico_sync/mutex.c.obj
 *fill*         0x10007bcd        0x3 
 .rodata.__func__.3
                0x10007bd0       0x15 CMakeFiles/fnirs_ddc_pio_shk.dir/C_/Users/Alfonso_Samuel/Documents/pico/pico-sdk/src/common/pico_sync/mutex.c.obj
 .rodata.ph_add_child_node.str1.4
                0x10007be5       0xa2 CMakeFiles/fnirs_ddc_pio_shk.dir/C_/Users/Alfonso_Samuel/Documents/pico/pico-sdk/src/common/pico_util/pheap.c.obj
 *fill*         0x10007be5        0x3 
 .rodata.ph_remove_any_head.str1.4
                0x10007be8       0xa4 CMakeFiles/fnirs_ddc_pio_shk.dir/C_/Users/Alfonso_Samuel/Documents/pico/pico-sdk/src/common/pico_util/pheap.c.obj
 .rodata.ph_remove_and_free_node.str1.4
                0x10007c8c       0x26 CMakeFiles/fnirs_ddc_pio_shk.dir/C_/Users/Alfonso_Samuel/Documents/pico/pico-sdk/src/common/pico_util/pheap.c.obj
 *fill*         0x10007cb2        0x2 
 .rodata.__func__.0
                0x10007cb4       0x18 CMakeFiles/fnirs_ddc_pio_shk.dir/C_/Users/Alfonso_Samuel/Documents/pico/pico-sdk/src/common/pico_util/pheap.c.obj
 .rodata.__func__.1
                0x10007ccc       0x13 CMakeFiles/fnirs_ddc_pio_shk.dir/C_/Users/Alfonso_Samuel/Documents/pico/pico-sdk/src/common/pico_util/pheap.c.obj
 *fill*         0x10007cdf        0x1 
 .rodata.__func__.2
                0x10007ce0       0x12 CMakeFiles/fnirs_ddc_pio_shk.dir/C_/Users/Alfonso_Samuel/Documents/pico/pico-sdk/src/common/pico_util/pheap.c.obj
 *fill*         0x10007cf2        0x2 
 .rodata.__func__.3
                0x10007cf4        0xc CMakeFiles/fnirs_ddc_pio_shk.dir/C_/Users/Alfonso_Samuel/Documents/pico/pico-sdk/src/common/pico_util/pheap.c.obj
 .rodata.__assert_func.str1.4
                0x10007d00       0x3f CMakeFiles/fnirs_ddc_pio_shk.dir/C_/Users/Alfonso_Samuel/Documents/pico/pico-sdk/src/rp2_common/pico_runtime/runtime.c.obj
                                 0x43 (size before relaxing)
 *fill*         0x10007d3f        0x1 
 .rodata.panic.str1.4
                0x10007d40       0x10 CMakeFiles/fnirs_ddc_pio_shk.dir/C_/Users/Alfonso_Samuel/Documents/pico/pico-sdk/src/rp2_common/pico_runtime/runtime.c.obj
                                 0x12 (size before relaxing)
 .rodata.clock_configure.str1.4
                0x10007d50       0x6c CMakeFiles/fnirs_ddc_pio_shk.dir/C_/Users/Alfonso_Samuel/Documents/pico/pico-sdk/src/rp2_common/hardware_clocks/clocks.c.obj
 .rodata.__func__.1
                0x10007dbc       0x10 CMakeFiles/fnirs_ddc_pio_shk.dir/C_/Users/Alfonso_Samuel/Documents/pico/pico-sdk/src/rp2_common/hardware_clocks/clocks.c.obj
 .rodata.make_branch.str1.4
                0x10007dcc       0x62 CMakeFiles/fnirs_ddc_pio_shk.dir/C_/Users/Alfonso_Samuel/Documents/pico/pico-sdk/src/rp2_common/hardware_irq/irq.c.obj
 *fill*         0x10007e2e        0x2 
 .rodata.irq_set_exclusive_handler.str1.4
                0x10007e30       0x36 CMakeFiles/fnirs_ddc_pio_shk.dir/C_/Users/Alfonso_Samuel/Documents/pico/pico-sdk/src/rp2_common/hardware_irq/irq.c.obj
 *fill*         0x10007e66        0x2 
 .rodata.irq_add_shared_handler.str1.4
                0x10007e68       0xd9 CMakeFiles/fnirs_ddc_pio_shk.dir/C_/Users/Alfonso_Samuel/Documents/pico/pico-sdk/src/rp2_common/hardware_irq/irq.c.obj
 *fill*         0x10007f41        0x3 
 .rodata.irq_remove_handler.str1.4
                0x10007f44       0x2a CMakeFiles/fnirs_ddc_pio_shk.dir/C_/Users/Alfonso_Samuel/Documents/pico/pico-sdk/src/rp2_common/hardware_irq/irq.c.obj
 *fill*         0x10007f6e        0x2 
 .rodata.irq_add_tail_to_free_list.str1.4
                0x10007f70       0x32 CMakeFiles/fnirs_ddc_pio_shk.dir/C_/Users/Alfonso_Samuel/Documents/pico/pico-sdk/src/rp2_common/hardware_irq/irq.c.obj
                                 0x3a (size before relaxing)
 *fill*         0x10007fa2        0x2 
 .rodata.__func__.0
                0x10007fa4       0x1a CMakeFiles/fnirs_ddc_pio_shk.dir/C_/Users/Alfonso_Samuel/Documents/pico/pico-sdk/src/rp2_common/hardware_irq/irq.c.obj
 *fill*         0x10007fbe        0x2 
 .rodata.__func__.1
                0x10007fc0       0x17 CMakeFiles/fnirs_ddc_pio_shk.dir/C_/Users/Alfonso_Samuel/Documents/pico/pico-sdk/src/rp2_common/hardware_irq/irq.c.obj
 *fill*         0x10007fd7        0x1 
 .rodata.__func__.2
                0x10007fd8       0x13 CMakeFiles/fnirs_ddc_pio_shk.dir/C_/Users/Alfonso_Samuel/Documents/pico/pico-sdk/src/rp2_common/hardware_irq/irq.c.obj
 *fill*         0x10007feb        0x1 
 .rodata.__func__.3
                0x10007fec        0xc CMakeFiles/fnirs_ddc_pio_shk.dir/C_/Users/Alfonso_Samuel/Documents/pico/pico-sdk/src/rp2_common/hardware_irq/irq.c.obj
 .rodata.__func__.4
                0x10007ff8        0xf CMakeFiles/fnirs_ddc_pio_shk.dir/C_/Users/Alfonso_Samuel/Documents/pico/pico-sdk/src/rp2_common/hardware_irq/irq.c.obj
 *fill*         0x10008007        0x1 
 .rodata.__func__.6
                0x10008008       0x1a CMakeFiles/fnirs_ddc_pio_shk.dir/C_/Users/Alfonso_Samuel/Documents/pico/pico-sdk/src/rp2_common/hardware_irq/irq.c.obj
 *fill*         0x10008022        0x2 
 .rodata.pll_init.str1.4
                0x10008024       0xef CMakeFiles/fnirs_ddc_pio_shk.dir/C_/Users/Alfonso_Samuel/Documents/pico/pico-sdk/src/rp2_common/hardware_pll/pll.c.obj
 *fill*         0x10008113        0x1 
 .rodata.__func__.0
                0x10008114        0x9 CMakeFiles/fnirs_ddc_pio_shk.dir/C_/Users/Alfonso_Samuel/Documents/pico/pico-sdk/src/rp2_common/hardware_pll/pll.c.obj
 *fill*         0x1000811d        0x3 
 .rodata._ftoa.str1.4
                0x10008120       0x15 CMakeFiles/fnirs_ddc_pio_shk.dir/C_/Users/Alfonso_Samuel/Documents/pico/pico-sdk/src/rp2_common/pico_printf/printf.c.obj
 *fill*         0x10008135        0x3 
 .rodata._vsnprintf
                0x10008138      0x1e0 CMakeFiles/fnirs_ddc_pio_shk.dir/C_/Users/Alfonso_Samuel/Documents/pico/pico-sdk/src/rp2_common/pico_printf/printf.c.obj
 .rodata.pow10.0
                0x10008318       0x50 CMakeFiles/fnirs_ddc_pio_shk.dir/C_/Users/Alfonso_Samuel/Documents/pico/pico-sdk/src/rp2_common/pico_printf/printf.c.obj
 .rodata.__aeabi_double_init.str1.4
                0x10008368       0xbd CMakeFiles/fnirs_ddc_pio_shk.dir/C_/Users/Alfonso_Samuel/Documents/pico/pico-sdk/src/rp2_common/pico_double/double_init_rom.c.obj
 *fill*         0x10008425        0x3 
 .rodata.__func__.0
                0x10008428       0x14 CMakeFiles/fnirs_ddc_pio_shk.dir/C_/Users/Alfonso_Samuel/Documents/pico/pico-sdk/src/rp2_common/pico_double/double_init_rom.c.obj
 .rodata.__aeabi_float_init.str1.4
                0x1000843c       0x8f CMakeFiles/fnirs_ddc_pio_shk.dir/C_/Users/Alfonso_Samuel/Documents/pico/pico-sdk/src/rp2_common/pico_float/float_init_rom.c.obj
                                 0x93 (size before relaxing)
 *fill*         0x100084cb        0x1 
 .rodata.__func__.0
                0x100084cc       0x13 CMakeFiles/fnirs_ddc_pio_shk.dir/C_/Users/Alfonso_Samuel/Documents/pico/pico-sdk/src/rp2_common/pico_float/float_init_rom.c.obj
 *fill*         0x100084df        0x1 
 .rodata.str1.4
                0x100084e0       0x48 CMakeFiles/fnirs_ddc_pio_shk.dir/C_/Users/Alfonso_Samuel/Documents/pico/pico-sdk/src/rp2_common/pico_standard_link/binary_info.c.obj
 .rodata.__bi_44
                0x10008528        0xc CMakeFiles/fnirs_ddc_pio_shk.dir/C_/Users/Alfonso_Samuel/Documents/pico/pico-sdk/src/rp2_common/pico_standard_link/binary_info.c.obj
 .rodata.__bi_75
                0x10008534        0xc CMakeFiles/fnirs_ddc_pio_shk.dir/C_/Users/Alfonso_Samuel/Documents/pico/pico-sdk/src/rp2_common/pico_standard_link/binary_info.c.obj
 .rodata.__bi_81
                0x10008540        0xc CMakeFiles/fnirs_ddc_pio_shk.dir/C_/Users/Alfonso_Samuel/Documents/pico/pico-sdk/src/rp2_common/pico_standard_link/binary_info.c.obj
 .rodata.crlf_str.3
                0x1000854c        0x2 CMakeFiles/fnirs_ddc_pio_shk.dir/C_/Users/Alfonso_Samuel/Documents/pico/pico-sdk/src/rp2_common/pico_stdio/stdio.c.obj
 *fill*         0x1000854e        0x2 
 .rodata._resetd_driver
                0x10008550       0x18 CMakeFiles/fnirs_ddc_pio_shk.dir/C_/Users/Alfonso_Samuel/Documents/pico/pico-sdk/src/rp2_common/pico_stdio_usb/reset_interface.c.obj
 .rodata.stdio_usb_init.str1.4
                0x10008568       0x6e CMakeFiles/fnirs_ddc_pio_shk.dir/C_/Users/Alfonso_Samuel/Documents/pico/pico-sdk/src/rp2_common/pico_stdio_usb/stdio_usb.c.obj
 .rodata.str1.4
                0x10008568       0x13 CMakeFiles/fnirs_ddc_pio_shk.dir/C_/Users/Alfonso_Samuel/Documents/pico/pico-sdk/src/rp2_common/pico_stdio_usb/stdio_usb.c.obj
 *fill*         0x1000857b        0x1 
 .rodata.__bi_93.1
                0x1000857c        0xc CMakeFiles/fnirs_ddc_pio_shk.dir/C_/Users/Alfonso_Samuel/Documents/pico/pico-sdk/src/rp2_common/pico_stdio_usb/stdio_usb.c.obj
 .rodata.__func__.0
                0x10008588       0x15 CMakeFiles/fnirs_ddc_pio_shk.dir/C_/Users/Alfonso_Samuel/Documents/pico/pico-sdk/src/rp2_common/pico_stdio_usb/stdio_usb.c.obj
 *fill*         0x1000859d        0x3 
 .rodata.str1.4
                0x100085a0       0x2a CMakeFiles/fnirs_ddc_pio_shk.dir/C_/Users/Alfonso_Samuel/Documents/pico/pico-sdk/src/rp2_common/pico_stdio_usb/stdio_usb_descriptors.c.obj
 *fill*         0x100085ca        0x2 
 .rodata.usbd_desc_cfg
                0x100085cc       0x54 CMakeFiles/fnirs_ddc_pio_shk.dir/C_/Users/Alfonso_Samuel/Documents/pico/pico-sdk/src/rp2_common/pico_stdio_usb/stdio_usb_descriptors.c.obj
 .rodata.usbd_desc_device
                0x10008620       0x12 CMakeFiles/fnirs_ddc_pio_shk.dir/C_/Users/Alfonso_Samuel/Documents/pico/pico-sdk/src/rp2_common/pico_stdio_usb/stdio_usb_descriptors.c.obj
 *fill*         0x10008632        0x2 
 .rodata.usbd_desc_str
                0x10008634       0x18 CMakeFiles/fnirs_ddc_pio_shk.dir/C_/Users/Alfonso_Samuel/Documents/pico/pico-sdk/src/rp2_common/pico_stdio_usb/stdio_usb_descriptors.c.obj
 .rodata._hw_endpoint_alloc.str1.4
                0x1000864c       0xcd CMakeFiles/fnirs_ddc_pio_shk.dir/C_/Users/Alfonso_Samuel/Documents/pico/pico-sdk/lib/tinyusb/src/portable/raspberrypi/rp2040/dcd_rp2040.c.obj
 *fill*         0x10008719        0x3 
 .rodata._hw_endpoint_init.str1.4
                0x1000871c       0x28 CMakeFiles/fnirs_ddc_pio_shk.dir/C_/Users/Alfonso_Samuel/Documents/pico/pico-sdk/lib/tinyusb/src/portable/raspberrypi/rp2040/dcd_rp2040.c.obj
 .rodata.hw_handle_buff_status.str1.4
                0x10008744        0xb CMakeFiles/fnirs_ddc_pio_shk.dir/C_/Users/Alfonso_Samuel/Documents/pico/pico-sdk/lib/tinyusb/src/portable/raspberrypi/rp2040/dcd_rp2040.c.obj
 *fill*         0x1000874f        0x1 
 .rodata.dcd_rp2040_irq.str1.4
                0x10008750       0x14 CMakeFiles/fnirs_ddc_pio_shk.dir/C_/Users/Alfonso_Samuel/Documents/pico/pico-sdk/lib/tinyusb/src/portable/raspberrypi/rp2040/dcd_rp2040.c.obj
 .rodata._hw_endpoint_stall.str1.4
                0x10008764        0xd CMakeFiles/fnirs_ddc_pio_shk.dir/C_/Users/Alfonso_Samuel/Documents/pico/pico-sdk/lib/tinyusb/src/portable/raspberrypi/rp2040/dcd_rp2040.c.obj
 *fill*         0x10008771        0x3 
 .rodata.dcd_int_enable.str1.4
                0x10008774        0xc CMakeFiles/fnirs_ddc_pio_shk.dir/C_/Users/Alfonso_Samuel/Documents/pico/pico-sdk/lib/tinyusb/src/portable/raspberrypi/rp2040/dcd_rp2040.c.obj
 .rodata.__func__.0
                0x10008780       0x15 CMakeFiles/fnirs_ddc_pio_shk.dir/C_/Users/Alfonso_Samuel/Documents/pico/pico-sdk/lib/tinyusb/src/portable/raspberrypi/rp2040/dcd_rp2040.c.obj
 *fill*         0x10008795        0x3 
 .rodata.__func__.1
                0x10008798       0x13 CMakeFiles/fnirs_ddc_pio_shk.dir/C_/Users/Alfonso_Samuel/Documents/pico/pico-sdk/lib/tinyusb/src/portable/raspberrypi/rp2040/dcd_rp2040.c.obj
 *fill*         0x100087ab        0x1 
 .rodata.__func__.11
                0x100087ac        0xf CMakeFiles/fnirs_ddc_pio_shk.dir/C_/Users/Alfonso_Samuel/Documents/pico/pico-sdk/lib/tinyusb/src/portable/raspberrypi/rp2040/dcd_rp2040.c.obj
 *fill*         0x100087bb        0x1 
 .rodata.__func__.12
                0x100087bc       0x13 CMakeFiles/fnirs_ddc_pio_shk.dir/C_/Users/Alfonso_Samuel/Documents/pico/pico-sdk/lib/tinyusb/src/portable/raspberrypi/rp2040/dcd_rp2040.c.obj
 *fill*         0x100087cf        0x1 
 .rodata.__func__.13
                0x100087d0       0x16 CMakeFiles/fnirs_ddc_pio_shk.dir/C_/Users/Alfonso_Samuel/Documents/pico/pico-sdk/lib/tinyusb/src/portable/raspberrypi/rp2040/dcd_rp2040.c.obj
 *fill*         0x100087e6        0x2 
 .rodata.__func__.14
                0x100087e8        0x9 CMakeFiles/fnirs_ddc_pio_shk.dir/C_/Users/Alfonso_Samuel/Documents/pico/pico-sdk/lib/tinyusb/src/portable/raspberrypi/rp2040/dcd_rp2040.c.obj
 *fill*         0x100087f1        0x3 
 .rodata.__func__.2
                0x100087f4        0xf CMakeFiles/fnirs_ddc_pio_shk.dir/C_/Users/Alfonso_Samuel/Documents/pico/pico-sdk/lib/tinyusb/src/portable/raspberrypi/rp2040/dcd_rp2040.c.obj
 *fill*         0x10008803        0x1 
 .rodata.__func__.3
                0x10008804        0xe CMakeFiles/fnirs_ddc_pio_shk.dir/C_/Users/Alfonso_Samuel/Documents/pico/pico-sdk/lib/tinyusb/src/portable/raspberrypi/rp2040/dcd_rp2040.c.obj
 *fill*         0x10008812        0x2 
 .rodata.__func__.4
                0x10008814        0xe CMakeFiles/fnirs_ddc_pio_shk.dir/C_/Users/Alfonso_Samuel/Documents/pico/pico-sdk/lib/tinyusb/src/portable/raspberrypi/rp2040/dcd_rp2040.c.obj
 *fill*         0x10008822        0x2 
 .rodata.__func__.5
                0x10008824       0x1a CMakeFiles/fnirs_ddc_pio_shk.dir/C_/Users/Alfonso_Samuel/Documents/pico/pico-sdk/lib/tinyusb/src/portable/raspberrypi/rp2040/dcd_rp2040.c.obj
 *fill*         0x1000883e        0x2 
 .rodata.__func__.6
                0x10008840        0xc CMakeFiles/fnirs_ddc_pio_shk.dir/C_/Users/Alfonso_Samuel/Documents/pico/pico-sdk/lib/tinyusb/src/portable/raspberrypi/rp2040/dcd_rp2040.c.obj
 .rodata.__func__.9
                0x1000884c       0x10 CMakeFiles/fnirs_ddc_pio_shk.dir/C_/Users/Alfonso_Samuel/Documents/pico/pico-sdk/lib/tinyusb/src/portable/raspberrypi/rp2040/dcd_rp2040.c.obj
 .rodata._hw_endpoint_buffer_control_update32.str1.4
                0x1000885c       0x1f CMakeFiles/fnirs_ddc_pio_shk.dir/C_/Users/Alfonso_Samuel/Documents/pico/pico-sdk/lib/tinyusb/src/portable/raspberrypi/rp2040/rp2040_usb.c.obj
 *fill*         0x1000887b        0x1 
 .rodata._hw_endpoint_xfer_sync.str1.4
                0x1000887c       0xa9 CMakeFiles/fnirs_ddc_pio_shk.dir/C_/Users/Alfonso_Samuel/Documents/pico/pico-sdk/lib/tinyusb/src/portable/raspberrypi/rp2040/rp2040_usb.c.obj
 *fill*         0x10008925        0x3 
 .rodata._hw_endpoint_xfer_continue.str1.4
                0x10008928       0x50 CMakeFiles/fnirs_ddc_pio_shk.dir/C_/Users/Alfonso_Samuel/Documents/pico/pico-sdk/lib/tinyusb/src/portable/raspberrypi/rp2040/rp2040_usb.c.obj
 .rodata._hw_endpoint_xfer.str1.4
                0x10008978        0xf CMakeFiles/fnirs_ddc_pio_shk.dir/C_/Users/Alfonso_Samuel/Documents/pico/pico-sdk/lib/tinyusb/src/portable/raspberrypi/rp2040/rp2040_usb.c.obj
 *fill*         0x10008987        0x1 
 .rodata.str1.4
                0x10008988        0x7 CMakeFiles/fnirs_ddc_pio_shk.dir/C_/Users/Alfonso_Samuel/Documents/pico/pico-sdk/lib/tinyusb/src/portable/raspberrypi/rp2040/rp2040_usb.c.obj
 *fill*         0x1000898f        0x1 
 .rodata.__func__.0
                0x10008990       0x12 CMakeFiles/fnirs_ddc_pio_shk.dir/C_/Users/Alfonso_Samuel/Documents/pico/pico-sdk/lib/tinyusb/src/portable/raspberrypi/rp2040/rp2040_usb.c.obj
 *fill*         0x100089a2        0x2 
 .rodata.__func__.1
                0x100089a4       0x17 CMakeFiles/fnirs_ddc_pio_shk.dir/C_/Users/Alfonso_Samuel/Documents/pico/pico-sdk/lib/tinyusb/src/portable/raspberrypi/rp2040/rp2040_usb.c.obj
 *fill*         0x100089bb        0x1 
 .rodata.process_set_config.str1.4
                0x100089bc       0x17 CMakeFiles/fnirs_ddc_pio_shk.dir/C_/Users/Alfonso_Samuel/Documents/pico/pico-sdk/lib/tinyusb/src/device/usbd.c.obj
 *fill*         0x100089d3        0x1 
 .rodata.process_get_descriptor
                0x100089d4       0x40 CMakeFiles/fnirs_ddc_pio_shk.dir/C_/Users/Alfonso_Samuel/Documents/pico/pico-sdk/lib/tinyusb/src/device/usbd.c.obj
 .rodata.process_control_request
                0x10008a14       0x28 CMakeFiles/fnirs_ddc_pio_shk.dir/C_/Users/Alfonso_Samuel/Documents/pico/pico-sdk/lib/tinyusb/src/device/usbd.c.obj
 .rodata.tud_task
                0x10008a3c       0x24 CMakeFiles/fnirs_ddc_pio_shk.dir/C_/Users/Alfonso_Samuel/Documents/pico/pico-sdk/lib/tinyusb/src/device/usbd.c.obj
 .rodata.__func__.2
                0x10008a60        0xf CMakeFiles/fnirs_ddc_pio_shk.dir/C_/Users/Alfonso_Samuel/Documents/pico/pico-sdk/lib/tinyusb/src/device/usbd.c.obj
 *fill*         0x10008a6f        0x1 
 .rodata.__func__.3
                0x10008a70        0xf CMakeFiles/fnirs_ddc_pio_shk.dir/C_/Users/Alfonso_Samuel/Documents/pico/pico-sdk/lib/tinyusb/src/device/usbd.c.obj
 *fill*         0x10008a7f        0x1 
 .rodata.__func__.4
                0x10008a80       0x14 CMakeFiles/fnirs_ddc_pio_shk.dir/C_/Users/Alfonso_Samuel/Documents/pico/pico-sdk/lib/tinyusb/src/device/usbd.c.obj
 .rodata.__func__.5
                0x10008a94       0x10 CMakeFiles/fnirs_ddc_pio_shk.dir/C_/Users/Alfonso_Samuel/Documents/pico/pico-sdk/lib/tinyusb/src/device/usbd.c.obj
 .rodata.__func__.6
                0x10008aa4       0x17 CMakeFiles/fnirs_ddc_pio_shk.dir/C_/Users/Alfonso_Samuel/Documents/pico/pico-sdk/lib/tinyusb/src/device/usbd.c.obj
 *fill*         0x10008abb        0x1 
 .rodata.__func__.7
                0x10008abc       0x13 CMakeFiles/fnirs_ddc_pio_shk.dir/C_/Users/Alfonso_Samuel/Documents/pico/pico-sdk/lib/tinyusb/src/device/usbd.c.obj
 *fill*         0x10008acf        0x1 
 .rodata.__func__.8
                0x10008ad0       0x18 CMakeFiles/fnirs_ddc_pio_shk.dir/C_/Users/Alfonso_Samuel/Documents/pico/pico-sdk/lib/tinyusb/src/device/usbd.c.obj
 .rodata.__func__.9
                0x10008ae8        0x9 CMakeFiles/fnirs_ddc_pio_shk.dir/C_/Users/Alfonso_Samuel/Documents/pico/pico-sdk/lib/tinyusb/src/device/usbd.c.obj
 *fill*         0x10008af1        0x3 
 .rodata._usbd_driver
                0x10008af4       0x18 CMakeFiles/fnirs_ddc_pio_shk.dir/C_/Users/Alfonso_Samuel/Documents/pico/pico-sdk/lib/tinyusb/src/device/usbd.c.obj
 .rodata.tud_control_xfer.str1.4
                0x10008b0c       0x17 CMakeFiles/fnirs_ddc_pio_shk.dir/C_/Users/Alfonso_Samuel/Documents/pico/pico-sdk/lib/tinyusb/src/device/usbd_control.c.obj
 .rodata.__func__.0
                0x10008b0c       0x15 CMakeFiles/fnirs_ddc_pio_shk.dir/C_/Users/Alfonso_Samuel/Documents/pico/pico-sdk/lib/tinyusb/src/device/usbd_control.c.obj