Archive member included to satisfy reference by file (symbol)

c:/progra~2/gnuarm~1/102020~1/bin/../lib/gcc/arm-none-eabi/10.2.1/thumb/v6-m/nofp\libgcc.a(_dvmd_tls.o)
                              CMakeFiles/fnirs_ddc_pio_shk.dir/C_/Users/Alfonso_Samuel/Documents/pico/pico-sdk/src/rp2_common/pico_divider/divider.S.obj (__aeabi_idiv0)
c:/progra~2/gnuarm~1/102020~1/bin/../lib/gcc/arm-none-eabi/10.2.1/../../../../arm-none-eabi/lib/thumb/v6-m/nofp\libg.a(lib_a-calloc.o)
                              CMakeFiles/fnirs_ddc_pio_shk.dir/C_/Users/Alfonso_Samuel/Documents/pico/pico-sdk/src/rp2_common/pico_malloc/pico_malloc.c.obj (calloc)
c:/progra~2/gnuarm~1/102020~1/bin/../lib/gcc/arm-none-eabi/10.2.1/../../../../arm-none-eabi/lib/thumb/v6-m/nofp\libg.a(lib_a-callocr.o)
                              c:/progra~2/gnuarm~1/102020~1/bin/../lib/gcc/arm-none-eabi/10.2.1/../../../../arm-none-eabi/lib/thumb/v6-m/nofp\libg.a(lib_a-calloc.o) (_calloc_r)
c:/progra~2/gnuarm~1/102020~1/bin/../lib/gcc/arm-none-eabi/10.2.1/../../../../arm-none-eabi/lib/thumb/v6-m/nofp\libg.a(lib_a-ctype_.o)
                              CMakeFiles/fnirs_ddc_pio_shk.dir/C_/Users/Alfonso_Samuel/Documents/pico/pico-sdk/lib/tinyusb/src/tusb.c.obj (_ctype_)
c:/progra~2/gnuarm~1/102020~1/bin/../lib/gcc/arm-none-eabi/10.2.1/../../../../arm-none-eabi/lib/thumb/v6-m/nofp\libg.a(lib_a-impure.o)
                              c:/progra~2/gnuarm~1/102020~1/bin/../lib/gcc/arm-none-eabi/10.2.1/../../../../arm-none-eabi/lib/thumb/v6-m/nofp\libg.a(lib_a-calloc.o) (_impure_ptr)
c:/progra~2/gnuarm~1/102020~1/bin/../lib/gcc/arm-none-eabi/10.2.1/../../../../arm-none-eabi/lib/thumb/v6-m/nofp\libg.a(lib_a-init.o)
                              c:/progra~2/gnuarm~1/102020~1/bin/../lib/gcc/arm-none-eabi/10.2.1/../../../../arm-none-eabi/lib/thumb/v6-m/nofp/crt0.o (__libc_init_array)
c:/progra~2/gnuarm~1/102020~1/bin/../lib/gcc/arm-none-eabi/10.2.1/../../../../arm-none-eabi/lib/thumb/v6-m/nofp\libg.a(lib_a-malloc.o)
                              CMakeFiles/fnirs_ddc_pio_shk.dir/C_/Users/Alfonso_Samuel/Documents/pico/pico-sdk/src/rp2_common/pico_malloc/pico_malloc.c.obj (malloc)
c:/progra~2/gnuarm~1/102020~1/bin/../lib/gcc/arm-none-eabi/10.2.1/../../../../arm-none-eabi/lib/thumb/v6-m/nofp\libg.a(lib_a-mallocr.o)
                              c:/progra~2/gnuarm~1/102020~1/bin/../lib/gcc/arm-none-eabi/10.2.1/../../../../arm-none-eabi/lib/thumb/v6-m/nofp\libg.a(lib_a-callocr.o) (_malloc_r)
c:/progra~2/gnuarm~1/102020~1/bin/../lib/gcc/arm-none-eabi/10.2.1/../../../../arm-none-eabi/lib/thumb/v6-m/nofp\libg.a(lib_a-mlock.o)
                              c:/progra~2/gnuarm~1/102020~1/bin/../lib/gcc/arm-none-eabi/10.2.1/../../../../arm-none-eabi/lib/thumb/v6-m/nofp\libg.a(lib_a-mallocr.o) (__malloc_lock)
c:/progra~2/gnuarm~1/102020~1/bin/../lib/gcc/arm-none-eabi/10.2.1/../../../../arm-none-eabi/lib/thumb/v6-m/nofp\libg.a(lib_a-sbrkr.o)
                              c:/progra~2/gnuarm~1/102020~1/bin/../lib/gcc/arm-none-eabi/10.2.1/../../../../arm-none-eabi/lib/thumb/v6-m/nofp\libg.a(lib_a-mallocr.o) (_sbrk_r)
c:/progra~2/gnuarm~1/102020~1/bin/../lib/gcc/arm-none-eabi/10.2.1/../../../../arm-none-eabi/lib/thumb/v6-m/nofp\libg.a(lib_a-strlen-stub.o)
                              CMakeFiles/fnirs_ddc_pio_shk.dir/C_/Users/Alfonso_Samuel/Documents/pico/pico-sdk/src/rp2_common/pico_stdio/stdio.c.obj (strlen)
c:/progra~2/gnuarm~1/102020~1/bin/../lib/gcc/arm-none-eabi/10.2.1/../../../../arm-none-eabi/lib/thumb/v6-m/nofp\libg.a(lib_a-freer.o)
                              c:/progra~2/gnuarm~1/102020~1/bin/../lib/gcc/arm-none-eabi/10.2.1/../../../../arm-none-eabi/lib/thumb/v6-m/nofp\libg.a(lib_a-malloc.o) (_free_r)
c:/progra~2/gnuarm~1/102020~1/bin/../lib/gcc/arm-none-eabi/10.2.1/../../../../arm-none-eabi/lib/thumb/v6-m/nofp\libg.a(lib_a-lock.o)
                              c:/progra~2/gnuarm~1/102020~1/bin/../lib/gcc/arm-none-eabi/10.2.1/../../../../arm-none-eabi/lib/thumb/v6-m/nofp\libg.a(lib_a-mlock.o) (__retarget_lock_acquire_recursive)
c:/progra~2/gnuarm~1/102020~1/bin/../lib/gcc/arm-none-eabi/10.2.1/../../../../arm-none-eabi/lib/thumb/v6-m/nofp\libg.a(lib_a-reent.o)
                              c:/progra~2/gnuarm~1/102020~1/bin/../lib/gcc/arm-none-eabi/10.2.1/../../../../arm-none-eabi/lib/thumb/v6-m/nofp\libg.a(lib_a-sbrkr.o) (errno)

Discarded input sections

 .text          0x00000000        0x0 c:/progra~2/gnuarm~1/102020~1/bin/../lib/gcc/arm-none-eabi/10.2.1/thumb/v6-m/nofp/crti.o
 .data          0x00000000        0x0 c:/progra~2/gnuarm~1/102020~1/bin/../lib/gcc/arm-none-eabi/10.2.1/thumb/v6-m/nofp/crti.o
 .bss           0x00000000        0x0 c:/progra~2/gnuarm~1/102020~1/bin/../lib/gcc/arm-none-eabi/10.2.1/thumb/v6-m/nofp/crti.o
 .data          0x00000000        0x4 c:/progra~2/gnuarm~1/102020~1/bin/../lib/gcc/arm-none-eabi/10.2.1/thumb/v6-m/nofp/crtbegin.o
[...]
Memory Configuration

Name             Origin             Length             Attributes
FLASH            0x10000000         0x00200000         xr
RAM              0x20000000         0x00040000         xrw
SCRATCH_X        0x20040000         0x00001000         xrw
SCRATCH_Y        0x20041000         0x00001000         xrw
*default*        0x00000000         0xffffffff

Linker script and memory map

LOAD c:/progra~2/gnuarm~1/102020~1/bin/../lib/gcc/arm-none-eabi/10.2.1/thumb/v6-m/nofp/crti.o
LOAD c:/progra~2/gnuarm~1/102020~1/bin/../lib/gcc/arm-none-eabi/10.2.1/thumb/v6-m/nofp/crtbegin.o
LOAD c:/progra~2/gnuarm~1/102020~1/bin/../lib/gcc/arm-none-eabi/10.2.1/../../../../arm-none-eabi/lib/thumb/v6-m/nofp/crt0.o

.flash_begin    0x10000000        0x0
                0x10000000                __flash_binary_start = .

.boot2          0x10000000      0x100
                0x10000000                __boot2_start__ = .
 *(.boot2)
 .boot2         0x10000000      0x100 C:\Users\ALFONS~1\AppData\Local\Temp\ccyNrUMF.o
                0x10000100                __boot2_end__ = .
                0x00000001                ASSERT (((__boot2_end__ - __boot2_start__) == 0x100), ERROR: Pico second stage bootloader must be 256 bytes in size)

.text           0x10000100     0x7500
                0x10000100                __logical_binary_start = .
 *(.vectors)
 .vectors       0x10000100       0xd4 CMakeFiles/fnirs_ddc_pio_shk.dir/C_/Users/Alfonso_Samuel/Documents/pico/pico-sdk/src/rp2_common/pico_standard_link/crt0.S.obj
                0x10000100                __VECTOR_TABLE
                0x10000100                __vectors
                0x100001c0                isr_invalid
                0x100001c0                __default_isrs_start
                0x100001c2                isr_nmi
                0x100001c4                isr_hardfault
                0x100001c6                isr_svcall
                0x100001c8                isr_pendsv
                0x100001ca                isr_systick
                0x100001cc                isr_irq23
                0x100001cc                isr_irq18
                0x100001cc                isr_irq11
                0x100001cc                isr_irq28
                0x100001cc                isr_irq19
                0x100001cc                isr_irq0
                0x100001cc                isr_irq6
                0x100001cc                isr_irq5
                0x100001cc                isr_irq12
                0x100001cc                isr_irq22
                0x100001cc                isr_irq31
                0x100001cc                isr_irq17
                0x100001cc                isr_irq27
                0x100001cc                isr_irq30
                0x100001cc                isr_irq2
                0x100001cc                isr_irq10
                0x100001cc                isr_irq8
                0x100001cc                isr_irq24
                0x100001cc                isr_irq1
                0x100001cc                isr_irq7
                0x100001cc                isr_irq21
                0x100001cc                isr_irq20
                0x100001cc                isr_irq15
                0x100001cc                isr_irq25
                0x100001cc                isr_irq13
                0x100001cc                __unhandled_user_irq
                0x100001cc                isr_irq4
                0x100001cc                isr_irq16
                0x100001cc                isr_irq29
                0x100001cc                isr_irq26
                0x100001cc                __default_isrs_end
                0x100001cc                isr_irq3
                0x100001cc                isr_irq14
                0x100001cc                isr_irq9
                0x100001d2                unhandled_user_irq_num_in_r0
 *(.binary_info_header)
 .binary_info_header
                0x100001d4       0x14 CMakeFiles/fnirs_ddc_pio_shk.dir/C_/Users/Alfonso_Samuel/Documents/pico/pico-sdk/src/rp2_common/pico_standard_link/crt0.S.obj
                0x100001e8                __binary_info_header_end = .
 *(.reset)
 .reset         0x100001e8       0xa8 CMakeFiles/fnirs_ddc_pio_shk.dir/C_/Users/Alfonso_Samuel/Documents/pico/pico-sdk/src/rp2_common/pico_standard_link/crt0.S.obj
                0x100001e8                _entry_point
                0x10000266                __get_current_exception
 .reset         0x10000290       0x30 CMakeFiles/fnirs_ddc_pio_shk.dir/C_/Users/Alfonso_Samuel/Documents/pico/pico-sdk/src/rp2_common/pico_standard_link/binary_info.c.obj
 *(.init)
 .init          0x100002c0        0x4 c:/progra~2/gnuarm~1/102020~1/bin/../lib/gcc/arm-none-eabi/10.2.1/thumb/v6-m/nofp/crti.o
                0x100002c0                _init
 *(EXCLUDE_FILE(*libm.a: *libc.a:*lib_a-mem*.o *libgcc.a:) .text*)
 .text          0x100002c4       0x48 c:/progra~2/gnuarm~1/102020~1/bin/../lib/gcc/arm-none-eabi/10.2.1/thumb/v6-m/nofp/crtbegin.o
 .text.pio_get_default_sm_config
                0x1000030c       0x28 CMakeFiles/fnirs_ddc_pio_shk.dir/fnirs_ddc_pio_shk.c.obj
 .text.clockActive
                0x10000334       0x1a CMakeFiles/fnirs_ddc_pio_shk.dir/fnirs_ddc_pio_shk.c.obj
                0x10000334                clockActive
 .text.allPinLow
                0x1000034e       0x6e CMakeFiles/fnirs_ddc_pio_shk.dir/fnirs_ddc_pio_shk.c.obj
                0x1000034e                allPinLow
 .text.resetProgram
                0x100003bc       0x22 CMakeFiles/fnirs_ddc_pio_shk.dir/fnirs_ddc_pio_shk.c.obj
                0x100003bc                resetProgram
 .text.setDirection
                0x100003de       0x22 CMakeFiles/fnirs_ddc_pio_shk.dir/fnirs_ddc_pio_shk.c.obj
                0x100003de                setDirection
 .text.calculateValue
                0x10000400       0xa0 CMakeFiles/fnirs_ddc_pio_shk.dir/fnirs_ddc_pio_shk.c.obj
                0x10000400                calculateValue
 .text.main     0x100004a0      0x1b0 CMakeFiles/fnirs_ddc_pio_shk.dir/fnirs_ddc_pio_shk.c.obj
                0x100004a0                main
 .text.gpio_set_function
                0x10000650       0x30 CMakeFiles/fnirs_ddc_pio_shk.dir/C_/Users/Alfonso_Samuel/Documents/pico/pico-sdk/src/rp2_common/hardware_gpio/gpio.c.obj
                0x10000650                gpio_set_function
 .text.gpio_set_outover
                0x10000680       0x24 CMakeFiles/fnirs_ddc_pio_shk.dir/C_/Users/Alfonso_Samuel/Documents/pico/pico-sdk/src/rp2_common/hardware_gpio/gpio.c.obj
                0x10000680                gpio_set_outover
 .text.gpio_init
                0x100006a4       0x16 CMakeFiles/fnirs_ddc_pio_shk.dir/C_/Users/Alfonso_Samuel/Documents/pico/pico-sdk/src/rp2_common/hardware_gpio/gpio.c.obj
                0x100006a4                gpio_init
 *fill*         0x100006ba        0x2 
 .text.hw_claim_lock
                0x100006bc       0x18 CMakeFiles/fnirs_ddc_pio_shk.dir/C_/Users/Alfonso_Samuel/Documents/pico/pico-sdk/src/rp2_common/hardware_claim/claim.c.obj
                0x100006bc                hw_claim_lock
 .text.hw_claim_unlock
                0x100006d4       0x14 CMakeFiles/fnirs_ddc_pio_shk.dir/C_/Users/Alfonso_Samuel/Documents/pico/pico-sdk/src/rp2_common/hardware_claim/claim.c.obj
                0x100006d4                hw_claim_unlock
 .text.hw_claim_or_assert
                0x100006e8       0x32 CMakeFiles/fnirs_ddc_pio_shk.dir/C_/Users/Alfonso_Samuel/Documents/pico/pico-sdk/src/rp2_common/hardware_claim/claim.c.obj
                0x100006e8                hw_claim_or_assert
 .text.hw_claim_unused_from_range
                0x1000071a       0x50 CMakeFiles/fnirs_ddc_pio_shk.dir/C_/Users/Alfonso_Samuel/Documents/pico/pico-sdk/src/rp2_common/hardware_claim/claim.c.obj
                0x1000071a                hw_claim_unused_from_range
 *fill*         0x1000076a        0x2 
 .text.running_on_fpga
                0x1000076c       0x14 CMakeFiles/fnirs_ddc_pio_shk.dir/C_/Users/Alfonso_Samuel/Documents/pico/pico-sdk/src/rp2_common/pico_platform/platform.c.obj
                0x1000076c                running_on_fpga
 .text.spin_locks_reset
                0x10000780       0x20 CMakeFiles/fnirs_ddc_pio_shk.dir/C_/Users/Alfonso_Samuel/Documents/pico/pico-sdk/src/rp2_common/hardware_sync/sync.c.obj
                0x10000780                spin_locks_reset
 .text.next_striped_spin_lock_num
                0x100007a0       0x1c CMakeFiles/fnirs_ddc_pio_shk.dir/C_/Users/Alfonso_Samuel/Documents/pico/pico-sdk/src/rp2_common/hardware_sync/sync.c.obj
                0x100007a0                next_striped_spin_lock_num
 .text.spin_lock_claim_unused
                0x100007bc       0x20 CMakeFiles/fnirs_ddc_pio_shk.dir/C_/Users/Alfonso_Samuel/Documents/pico/pico-sdk/src/rp2_common/hardware_sync/sync.c.obj
                0x100007bc                spin_lock_claim_unused
 .text.alarm_pool_post_alloc_init
                0x100007dc       0x40 CMakeFiles/fnirs_ddc_pio_shk.dir/C_/Users/Alfonso_Samuel/Documents/pico/pico-sdk/src/common/pico_time/time.c.obj
 .text.sleep_until_callback
                0x1000081c       0x30 CMakeFiles/fnirs_ddc_pio_shk.dir/C_/Users/Alfonso_Samuel/Documents/pico/pico-sdk/src/common/pico_time/time.c.obj
 .text.timer_pool_entry_comparator
                0x1000084c       0x7c CMakeFiles/fnirs_ddc_pio_shk.dir/C_/Users/Alfonso_Samuel/Documents/pico/pico-sdk/src/common/pico_time/time.c.obj
                0x1000084c                timer_pool_entry_comparator
 .text.ph_add_child_node
                0x100008c8       0xa4 CMakeFiles/fnirs_ddc_pio_shk.dir/C_/Users/Alfonso_Samuel/Documents/pico/pico-sdk/src/common/pico_time/time.c.obj
 .text.ph_merge_nodes
                0x1000096c       0x3e CMakeFiles/fnirs_ddc_pio_shk.dir/C_/Users/Alfonso_Samuel/Documents/pico/pico-sdk/src/common/pico_time/time.c.obj
 *fill*         0x100009aa        0x2 
 .text.add_alarm_under_lock
                0x100009ac      0x174 CMakeFiles/fnirs_ddc_pio_shk.dir/C_/Users/Alfonso_Samuel/Documents/pico/pico-sdk/src/common/pico_time/time.c.obj
 .text.alarm_pool_alarm_callback
                0x10000b20      0x328 CMakeFiles/fnirs_ddc_pio_shk.dir/C_/Users/Alfonso_Samuel/Documents/pico/pico-sdk/src/common/pico_time/time.c.obj
 .text.alarm_pool_init_default
                0x10000e48       0x38 CMakeFiles/fnirs_ddc_pio_shk.dir/C_/Users/Alfonso_Samuel/Documents/pico/pico-sdk/src/common/pico_time/time.c.obj
                0x10000e48                alarm_pool_init_default
 .text.alarm_pool_get_default
                0x10000e80       0x2c CMakeFiles/fnirs_ddc_pio_shk.dir/C_/Users/Alfonso_Samuel/Documents/pico/pico-sdk/src/common/pico_time/time.c.obj
                0x10000e80                alarm_pool_get_default
 .text.alarm_pool_add_alarm_at
                0x10000eac      0x170 CMakeFiles/fnirs_ddc_pio_shk.dir/C_/Users/Alfonso_Samuel/Documents/pico/pico-sdk/src/common/pico_time/time.c.obj
                0x10000eac                alarm_pool_add_alarm_at
 .text.alarm_pool_cancel_alarm
                0x1000101c       0xec CMakeFiles/fnirs_ddc_pio_shk.dir/C_/Users/Alfonso_Samuel/Documents/pico/pico-sdk/src/common/pico_time/time.c.obj
                0x1000101c                alarm_pool_cancel_alarm
 .text.best_effort_wfe_or_timeout
                0x10001108       0x80 CMakeFiles/fnirs_ddc_pio_shk.dir/C_/Users/Alfonso_Samuel/Documents/pico/pico-sdk/src/common/pico_time/time.c.obj
                0x10001108                best_effort_wfe_or_timeout
 .text.hardware_alarm_irq_handler
                0x10001188       0x8c CMakeFiles/fnirs_ddc_pio_shk.dir/C_/Users/Alfonso_Samuel/Documents/pico/pico-sdk/src/rp2_common/hardware_timer/timer.c.obj
 .text.hardware_alarm_claim
                0x10001214       0x18 CMakeFiles/fnirs_ddc_pio_shk.dir/C_/Users/Alfonso_Samuel/Documents/pico/pico-sdk/src/rp2_common/hardware_timer/timer.c.obj
                0x10001214                hardware_alarm_claim
 .text.time_us_64
                0x1000122c       0x18 CMakeFiles/fnirs_ddc_pio_shk.dir/C_/Users/Alfonso_Samuel/Documents/pico/pico-sdk/src/rp2_common/hardware_timer/timer.c.obj
                0x1000122c                time_us_64
 .text.busy_wait_until
                0x10001244       0x28 CMakeFiles/fnirs_ddc_pio_shk.dir/C_/Users/Alfonso_Samuel/Documents/pico/pico-sdk/src/rp2_common/hardware_timer/timer.c.obj
                0x10001244                busy_wait_until
 .text.busy_wait_us
                0x1000126c       0x48 CMakeFiles/fnirs_ddc_pio_shk.dir/C_/Users/Alfonso_Samuel/Documents/pico/pico-sdk/src/rp2_common/hardware_timer/timer.c.obj
                0x1000126c                busy_wait_us
 .text.busy_wait_us_32
                0x100012b4       0x24 CMakeFiles/fnirs_ddc_pio_shk.dir/C_/Users/Alfonso_Samuel/Documents/pico/pico-sdk/src/rp2_common/hardware_timer/timer.c.obj
                0x100012b4                busy_wait_us_32
 .text.busy_wait_ms
                0x100012d8       0x30 CMakeFiles/fnirs_ddc_pio_shk.dir/C_/Users/Alfonso_Samuel/Documents/pico/pico-sdk/src/rp2_common/hardware_timer/timer.c.obj
                0x100012d8                busy_wait_ms
 .text.hardware_alarm_set_callback
                0x10001308       0x90 CMakeFiles/fnirs_ddc_pio_shk.dir/C_/Users/Alfonso_Samuel/Documents/pico/pico-sdk/src/rp2_common/hardware_timer/timer.c.obj
                0x10001308                hardware_alarm_set_callback
 .text.hardware_alarm_set_target
                0x10001398       0xe8 CMakeFiles/fnirs_ddc_pio_shk.dir/C_/Users/Alfonso_Samuel/Documents/pico/pico-sdk/src/rp2_common/hardware_timer/timer.c.obj
                0x10001398                hardware_alarm_set_target
 .text.hardware_alarm_cancel
                0x10001480       0x40 CMakeFiles/fnirs_ddc_pio_shk.dir/C_/Users/Alfonso_Samuel/Documents/pico/pico-sdk/src/rp2_common/hardware_timer/timer.c.obj
                0x10001480                hardware_alarm_cancel
 .text.lock_init
                0x100014c0       0x10 CMakeFiles/fnirs_ddc_pio_shk.dir/C_/Users/Alfonso_Samuel/Documents/pico/pico-sdk/src/common/pico_sync/lock_core.c.obj
                0x100014c0                lock_init
 .text.mutex_init_internal
                0x100014d0       0x1e CMakeFiles/fnirs_ddc_pio_shk.dir/C_/Users/Alfonso_Samuel/Documents/pico/pico-sdk/src/common/pico_sync/mutex.c.obj
 .text.mutex_init
                0x100014ee        0xa CMakeFiles/fnirs_ddc_pio_shk.dir/C_/Users/Alfonso_Samuel/Documents/pico/pico-sdk/src/common/pico_sync/mutex.c.obj
                0x100014ee                mutex_init
 .text.recursive_mutex_init
                0x100014f8        0xa CMakeFiles/fnirs_ddc_pio_shk.dir/C_/Users/Alfonso_Samuel/Documents/pico/pico-sdk/src/common/pico_sync/mutex.c.obj
                0x100014f8                recursive_mutex_init
 *fill*         0x10001502        0x2 
 .text.critical_section_init_with_lock_num
                0x10001504       0x14 CMakeFiles/fnirs_ddc_pio_shk.dir/C_/Users/Alfonso_Samuel/Documents/pico/pico-sdk/src/common/pico_sync/critical_section.c.obj
                0x10001504                critical_section_init_with_lock_num
 .text.critical_section_init
                0x10001518       0x14 CMakeFiles/fnirs_ddc_pio_shk.dir/C_/Users/Alfonso_Samuel/Documents/pico/pico-sdk/src/common/pico_sync/critical_section.c.obj
                0x10001518                critical_section_init
 .text.ph_add_child_node
                0x1000152c       0xa4 CMakeFiles/fnirs_ddc_pio_shk.dir/C_/Users/Alfonso_Samuel/Documents/pico/pico-sdk/src/common/pico_util/pheap.c.obj
 .text.ph_merge_nodes
                0x100015d0       0x3e CMakeFiles/fnirs_ddc_pio_shk.dir/C_/Users/Alfonso_Samuel/Documents/pico/pico-sdk/src/common/pico_util/pheap.c.obj
 *fill*         0x1000160e        0x2 
 .text.ph_clear
                0x10001610       0x70 CMakeFiles/fnirs_ddc_pio_shk.dir/C_/Users/Alfonso_Samuel/Documents/pico/pico-sdk/src/common/pico_util/pheap.c.obj
                0x10001610                ph_clear
 .text.ph_post_alloc_init
                0x10001680        0xe CMakeFiles/fnirs_ddc_pio_shk.dir/C_/Users/Alfonso_Samuel/Documents/pico/pico-sdk/src/common/pico_util/pheap.c.obj
                0x10001680                ph_post_alloc_init
 *fill*         0x1000168e        0x2 
 .text.ph_merge_two_pass
                0x10001690       0xa8 CMakeFiles/fnirs_ddc_pio_shk.dir/C_/Users/Alfonso_Samuel/Documents/pico/pico-sdk/src/common/pico_util/pheap.c.obj
                0x10001690                ph_merge_two_pass
 .text.ph_remove_any_head
                0x10001738      0x108 CMakeFiles/fnirs_ddc_pio_shk.dir/C_/Users/Alfonso_Samuel/Documents/pico/pico-sdk/src/common/pico_util/pheap.c.obj
 .text.ph_remove_head
                0x10001840       0x14 CMakeFiles/fnirs_ddc_pio_shk.dir/C_/Users/Alfonso_Samuel/Documents/pico/pico-sdk/src/common/pico_util/pheap.c.obj
                0x10001840                ph_remove_head
 .text.ph_remove_and_free_node
                0x10001854       0xf8 CMakeFiles/fnirs_ddc_pio_shk.dir/C_/Users/Alfonso_Samuel/Documents/pico/pico-sdk/src/common/pico_util/pheap.c.obj
                0x10001854                ph_remove_and_free_node
 .text.runtime_init
                0x1000194c       0xd8 CMakeFiles/fnirs_ddc_pio_shk.dir/C_/Users/Alfonso_Samuel/Documents/pico/pico-sdk/src/rp2_common/pico_runtime/runtime.c.obj
                0x1000194c                runtime_init
 .text._exit    0x10001a24        0x4 CMakeFiles/fnirs_ddc_pio_shk.dir/C_/Users/Alfonso_Samuel/Documents/pico/pico-sdk/src/rp2_common/pico_runtime/runtime.c.obj
                0x10001a24                _exit
 .text.exit     0x10001a28        0x6 CMakeFiles/fnirs_ddc_pio_shk.dir/C_/Users/Alfonso_Samuel/Documents/pico/pico-sdk/src/rp2_common/pico_runtime/runtime.c.obj
                0x10001a28                exit
 *fill*         0x10001a2e        0x2 
 .text.__assert_func
                0x10001a30       0x3c CMakeFiles/fnirs_ddc_pio_shk.dir/C_/Users/Alfonso_Samuel/Documents/pico/pico-sdk/src/rp2_common/pico_runtime/runtime.c.obj
                0x10001a30                __assert_func
 .text.panic    0x10001a6c       0x30 CMakeFiles/fnirs_ddc_pio_shk.dir/C_/Users/Alfonso_Samuel/Documents/pico/pico-sdk/src/rp2_common/pico_runtime/runtime.c.obj
                0x10001a6c                panic
 .text.clock_configure
                0x10001a9c      0x104 CMakeFiles/fnirs_ddc_pio_shk.dir/C_/Users/Alfonso_Samuel/Documents/pico/pico-sdk/src/rp2_common/hardware_clocks/clocks.c.obj
                0x10001a9c                clock_configure
 .text.clocks_init
                0x10001ba0      0x100 CMakeFiles/fnirs_ddc_pio_shk.dir/C_/Users/Alfonso_Samuel/Documents/pico/pico-sdk/src/rp2_common/hardware_clocks/clocks.c.obj
                0x10001ba0                clocks_init
 .text.clock_gpio_init
                0x10001ca0       0x4c CMakeFiles/fnirs_ddc_pio_shk.dir/C_/Users/Alfonso_Samuel/Documents/pico/pico-sdk/src/rp2_common/hardware_clocks/clocks.c.obj
                0x10001ca0                clock_gpio_init
 .text.set_raw_irq_handler_and_unlock
                0x10001cec       0x28 CMakeFiles/fnirs_ddc_pio_shk.dir/C_/Users/Alfonso_Samuel/Documents/pico/pico-sdk/src/rp2_common/hardware_irq/irq.c.obj
 .text.make_branch
                0x10001d14       0x34 CMakeFiles/fnirs_ddc_pio_shk.dir/C_/Users/Alfonso_Samuel/Documents/pico/pico-sdk/src/rp2_common/hardware_irq/irq.c.obj
 .text.insert_branch_and_link
                0x10001d48       0x40 CMakeFiles/fnirs_ddc_pio_shk.dir/C_/Users/Alfonso_Samuel/Documents/pico/pico-sdk/src/rp2_common/hardware_irq/irq.c.obj
 .text.irq_is_enabled
                0x10001d88       0x18 CMakeFiles/fnirs_ddc_pio_shk.dir/C_/Users/Alfonso_Samuel/Documents/pico/pico-sdk/src/rp2_common/hardware_irq/irq.c.obj
                0x10001d88                irq_is_enabled
 .text.irq_set_mask_enabled
                0x10001da0       0x20 CMakeFiles/fnirs_ddc_pio_shk.dir/C_/Users/Alfonso_Samuel/Documents/pico/pico-sdk/src/rp2_common/hardware_irq/irq.c.obj
                0x10001da0                irq_set_mask_enabled
 .text.irq_set_enabled
                0x10001dc0        0xe CMakeFiles/fnirs_ddc_pio_shk.dir/C_/Users/Alfonso_Samuel/Documents/pico/pico-sdk/src/rp2_common/hardware_irq/irq.c.obj
                0x10001dc0                irq_set_enabled
 *fill*         0x10001dce        0x2 
 .text.irq_set_pending
                0x10001dd0       0x10 CMakeFiles/fnirs_ddc_pio_shk.dir/C_/Users/Alfonso_Samuel/Documents/pico/pico-sdk/src/rp2_common/hardware_irq/irq.c.obj
                0x10001dd0                irq_set_pending
 .text.irq_get_vtable_handler
                0x10001de0       0x10 CMakeFiles/fnirs_ddc_pio_shk.dir/C_/Users/Alfonso_Samuel/Documents/pico/pico-sdk/src/rp2_common/hardware_irq/irq.c.obj
                0x10001de0                irq_get_vtable_handler
 .text.irq_set_exclusive_handler
                0x10001df0       0x54 CMakeFiles/fnirs_ddc_pio_shk.dir/C_/Users/Alfonso_Samuel/Documents/pico/pico-sdk/src/rp2_common/hardware_irq/irq.c.obj
                0x10001df0                irq_set_exclusive_handler
 .text.irq_remove_handler
                0x10001e44      0x1ac CMakeFiles/fnirs_ddc_pio_shk.dir/C_/Users/Alfonso_Samuel/Documents/pico/pico-sdk/src/rp2_common/hardware_irq/irq.c.obj
                0x10001e44                irq_remove_handler
 .text.irq_set_priority
                0x10001ff0       0x28 CMakeFiles/fnirs_ddc_pio_shk.dir/C_/Users/Alfonso_Samuel/Documents/pico/pico-sdk/src/rp2_common/hardware_irq/irq.c.obj
                0x10001ff0                irq_set_priority
 .text.irq_add_tail_to_free_list
                0x10002018       0xf0 CMakeFiles/fnirs_ddc_pio_shk.dir/C_/Users/Alfonso_Samuel/Documents/pico/pico-sdk/src/rp2_common/hardware_irq/irq.c.obj
                0x10002018                irq_add_tail_to_free_list
 .text.irq_init_priorities
                0x10002108       0x16 CMakeFiles/fnirs_ddc_pio_shk.dir/C_/Users/Alfonso_Samuel/Documents/pico/pico-sdk/src/rp2_common/hardware_irq/irq.c.obj
                0x10002108                irq_init_priorities
 *fill*         0x1000211e        0x2 
 .text.pll_init
                0x10002120      0x118 CMakeFiles/fnirs_ddc_pio_shk.dir/C_/Users/Alfonso_Samuel/Documents/pico/pico-sdk/src/rp2_common/hardware_pll/pll.c.obj
                0x10002120                pll_init
 .text.watchdog_start_tick
                0x10002238       0x10 CMakeFiles/fnirs_ddc_pio_shk.dir/C_/Users/Alfonso_Samuel/Documents/pico/pico-sdk/src/rp2_common/hardware_watchdog/watchdog.c.obj
                0x10002238                watchdog_start_tick
 .text.watchdog_update
                0x10002248       0x14 CMakeFiles/fnirs_ddc_pio_shk.dir/C_/Users/Alfonso_Samuel/Documents/pico/pico-sdk/src/rp2_common/hardware_watchdog/watchdog.c.obj
                0x10002248                watchdog_update
 .text._watchdog_enable
                0x1000225c       0x70 CMakeFiles/fnirs_ddc_pio_shk.dir/C_/Users/Alfonso_Samuel/Documents/pico/pico-sdk/src/rp2_common/hardware_watchdog/watchdog.c.obj
                0x1000225c                _watchdog_enable
 .text.watchdog_reboot
                0x100022cc       0x48 CMakeFiles/fnirs_ddc_pio_shk.dir/C_/Users/Alfonso_Samuel/Documents/pico/pico-sdk/src/rp2_common/hardware_watchdog/watchdog.c.obj
                0x100022cc                watchdog_reboot
 .text.xosc_init
                0x10002314       0x28 CMakeFiles/fnirs_ddc_pio_shk.dir/C_/Users/Alfonso_Samuel/Documents/pico/pico-sdk/src/rp2_common/hardware_xosc/xosc.c.obj
                0x10002314                xosc_init
 .text._out_null
                0x1000233c        0x2 CMakeFiles/fnirs_ddc_pio_shk.dir/C_/Users/Alfonso_Samuel/Documents/pico/pico-sdk/src/rp2_common/pico_printf/printf.c.obj
 .text._out_fct
                0x1000233e        0xe CMakeFiles/fnirs_ddc_pio_shk.dir/C_/Users/Alfonso_Samuel/Documents/pico/pico-sdk/src/rp2_common/pico_printf/printf.c.obj
 .text._atoi    0x1000234c       0x24 CMakeFiles/fnirs_ddc_pio_shk.dir/C_/Users/Alfonso_Samuel/Documents/pico/pico-sdk/src/rp2_common/pico_printf/printf.c.obj
 .text._out_rev
                0x10002370       0xae CMakeFiles/fnirs_ddc_pio_shk.dir/C_/Users/Alfonso_Samuel/Documents/pico/pico-sdk/src/rp2_common/pico_printf/printf.c.obj
 .text._ntoa_format
                0x1000241e      0x112 CMakeFiles/fnirs_ddc_pio_shk.dir/C_/Users/Alfonso_Samuel/Documents/pico/pico-sdk/src/rp2_common/pico_printf/printf.c.obj
 .text._ntoa_long
                0x10002530       0xbc CMakeFiles/fnirs_ddc_pio_shk.dir/C_/Users/Alfonso_Samuel/Documents/pico/pico-sdk/src/rp2_common/pico_printf/printf.c.obj
 .text._ntoa_long_long
                0x100025ec       0xe2 CMakeFiles/fnirs_ddc_pio_shk.dir/C_/Users/Alfonso_Samuel/Documents/pico/pico-sdk/src/rp2_common/pico_printf/printf.c.obj
 *fill*         0x100026ce        0x2 
 .text._etoa    0x100026d0      0x414 CMakeFiles/fnirs_ddc_pio_shk.dir/C_/Users/Alfonso_Samuel/Documents/pico/pico-sdk/src/rp2_common/pico_printf/printf.c.obj
 .text._ftoa    0x10002ae4      0x354 CMakeFiles/fnirs_ddc_pio_shk.dir/C_/Users/Alfonso_Samuel/Documents/pico/pico-sdk/src/rp2_common/pico_printf/printf.c.obj
 .text._vsnprintf
                0x10002e38      0x624 CMakeFiles/fnirs_ddc_pio_shk.dir/C_/Users/Alfonso_Samuel/Documents/pico/pico-sdk/src/rp2_common/pico_printf/printf.c.obj
 .text.vfctprintf
                0x1000345c       0x20 CMakeFiles/fnirs_ddc_pio_shk.dir/C_/Users/Alfonso_Samuel/Documents/pico/pico-sdk/src/rp2_common/pico_printf/printf.c.obj
                0x1000345c                vfctprintf
 .text          0x1000347c       0x10 CMakeFiles/fnirs_ddc_pio_shk.dir/C_/Users/Alfonso_Samuel/Documents/pico/pico-sdk/src/rp2_common/pico_bit_ops/bit_ops_aeabi.S.obj
 .text.ctzsi    0x1000348c        0xc CMakeFiles/fnirs_ddc_pio_shk.dir/C_/Users/Alfonso_Samuel/Documents/pico/pico-sdk/src/rp2_common/pico_bit_ops/bit_ops_aeabi.S.obj
                0x1000348c                __wrap___ctzsi2
 .text.rom_func_lookup
                0x10003498       0x10 CMakeFiles/fnirs_ddc_pio_shk.dir/C_/Users/Alfonso_Samuel/Documents/pico/pico-sdk/src/rp2_common/pico_bootrom/bootrom.c.obj
                0x10003498                rom_func_lookup
 .text.rom_data_lookup
                0x100034a8       0x10 CMakeFiles/fnirs_ddc_pio_shk.dir/C_/Users/Alfonso_Samuel/Documents/pico/pico-sdk/src/rp2_common/pico_bootrom/bootrom.c.obj
                0x100034a8                rom_data_lookup
 .text.rom_funcs_lookup
                0x100034b8       0x36 CMakeFiles/fnirs_ddc_pio_shk.dir/C_/Users/Alfonso_Samuel/Documents/pico/pico-sdk/src/rp2_common/pico_bootrom/bootrom.c.obj
                0x100034b8                rom_funcs_lookup
 *fill*         0x100034ee        0x2 
 .text.__wrap___aeabi_idiv
                0x100034f0       0x50 CMakeFiles/fnirs_ddc_pio_shk.dir/C_/Users/Alfonso_Samuel/Documents/pico/pico-sdk/src/rp2_common/pico_divider/divider.S.obj
                0x100034f0                __wrap___aeabi_idivmod
                0x100034f0                divmod_s32s32
                0x100034f0                div_s32s32
                0x100034f0                __wrap___aeabi_idiv
                0x100034f8                divmod_s32s32_unsafe
                0x10003524                divmod_s32s32_savestate
 .text.__wrap___aeabi_uidiv
                0x10003540       0x4c CMakeFiles/fnirs_ddc_pio_shk.dir/C_/Users/Alfonso_Samuel/Documents/pico/pico-sdk/src/rp2_common/pico_divider/divider.S.obj
                0x10003540                __wrap___aeabi_uidiv
                0x10003540                __wrap___aeabi_uidivmod
                0x10003540                div_u32u32
                0x10003540                divmod_u32u32
                0x10003548                divmod_u32u32_unsafe
                0x10003570                divmod_u32u32_savestate
 .text.__wrap___aeabi_ldiv
                0x1000358c      0x430 CMakeFiles/fnirs_ddc_pio_shk.dir/C_/Users/Alfonso_Samuel/Documents/pico/pico-sdk/src/rp2_common/pico_divider/divider.S.obj
                0x1000358c                div_s64s64
                0x1000358c                divmod_s64s64
                0x1000358c                __wrap___aeabi_ldivmod
                0x100035c4                divmod_u64u64
                0x100035c4                div_u64u64
                0x100035c4                __wrap___aeabi_uldivmod
                0x100035d4                divmod_u64u64_savestate
                0x100035fc                divmod_s64s64_unsafe
                0x10003684                divmod_u64u64_unsafe
 .text.__wrap___aeabi_darithmetic
                0x100039bc       0x80 CMakeFiles/fnirs_ddc_pio_shk.dir/C_/Users/Alfonso_Samuel/Documents/pico/pico-sdk/src/rp2_common/pico_double/double_aeabi.S.obj
                0x100039bc                __wrap___aeabi_drsub
                0x100039c2                __wrap___aeabi_dsub
                0x100039d4                __wrap___aeabi_dadd
                0x100039e6                __wrap___aeabi_ddiv
                0x10003a22                __wrap___aeabi_dmul
 .text.__wrap___aeabi_cdcmple
                0x10003a3c       0x6c CMakeFiles/fnirs_ddc_pio_shk.dir/C_/Users/Alfonso_Samuel/Documents/pico/pico-sdk/src/rp2_common/pico_double/double_aeabi.S.obj
                0x10003a3c                __wrap___aeabi_cdrcmple
                0x10003a4c                __wrap___aeabi_cdcmpeq
                0x10003a4c                __wrap___aeabi_cdcmple
 .text.__wrap___aeabi_dcmplt
                0x10003aa8        0xc CMakeFiles/fnirs_ddc_pio_shk.dir/C_/Users/Alfonso_Samuel/Documents/pico/pico-sdk/src/rp2_common/pico_double/double_aeabi.S.obj
                0x10003aa8                __wrap___aeabi_dcmplt
 .text.__wrap___aeabi_dcmple
                0x10003ab4       0x10 CMakeFiles/fnirs_ddc_pio_shk.dir/C_/Users/Alfonso_Samuel/Documents/pico/pico-sdk/src/rp2_common/pico_double/double_aeabi.S.obj
                0x10003ab4                __wrap___aeabi_dcmple
 .text.__wrap___aeabi_dcmpge
                0x10003ac4       0x10 CMakeFiles/fnirs_ddc_pio_shk.dir/C_/Users/Alfonso_Samuel/Documents/pico/pico-sdk/src/rp2_common/pico_double/double_aeabi.S.obj
                0x10003ac4                __wrap___aeabi_dcmpge
 .text.__wrap___aeabi_dcmpgt
                0x10003ad4        0xa CMakeFiles/fnirs_ddc_pio_shk.dir/C_/Users/Alfonso_Samuel/Documents/pico/pico-sdk/src/rp2_common/pico_double/double_aeabi.S.obj
                0x10003ad4                __wrap___aeabi_dcmpgt
 .text.__wrap___aeabi_dcmpun
                0x10003ade       0x1c CMakeFiles/fnirs_ddc_pio_shk.dir/C_/Users/Alfonso_Samuel/Documents/pico/pico-sdk/src/rp2_common/pico_double/double_aeabi.S.obj
                0x10003ade                __wrap___aeabi_dcmpun
 *fill*         0x10003afa        0x2 
 .text.__wrap___aeabi_i2d
                0x10003afc       0x38 CMakeFiles/fnirs_ddc_pio_shk.dir/C_/Users/Alfonso_Samuel/Documents/pico/pico-sdk/src/rp2_common/pico_double/double_aeabi.S.obj
                0x10003afc                __wrap___aeabi_ui2d
                0x10003b04                __wrap___aeabi_i2d
 .text.__wrap___aeabi_d2iz
                0x10003b34       0x48 CMakeFiles/fnirs_ddc_pio_shk.dir/C_/Users/Alfonso_Samuel/Documents/pico/pico-sdk/src/rp2_common/pico_double/double_aeabi.S.obj
                0x10003b34                double2int_z
                0x10003b34                __wrap___aeabi_d2iz
 .text.__wrap___aeabi_d2uiz
                0x10003b7c       0x18 CMakeFiles/fnirs_ddc_pio_shk.dir/C_/Users/Alfonso_Samuel/Documents/pico/pico-sdk/src/rp2_common/pico_double/double_aeabi.S.obj
                0x10003b7c                __wrap___aeabi_d2uiz
                0x10003b7c                double2uint
 .text.__aeabi_double_init
                0x10003b94       0xb8 CMakeFiles/fnirs_ddc_pio_shk.dir/C_/Users/Alfonso_Samuel/Documents/pico/pico-sdk/src/rp2_common/pico_double/double_init_rom.c.obj
                0x10003b94                __aeabi_double_init
 .text.double_table_shim_on_use_helper
                0x10003c4c       0x34 CMakeFiles/fnirs_ddc_pio_shk.dir/C_/Users/Alfonso_Samuel/Documents/pico/pico-sdk/src/rp2_common/pico_double/double_v1_rom_shim.S.obj
                0x10003c4c                double_table_shim_on_use_helper
 .text.__wrap___aeabi_dsub
                0x10003c80       0x10 CMakeFiles/fnirs_ddc_pio_shk.dir/C_/Users/Alfonso_Samuel/Documents/pico/pico-sdk/src/rp2_common/pico_double/double_v1_rom_shim.S.obj
                0x10003c80                drsub_shim
                0x10003c86                dsub_shim
 .text.dadd_shim
                0x10003c90      0x15c CMakeFiles/fnirs_ddc_pio_shk.dir/C_/Users/Alfonso_Samuel/Documents/pico/pico-sdk/src/rp2_common/pico_double/double_v1_rom_shim.S.obj
                0x10003c90                dadd_shim
 .text.dmul_shim
                0x10003dec      0x15c CMakeFiles/fnirs_ddc_pio_shk.dir/C_/Users/Alfonso_Samuel/Documents/pico/pico-sdk/src/rp2_common/pico_double/double_v1_rom_shim.S.obj
                0x10003dec                dmul_shim
 .text.ddiv_shim
                0x10003f48      0x1b0 CMakeFiles/fnirs_ddc_pio_shk.dir/C_/Users/Alfonso_Samuel/Documents/pico/pico-sdk/src/rp2_common/pico_double/double_v1_rom_shim.S.obj
                0x10003f48                ddiv_shim
 .text.dcordic_rot_step
                0x100040f8       0x7c CMakeFiles/fnirs_ddc_pio_shk.dir/C_/Users/Alfonso_Samuel/Documents/pico/pico-sdk/src/rp2_common/pico_double/double_v1_rom_shim.S.obj
                0x100040f8                dcordic_rot_step
 .text.double2uint_shim
                0x10004174        0xe CMakeFiles/fnirs_ddc_pio_shk.dir/C_/Users/Alfonso_Samuel/Documents/pico/pico-sdk/src/rp2_common/pico_double/double_v1_rom_shim.S.obj
                0x10004174                double2uint_shim
                0x10004176                double2ufix_shim
 *fill*         0x10004182        0x2 
 .text.double2uint64_shim
                0x10004184       0x6c CMakeFiles/fnirs_ddc_pio_shk.dir/C_/Users/Alfonso_Samuel/Documents/pico/pico-sdk/src/rp2_common/pico_double/double_v1_rom_shim.S.obj
                0x10004184                double2uint64_shim
                0x10004186                double2ufix64_shim
                0x100041a0                d2fix_a
 .text.dunpacks
                0x100041f0       0x3c CMakeFiles/fnirs_ddc_pio_shk.dir/C_/Users/Alfonso_Samuel/Documents/pico/pico-sdk/src/rp2_common/pico_double/double_v1_rom_shim.S.obj
                0x100041f0                dunpacks
 .text.__aeabi_lmul
                0x1000422c       0x32 CMakeFiles/fnirs_ddc_pio_shk.dir/C_/Users/Alfonso_Samuel/Documents/pico/pico-sdk/src/rp2_common/pico_int64_ops/pico_int64_ops_aeabi.S.obj
                0x1000422c                __wrap___aeabi_lmul
 *fill*         0x1000425e        0x2 
 .text.__aeabi_float_init
                0x10004260       0xfc CMakeFiles/fnirs_ddc_pio_shk.dir/C_/Users/Alfonso_Samuel/Documents/pico/pico-sdk/src/rp2_common/pico_float/float_init_rom.c.obj
                0x10004260                __aeabi_float_init
 .text.float_table_shim_on_use_helper
                0x1000435c       0x34 CMakeFiles/fnirs_ddc_pio_shk.dir/C_/Users/Alfonso_Samuel/Documents/pico/pico-sdk/src/rp2_common/pico_float/float_v1_rom_shim.S.obj
                0x1000435c                float_table_shim_on_use_helper
 .text          0x10004390       0x10 CMakeFiles/fnirs_ddc_pio_shk.dir/C_/Users/Alfonso_Samuel/Documents/pico/pico-sdk/src/rp2_common/pico_mem_ops/mem_ops_aeabi.S.obj
                0x10004390                __aeabi_mem_init
 .text.memset   0x100043a0        0xc CMakeFiles/fnirs_ddc_pio_shk.dir/C_/Users/Alfonso_Samuel/Documents/pico/pico-sdk/src/rp2_common/pico_mem_ops/mem_ops_aeabi.S.obj
                0x100043a0                __wrap_memset
 .text.memcpy   0x100043ac        0xc CMakeFiles/fnirs_ddc_pio_shk.dir/C_/Users/Alfonso_Samuel/Documents/pico/pico-sdk/src/rp2_common/pico_mem_ops/mem_ops_aeabi.S.obj
                0x100043ac                __wrap_memcpy
                0x100043ac                __wrap___aeabi_memcpy
 .text.stdio_out_chars_crlf
                0x100043b8       0x80 CMakeFiles/fnirs_ddc_pio_shk.dir/C_/Users/Alfonso_Samuel/Documents/pico/pico-sdk/src/rp2_common/pico_stdio/stdio.c.obj
 .text.stdio_stack_buffer_flush
                0x10004438       0x44 CMakeFiles/fnirs_ddc_pio_shk.dir/C_/Users/Alfonso_Samuel/Documents/pico/pico-sdk/src/rp2_common/pico_stdio/stdio.c.obj
 .text.stdio_buffered_printer
                0x1000447c       0x20 CMakeFiles/fnirs_ddc_pio_shk.dir/C_/Users/Alfonso_Samuel/Documents/pico/pico-sdk/src/rp2_common/pico_stdio/stdio.c.obj
 .text.stdout_serialize_begin
                0x1000449c       0x30 CMakeFiles/fnirs_ddc_pio_shk.dir/C_/Users/Alfonso_Samuel/Documents/pico/pico-sdk/src/rp2_common/pico_stdio/stdio.c.obj
                0x1000449c                stdout_serialize_begin
 .text.stdout_serialize_end
                0x100044cc       0x10 CMakeFiles/fnirs_ddc_pio_shk.dir/C_/Users/Alfonso_Samuel/Documents/pico/pico-sdk/src/rp2_common/pico_stdio/stdio.c.obj
                0x100044cc                stdout_serialize_end
 .text.stdio_put_string
                0x100044dc       0x84 CMakeFiles/fnirs_ddc_pio_shk.dir/C_/Users/Alfonso_Samuel/Documents/pico/pico-sdk/src/rp2_common/pico_stdio/stdio.c.obj
 .text.stdio_set_driver_enabled
                0x10004560       0x38 CMakeFiles/fnirs_ddc_pio_shk.dir/C_/Users/Alfonso_Samuel/Documents/pico/pico-sdk/src/rp2_common/pico_stdio/stdio.c.obj
                0x10004560                stdio_set_driver_enabled
 .text.stdio_flush
                0x10004598       0x20 CMakeFiles/fnirs_ddc_pio_shk.dir/C_/Users/Alfonso_Samuel/Documents/pico/pico-sdk/src/rp2_common/pico_stdio/stdio.c.obj
                0x10004598                stdio_flush
 .text.__wrap_puts
                0x100045b8       0x1c CMakeFiles/fnirs_ddc_pio_shk.dir/C_/Users/Alfonso_Samuel/Documents/pico/pico-sdk/src/rp2_common/pico_stdio/stdio.c.obj
                0x100045b8                __wrap_puts
 .text.__wrap_vprintf
                0x100045d4       0x44 CMakeFiles/fnirs_ddc_pio_shk.dir/C_/Users/Alfonso_Samuel/Documents/pico/pico-sdk/src/rp2_common/pico_stdio/stdio.c.obj
                0x100045d4                __wrap_vprintf
 .text.__wrap_printf
                0x10004618       0x18 CMakeFiles/fnirs_ddc_pio_shk.dir/C_/Users/Alfonso_Samuel/Documents/pico/pico-sdk/src/rp2_common/pico_stdio/stdio.c.obj
                0x10004618                __wrap_printf
 .text.stdio_init_all
                0x10004630        0x8 CMakeFiles/fnirs_ddc_pio_shk.dir/C_/Users/Alfonso_Samuel/Documents/pico/pico-sdk/src/rp2_common/pico_stdio/stdio.c.obj
                0x10004630                stdio_init_all
 .text.resetd_init
                0x10004638        0x2 CMakeFiles/fnirs_ddc_pio_shk.dir/C_/Users/Alfonso_Samuel/Documents/pico/pico-sdk/src/rp2_common/pico_stdio_usb/reset_interface.c.obj
 *fill*         0x1000463a        0x2 
 .text.resetd_reset
                0x1000463c        0xc CMakeFiles/fnirs_ddc_pio_shk.dir/C_/Users/Alfonso_Samuel/Documents/pico/pico-sdk/src/rp2_common/pico_stdio_usb/reset_interface.c.obj
 .text.resetd_open
                0x10004648       0x34 CMakeFiles/fnirs_ddc_pio_shk.dir/C_/Users/Alfonso_Samuel/Documents/pico/pico-sdk/src/rp2_common/pico_stdio_usb/reset_interface.c.obj
 .text.resetd_xfer_cb
                0x1000467c        0x4 CMakeFiles/fnirs_ddc_pio_shk.dir/C_/Users/Alfonso_Samuel/Documents/pico/pico-sdk/src/rp2_common/pico_stdio_usb/reset_interface.c.obj
 .text.reset_usb_boot
                0x10004680       0x18 CMakeFiles/fnirs_ddc_pio_shk.dir/C_/Users/Alfonso_Samuel/Documents/pico/pico-sdk/src/rp2_common/pico_stdio_usb/reset_interface.c.obj
 .text.resetd_control_xfer_cb
                0x10004698       0x5c CMakeFiles/fnirs_ddc_pio_shk.dir/C_/Users/Alfonso_Samuel/Documents/pico/pico-sdk/src/rp2_common/pico_stdio_usb/reset_interface.c.obj
 .text.usbd_app_driver_get_cb
                0x100046f4        0xc CMakeFiles/fnirs_ddc_pio_shk.dir/C_/Users/Alfonso_Samuel/Documents/pico/pico-sdk/src/rp2_common/pico_stdio_usb/reset_interface.c.obj
                0x100046f4                usbd_app_driver_get_cb
 .text.tud_cdc_line_coding_cb
                0x10004700       0x28 CMakeFiles/fnirs_ddc_pio_shk.dir/C_/Users/Alfonso_Samuel/Documents/pico/pico-sdk/src/rp2_common/pico_stdio_usb/reset_interface.c.obj
                0x10004700                tud_cdc_line_coding_cb
 .text.stdio_usb_in_chars
                0x10004728       0x70 CMakeFiles/fnirs_ddc_pio_shk.dir/C_/Users/Alfonso_Samuel/Documents/pico/pico-sdk/src/rp2_common/pico_stdio_usb/stdio_usb.c.obj
                0x10004728                stdio_usb_in_chars
 .text.low_priority_worker_irq
                0x10004798       0x20 CMakeFiles/fnirs_ddc_pio_shk.dir/C_/Users/Alfonso_Samuel/Documents/pico/pico-sdk/src/rp2_common/pico_stdio_usb/stdio_usb.c.obj
 .text.stdio_usb_out_chars
                0x100047b8       0xd4 CMakeFiles/fnirs_ddc_pio_shk.dir/C_/Users/Alfonso_Samuel/Documents/pico/pico-sdk/src/rp2_common/pico_stdio_usb/stdio_usb.c.obj
 .text.timer_task
                0x1000488c       0x10 CMakeFiles/fnirs_ddc_pio_shk.dir/C_/Users/Alfonso_Samuel/Documents/pico/pico-sdk/src/rp2_common/pico_stdio_usb/stdio_usb.c.obj
 .text.stdio_usb_init
                0x1000489c       0xb8 CMakeFiles/fnirs_ddc_pio_shk.dir/C_/Users/Alfonso_Samuel/Documents/pico/pico-sdk/src/rp2_common/pico_stdio_usb/stdio_usb.c.obj
                0x1000489c                stdio_usb_init
 .text.tud_descriptor_device_cb
                0x10004954        0x8 CMakeFiles/fnirs_ddc_pio_shk.dir/C_/Users/Alfonso_Samuel/Documents/pico/pico-sdk/src/rp2_common/pico_stdio_usb/stdio_usb_descriptors.c.obj
                0x10004954                tud_descriptor_device_cb
 .text.tud_descriptor_configuration_cb
                0x1000495c        0x8 CMakeFiles/fnirs_ddc_pio_shk.dir/C_/Users/Alfonso_Samuel/Documents/pico/pico-sdk/src/rp2_common/pico_stdio_usb/stdio_usb_descriptors.c.obj
                0x1000495c                tud_descriptor_configuration_cb
 .text.tud_descriptor_string_cb
                0x10004964       0x68 CMakeFiles/fnirs_ddc_pio_shk.dir/C_/Users/Alfonso_Samuel/Documents/pico/pico-sdk/src/rp2_common/pico_stdio_usb/stdio_usb_descriptors.c.obj
                0x10004964                tud_descriptor_string_cb
 .text.hw_endpoint_get_by_addr
                0x100049cc       0x18 CMakeFiles/fnirs_ddc_pio_shk.dir/C_/Users/Alfonso_Samuel/Documents/pico/pico-sdk/lib/tinyusb/src/portable/raspberrypi/rp2040/dcd_rp2040.c.obj
 .text.reset_ep0
                0x100049e4       0x2c CMakeFiles/fnirs_ddc_pio_shk.dir/C_/Users/Alfonso_Samuel/Documents/pico/pico-sdk/lib/tinyusb/src/portable/raspberrypi/rp2040/dcd_rp2040.c.obj
 .text._hw_endpoint_alloc
                0x10004a10       0x80 CMakeFiles/fnirs_ddc_pio_shk.dir/C_/Users/Alfonso_Samuel/Documents/pico/pico-sdk/lib/tinyusb/src/portable/raspberrypi/rp2040/dcd_rp2040.c.obj
 .text._hw_endpoint_init
                0x10004a90       0xbc CMakeFiles/fnirs_ddc_pio_shk.dir/C_/Users/Alfonso_Samuel/Documents/pico/pico-sdk/lib/tinyusb/src/portable/raspberrypi/rp2040/dcd_rp2040.c.obj
 .text.hw_endpoint_init
                0x10004b4c       0x18 CMakeFiles/fnirs_ddc_pio_shk.dir/C_/Users/Alfonso_Samuel/Documents/pico/pico-sdk/lib/tinyusb/src/portable/raspberrypi/rp2040/dcd_rp2040.c.obj
 .text.hw_handle_buff_status
                0x10004b64       0xb4 CMakeFiles/fnirs_ddc_pio_shk.dir/C_/Users/Alfonso_Samuel/Documents/pico/pico-sdk/lib/tinyusb/src/portable/raspberrypi/rp2040/dcd_rp2040.c.obj
 .text.dcd_rp2040_irq
                0x10004c18       0xa8 CMakeFiles/fnirs_ddc_pio_shk.dir/C_/Users/Alfonso_Samuel/Documents/pico/pico-sdk/lib/tinyusb/src/portable/raspberrypi/rp2040/dcd_rp2040.c.obj
 .text.hw_endpoint_xfer
                0x10004cc0       0x18 CMakeFiles/fnirs_ddc_pio_shk.dir/C_/Users/Alfonso_Samuel/Documents/pico/pico-sdk/lib/tinyusb/src/portable/raspberrypi/rp2040/dcd_rp2040.c.obj
 .text.ep0_0len_status
                0x10004cd8       0x14 CMakeFiles/fnirs_ddc_pio_shk.dir/C_/Users/Alfonso_Samuel/Documents/pico/pico-sdk/lib/tinyusb/src/portable/raspberrypi/rp2040/dcd_rp2040.c.obj
 .text._hw_endpoint_stall
                0x10004cec       0x54 CMakeFiles/fnirs_ddc_pio_shk.dir/C_/Users/Alfonso_Samuel/Documents/pico/pico-sdk/lib/tinyusb/src/portable/raspberrypi/rp2040/dcd_rp2040.c.obj
 .text.hw_endpoint_stall
                0x10004d40        0xc CMakeFiles/fnirs_ddc_pio_shk.dir/C_/Users/Alfonso_Samuel/Documents/pico/pico-sdk/lib/tinyusb/src/portable/raspberrypi/rp2040/dcd_rp2040.c.obj
 .text._hw_endpoint_clear_stall
                0x10004d4c       0x34 CMakeFiles/fnirs_ddc_pio_shk.dir/C_/Users/Alfonso_Samuel/Documents/pico/pico-sdk/lib/tinyusb/src/portable/raspberrypi/rp2040/dcd_rp2040.c.obj
 .text.hw_endpoint_clear_stall
                0x10004d80        0xc CMakeFiles/fnirs_ddc_pio_shk.dir/C_/Users/Alfonso_Samuel/Documents/pico/pico-sdk/lib/tinyusb/src/portable/raspberrypi/rp2040/dcd_rp2040.c.obj
 .text.dcd_int_enable
                0x10004d8c       0x2c CMakeFiles/fnirs_ddc_pio_shk.dir/C_/Users/Alfonso_Samuel/Documents/pico/pico-sdk/lib/tinyusb/src/portable/raspberrypi/rp2040/dcd_rp2040.c.obj
                0x10004d8c                dcd_int_enable
 .text.dcd_set_address
                0x10004db8       0x28 CMakeFiles/fnirs_ddc_pio_shk.dir/C_/Users/Alfonso_Samuel/Documents/pico/pico-sdk/lib/tinyusb/src/portable/raspberrypi/rp2040/dcd_rp2040.c.obj
                0x10004db8                dcd_set_address
 .text.dcd_connect
                0x10004de0       0x30 CMakeFiles/fnirs_ddc_pio_shk.dir/C_/Users/Alfonso_Samuel/Documents/pico/pico-sdk/lib/tinyusb/src/portable/raspberrypi/rp2040/dcd_rp2040.c.obj
                0x10004de0                dcd_connect
 .text.dcd_init
                0x10004e10       0x84 CMakeFiles/fnirs_ddc_pio_shk.dir/C_/Users/Alfonso_Samuel/Documents/pico/pico-sdk/lib/tinyusb/src/portable/raspberrypi/rp2040/dcd_rp2040.c.obj
                0x10004e10                dcd_init
 .text.dcd_edpt0_status_complete
                0x10004e94       0x40 CMakeFiles/fnirs_ddc_pio_shk.dir/C_/Users/Alfonso_Samuel/Documents/pico/pico-sdk/lib/tinyusb/src/portable/raspberrypi/rp2040/dcd_rp2040.c.obj
                0x10004e94                dcd_edpt0_status_complete
 .text.dcd_edpt_open
                0x10004ed4       0x40 CMakeFiles/fnirs_ddc_pio_shk.dir/C_/Users/Alfonso_Samuel/Documents/pico/pico-sdk/lib/tinyusb/src/portable/raspberrypi/rp2040/dcd_rp2040.c.obj
                0x10004ed4                dcd_edpt_open
 .text.dcd_edpt_xfer
                0x10004f14       0x34 CMakeFiles/fnirs_ddc_pio_shk.dir/C_/Users/Alfonso_Samuel/Documents/pico/pico-sdk/lib/tinyusb/src/portable/raspberrypi/rp2040/dcd_rp2040.c.obj
                0x10004f14                dcd_edpt_xfer
 .text.dcd_edpt_stall
                0x10004f48       0x28 CMakeFiles/fnirs_ddc_pio_shk.dir/C_/Users/Alfonso_Samuel/Documents/pico/pico-sdk/lib/tinyusb/src/portable/raspberrypi/rp2040/dcd_rp2040.c.obj
                0x10004f48                dcd_edpt_stall
 .text.dcd_edpt_clear_stall
                0x10004f70       0x2c CMakeFiles/fnirs_ddc_pio_shk.dir/C_/Users/Alfonso_Samuel/Documents/pico/pico-sdk/lib/tinyusb/src/portable/raspberrypi/rp2040/dcd_rp2040.c.obj
                0x10004f70                dcd_edpt_clear_stall
 .text.rp2040_usb_init
                0x10004f9c       0x50 CMakeFiles/fnirs_ddc_pio_shk.dir/C_/Users/Alfonso_Samuel/Documents/pico/pico-sdk/lib/tinyusb/src/portable/raspberrypi/rp2040/rp2040_usb.c.obj
                0x10004f9c                rp2040_usb_init
 .text.hw_endpoint_reset_transfer
                0x10004fec       0x10 CMakeFiles/fnirs_ddc_pio_shk.dir/C_/Users/Alfonso_Samuel/Documents/pico/pico-sdk/lib/tinyusb/src/portable/raspberrypi/rp2040/rp2040_usb.c.obj
                0x10004fec                hw_endpoint_reset_transfer
 .text._hw_endpoint_buffer_control_update32
                0x10004ffc       0x58 CMakeFiles/fnirs_ddc_pio_shk.dir/C_/Users/Alfonso_Samuel/Documents/pico/pico-sdk/lib/tinyusb/src/portable/raspberrypi/rp2040/rp2040_usb.c.obj
                0x10004ffc                _hw_endpoint_buffer_control_update32
 .text._hw_endpoint_start_next_buffer
                0x10005054       0x50 CMakeFiles/fnirs_ddc_pio_shk.dir/C_/Users/Alfonso_Samuel/Documents/pico/pico-sdk/lib/tinyusb/src/portable/raspberrypi/rp2040/rp2040_usb.c.obj
                0x10005054                _hw_endpoint_start_next_buffer
 .text._hw_endpoint_xfer_start
                0x100050a4       0x3e CMakeFiles/fnirs_ddc_pio_shk.dir/C_/Users/Alfonso_Samuel/Documents/pico/pico-sdk/lib/tinyusb/src/portable/raspberrypi/rp2040/rp2040_usb.c.obj
                0x100050a4                _hw_endpoint_xfer_start
 *fill*         0x100050e2        0x2 
 .text._hw_endpoint_xfer_sync
                0x100050e4       0x74 CMakeFiles/fnirs_ddc_pio_shk.dir/C_/Users/Alfonso_Samuel/Documents/pico/pico-sdk/lib/tinyusb/src/portable/raspberrypi/rp2040/rp2040_usb.c.obj
                0x100050e4                _hw_endpoint_xfer_sync
 .text._hw_endpoint_xfer_continue
                0x10005158       0x60 CMakeFiles/fnirs_ddc_pio_shk.dir/C_/Users/Alfonso_Samuel/Documents/pico/pico-sdk/lib/tinyusb/src/portable/raspberrypi/rp2040/rp2040_usb.c.obj
                0x10005158                _hw_endpoint_xfer_continue
 .text._hw_endpoint_xfer
                0x100051b8       0x34 CMakeFiles/fnirs_ddc_pio_shk.dir/C_/Users/Alfonso_Samuel/Documents/pico/pico-sdk/lib/tinyusb/src/portable/raspberrypi/rp2040/rp2040_usb.c.obj
                0x100051b8                _hw_endpoint_xfer
 .text.mark_interface_endpoint
                0x100051ec       0x2a CMakeFiles/fnirs_ddc_pio_shk.dir/C_/Users/Alfonso_Samuel/Documents/pico/pico-sdk/lib/tinyusb/src/device/usbd.c.obj
 *fill*         0x10005216        0x2 
 .text.usbd_reset
                0x10005218       0x88 CMakeFiles/fnirs_ddc_pio_shk.dir/C_/Users/Alfonso_Samuel/Documents/pico/pico-sdk/lib/tinyusb/src/device/usbd.c.obj
 .text.invoke_class_control
                0x100052a0       0x1a CMakeFiles/fnirs_ddc_pio_shk.dir/C_/Users/Alfonso_Samuel/Documents/pico/pico-sdk/lib/tinyusb/src/device/usbd.c.obj
 *fill*         0x100052ba        0x2 
 .text.process_set_config
                0x100052bc      0x1d4 CMakeFiles/fnirs_ddc_pio_shk.dir/C_/Users/Alfonso_Samuel/Documents/pico/pico-sdk/lib/tinyusb/src/device/usbd.c.obj
 .text.process_get_descriptor
                0x10005490       0xf8 CMakeFiles/fnirs_ddc_pio_shk.dir/C_/Users/Alfonso_Samuel/Documents/pico/pico-sdk/lib/tinyusb/src/device/usbd.c.obj
 .text.tud_mounted
                0x10005588       0x10 CMakeFiles/fnirs_ddc_pio_shk.dir/C_/Users/Alfonso_Samuel/Documents/pico/pico-sdk/lib/tinyusb/src/device/usbd.c.obj
                0x10005588                tud_mounted
 .text.tud_suspended
                0x10005598       0x10 CMakeFiles/fnirs_ddc_pio_shk.dir/C_/Users/Alfonso_Samuel/Documents/pico/pico-sdk/lib/tinyusb/src/device/usbd.c.obj
                0x10005598                tud_suspended
 .text.tud_inited
                0x100055a8        0xc CMakeFiles/fnirs_ddc_pio_shk.dir/C_/Users/Alfonso_Samuel/Documents/pico/pico-sdk/lib/tinyusb/src/device/usbd.c.obj
                0x100055a8                tud_inited
 .text.tud_init
                0x100055b4       0xcc CMakeFiles/fnirs_ddc_pio_shk.dir/C_/Users/Alfonso_Samuel/Documents/pico/pico-sdk/lib/tinyusb/src/device/usbd.c.obj
                0x100055b4                tud_init
 .text.dcd_event_handler
                0x10005680      0x174 CMakeFiles/fnirs_ddc_pio_shk.dir/C_/Users/Alfonso_Samuel/Documents/pico/pico-sdk/lib/tinyusb/src/device/usbd.c.obj
                0x10005680                dcd_event_handler
 .text.dcd_event_bus_signal
                0x100057f4       0x26 CMakeFiles/fnirs_ddc_pio_shk.dir/C_/Users/Alfonso_Samuel/Documents/pico/pico-sdk/lib/tinyusb/src/device/usbd.c.obj
                0x100057f4                dcd_event_bus_signal
 .text.dcd_event_bus_reset
                0x1000581a       0x2a CMakeFiles/fnirs_ddc_pio_shk.dir/C_/Users/Alfonso_Samuel/Documents/pico/pico-sdk/lib/tinyusb/src/device/usbd.c.obj
                0x1000581a                dcd_event_bus_reset
 .text.dcd_event_setup_received
                0x10005844       0x34 CMakeFiles/fnirs_ddc_pio_shk.dir/C_/Users/Alfonso_Samuel/Documents/pico/pico-sdk/lib/tinyusb/src/device/usbd.c.obj
                0x10005844                dcd_event_setup_received
 .text.dcd_event_xfer_complete
                0x10005878       0x44 CMakeFiles/fnirs_ddc_pio_shk.dir/C_/Users/Alfonso_Samuel/Documents/pico/pico-sdk/lib/tinyusb/src/device/usbd.c.obj
                0x10005878                dcd_event_xfer_complete
 .text.usbd_edpt_open
                0x100058bc       0xe0 CMakeFiles/fnirs_ddc_pio_shk.dir/C_/Users/Alfonso_Samuel/Documents/pico/pico-sdk/lib/tinyusb/src/device/usbd.c.obj
                0x100058bc                usbd_edpt_open
 .text.usbd_open_edpt_pair
                0x1000599c       0x8c CMakeFiles/fnirs_ddc_pio_shk.dir/C_/Users/Alfonso_Samuel/Documents/pico/pico-sdk/lib/tinyusb/src/device/usbd.c.obj
                0x1000599c                usbd_open_edpt_pair
 .text.usbd_edpt_claim
                0x10005a28       0x8c CMakeFiles/fnirs_ddc_pio_shk.dir/C_/Users/Alfonso_Samuel/Documents/pico/pico-sdk/lib/tinyusb/src/device/usbd.c.obj
                0x10005a28                usbd_edpt_claim
 .text.usbd_edpt_release
                0x10005ab4       0x68 CMakeFiles/fnirs_ddc_pio_shk.dir/C_/Users/Alfonso_Samuel/Documents/pico/pico-sdk/lib/tinyusb/src/device/usbd.c.obj
                0x10005ab4                usbd_edpt_release
 .text.usbd_edpt_xfer
                0x10005b1c       0x80 CMakeFiles/fnirs_ddc_pio_shk.dir/C_/Users/Alfonso_Samuel/Documents/pico/pico-sdk/lib/tinyusb/src/device/usbd.c.obj
                0x10005b1c                usbd_edpt_xfer
 .text.usbd_edpt_stall
                0x10005b9c       0x2c CMakeFiles/fnirs_ddc_pio_shk.dir/C_/Users/Alfonso_Samuel/Documents/pico/pico-sdk/lib/tinyusb/src/device/usbd.c.obj
                0x10005b9c                usbd_edpt_stall
 .text.usbd_edpt_clear_stall
                0x10005bc8       0x2c CMakeFiles/fnirs_ddc_pio_shk.dir/C_/Users/Alfonso_Samuel/Documents/pico/pico-sdk/lib/tinyusb/src/device/usbd.c.obj
                0x10005bc8                usbd_edpt_clear_stall
 .text.usbd_edpt_stalled
                0x10005bf4       0x1c CMakeFiles/fnirs_ddc_pio_shk.dir/C_/Users/Alfonso_Samuel/Documents/pico/pico-sdk/lib/tinyusb/src/device/usbd.c.obj
                0x10005bf4                usbd_edpt_stalled
 .text.process_control_request
                0x10005c10      0x380 CMakeFiles/fnirs_ddc_pio_shk.dir/C_/Users/Alfonso_Samuel/Documents/pico/pico-sdk/lib/tinyusb/src/device/usbd.c.obj
 .text.tud_task
                0x10005f90      0x204 CMakeFiles/fnirs_ddc_pio_shk.dir/C_/Users/Alfonso_Samuel/Documents/pico/pico-sdk/lib/tinyusb/src/device/usbd.c.obj
                0x10005f90                tud_task
 .text._data_stage_xact
                0x10006194       0x58 CMakeFiles/fnirs_ddc_pio_shk.dir/C_/Users/Alfonso_Samuel/Documents/pico/pico-sdk/lib/tinyusb/src/device/usbd_control.c.obj
 .text.tud_control_status
                0x100061ec       0x38 CMakeFiles/fnirs_ddc_pio_shk.dir/C_/Users/Alfonso_Samuel/Documents/pico/pico-sdk/lib/tinyusb/src/device/usbd_control.c.obj
                0x100061ec                tud_control_status
 .text.tud_control_xfer
                0x10006224       0xa8 CMakeFiles/fnirs_ddc_pio_shk.dir/C_/Users/Alfonso_Samuel/Documents/pico/pico-sdk/lib/tinyusb/src/device/usbd_control.c.obj
                0x10006224                tud_control_xfer
 .text.usbd_control_reset
                0x100062cc       0x14 CMakeFiles/fnirs_ddc_pio_shk.dir/C_/Users/Alfonso_Samuel/Documents/pico/pico-sdk/lib/tinyusb/src/device/usbd_control.c.obj
                0x100062cc                usbd_control_reset
 .text.usbd_control_set_complete_callback
                0x100062e0        0xc CMakeFiles/fnirs_ddc_pio_shk.dir/C_/Users/Alfonso_Samuel/Documents/pico/pico-sdk/lib/tinyusb/src/device/usbd_control.c.obj
                0x100062e0                usbd_control_set_complete_callback
 .text.usbd_control_set_request
                0x100062ec       0x1c CMakeFiles/fnirs_ddc_pio_shk.dir/C_/Users/Alfonso_Samuel/Documents/pico/pico-sdk/lib/tinyusb/src/device/usbd_control.c.obj
                0x100062ec                usbd_control_set_request
 .text.usbd_control_xfer_cb
                0x10006308       0xfc CMakeFiles/fnirs_ddc_pio_shk.dir/C_/Users/Alfonso_Samuel/Documents/pico/pico-sdk/lib/tinyusb/src/device/usbd_control.c.obj
                0x10006308                usbd_control_xfer_cb
 .text._prep_out_transaction
                0x10006404       0x46 CMakeFiles/fnirs_ddc_pio_shk.dir/C_/Users/Alfonso_Samuel/Documents/pico/pico-sdk/lib/tinyusb/src/class/cdc/cdc_device.c.obj
 *fill*         0x1000644a        0x2 
 .text.tud_cdc_n_connected
                0x1000644c       0x44 CMakeFiles/fnirs_ddc_pio_shk.dir/C_/Users/Alfonso_Samuel/Documents/pico/pico-sdk/lib/tinyusb/src/class/cdc/cdc_device.c.obj
                0x1000644c                tud_cdc_n_connected
 .text.tud_cdc_n_available
                0x10006490       0x18 CMakeFiles/fnirs_ddc_pio_shk.dir/C_/Users/Alfonso_Samuel/Documents/pico/pico-sdk/lib/tinyusb/src/class/cdc/cdc_device.c.obj
                0x10006490                tud_cdc_n_available
 .text.tud_cdc_n_read
                0x100064a8       0x28 CMakeFiles/fnirs_ddc_pio_shk.dir/C_/Users/Alfonso_Samuel/Documents/pico/pico-sdk/lib/tinyusb/src/class/cdc/cdc_device.c.obj
                0x100064a8                tud_cdc_n_read
 .text.tud_cdc_n_write_flush
                0x100064d0       0xcc CMakeFiles/fnirs_ddc_pio_shk.dir/C_/Users/Alfonso_Samuel/Documents/pico/pico-sdk/lib/tinyusb/src/class/cdc/cdc_device.c.obj
                0x100064d0                tud_cdc_n_write_flush
 .text.tud_cdc_n_write
                0x1000659c       0x38 CMakeFiles/fnirs_ddc_pio_shk.dir/C_/Users/Alfonso_Samuel/Documents/pico/pico-sdk/lib/tinyusb/src/class/cdc/cdc_device.c.obj
                0x1000659c                tud_cdc_n_write
 .text.tud_cdc_n_write_available
                0x100065d4       0x1c CMakeFiles/fnirs_ddc_pio_shk.dir/C_/Users/Alfonso_Samuel/Documents/pico/pico-sdk/lib/tinyusb/src/class/cdc/cdc_device.c.obj
                0x100065d4                tud_cdc_n_write_available
 .text.cdcd_init
                0x100065f0       0xbc CMakeFiles/fnirs_ddc_pio_shk.dir/C_/Users/Alfonso_Samuel/Documents/pico/pico-sdk/lib/tinyusb/src/class/cdc/cdc_device.c.obj
                0x100065f0                cdcd_init
 .text.cdcd_reset
                0x100066ac       0x44 CMakeFiles/fnirs_ddc_pio_shk.dir/C_/Users/Alfonso_Samuel/Documents/pico/pico-sdk/lib/tinyusb/src/class/cdc/cdc_device.c.obj
                0x100066ac                cdcd_reset
 .text.cdcd_open
                0x100066f0      0x10c CMakeFiles/fnirs_ddc_pio_shk.dir/C_/Users/Alfonso_Samuel/Documents/pico/pico-sdk/lib/tinyusb/src/class/cdc/cdc_device.c.obj
                0x100066f0                cdcd_open
 .text.cdcd_control_xfer_cb
                0x100067fc      0x134 CMakeFiles/fnirs_ddc_pio_shk.dir/C_/Users/Alfonso_Samuel/Documents/pico/pico-sdk/lib/tinyusb/src/class/cdc/cdc_device.c.obj
                0x100067fc                cdcd_control_xfer_cb
 .text.cdcd_xfer_cb
                0x10006930      0x144 CMakeFiles/fnirs_ddc_pio_shk.dir/C_/Users/Alfonso_Samuel/Documents/pico/pico-sdk/lib/tinyusb/src/class/cdc/cdc_device.c.obj
                0x10006930                cdcd_xfer_cb
 .text.tusb_init
                0x10006a74       0x24 CMakeFiles/fnirs_ddc_pio_shk.dir/C_/Users/Alfonso_Samuel/Documents/pico/pico-sdk/lib/tinyusb/src/tusb.c.obj
                0x10006a74                tusb_init
 .text.tusb_inited
                0x10006a98        0xe CMakeFiles/fnirs_ddc_pio_shk.dir/C_/Users/Alfonso_Samuel/Documents/pico/pico-sdk/lib/tinyusb/src/tusb.c.obj
                0x10006a98                tusb_inited
 .text.advance_pointer
                0x10006aa6       0x1e CMakeFiles/fnirs_ddc_pio_shk.dir/C_/Users/Alfonso_Samuel/Documents/pico/pico-sdk/lib/tinyusb/src/common/tusb_fifo.c.obj
 .text.backward_pointer
                0x10006ac4       0x1a CMakeFiles/fnirs_ddc_pio_shk.dir/C_/Users/Alfonso_Samuel/Documents/pico/pico-sdk/lib/tinyusb/src/common/tusb_fifo.c.obj
 .text.get_relative_pointer
                0x10006ade       0x10 CMakeFiles/fnirs_ddc_pio_shk.dir/C_/Users/Alfonso_Samuel/Documents/pico/pico-sdk/lib/tinyusb/src/common/tusb_fifo.c.obj
 .text._tu_fifo_peek
                0x10006aee       0x50 CMakeFiles/fnirs_ddc_pio_shk.dir/C_/Users/Alfonso_Samuel/Documents/pico/pico-sdk/lib/tinyusb/src/common/tusb_fifo.c.obj
 .text._ff_pull_const_addr
                0x10006b3e       0x4c CMakeFiles/fnirs_ddc_pio_shk.dir/C_/Users/Alfonso_Samuel/Documents/pico/pico-sdk/lib/tinyusb/src/common/tusb_fifo.c.obj
 .text._ff_pull_n
                0x10006b8a      0x10c CMakeFiles/fnirs_ddc_pio_shk.dir/C_/Users/Alfonso_Samuel/Documents/pico/pico-sdk/lib/tinyusb/src/common/tusb_fifo.c.obj
 .text._tu_fifo_peek_n
                0x10006c96       0x5e CMakeFiles/fnirs_ddc_pio_shk.dir/C_/Users/Alfonso_Samuel/Documents/pico/pico-sdk/lib/tinyusb/src/common/tusb_fifo.c.obj
 .text._tu_fifo_read_n
                0x10006cf4       0x4e CMakeFiles/fnirs_ddc_pio_shk.dir/C_/Users/Alfonso_Samuel/Documents/pico/pico-sdk/lib/tinyusb/src/common/tusb_fifo.c.obj
 .text._ff_push_const_addr
                0x10006d42       0x40 CMakeFiles/fnirs_ddc_pio_shk.dir/C_/Users/Alfonso_Samuel/Documents/pico/pico-sdk/lib/tinyusb/src/common/tusb_fifo.c.obj
 .text._ff_push_n
                0x10006d82      0x108 CMakeFiles/fnirs_ddc_pio_shk.dir/C_/Users/Alfonso_Samuel/Documents/pico/pico-sdk/lib/tinyusb/src/common/tusb_fifo.c.obj
 .text._tu_fifo_write_n
                0x10006e8a       0x9e CMakeFiles/fnirs_ddc_pio_shk.dir/C_/Users/Alfonso_Samuel/Documents/pico/pico-sdk/lib/tinyusb/src/common/tusb_fifo.c.obj
 .text.tu_fifo_config
                0x10006f28       0x72 CMakeFiles/fnirs_ddc_pio_shk.dir/C_/Users/Alfonso_Samuel/Documents/pico/pico-sdk/lib/tinyusb/src/common/tusb_fifo.c.obj
                0x10006f28                tu_fifo_config
 .text.tu_fifo_count
                0x10006f9a       0x26 CMakeFiles/fnirs_ddc_pio_shk.dir/C_/Users/Alfonso_Samuel/Documents/pico/pico-sdk/lib/tinyusb/src/common/tusb_fifo.c.obj
                0x10006f9a                tu_fifo_count
 .text.tu_fifo_empty
                0x10006fc0       0x10 CMakeFiles/fnirs_ddc_pio_shk.dir/C_/Users/Alfonso_Samuel/Documents/pico/pico-sdk/lib/tinyusb/src/common/tusb_fifo.c.obj
                0x10006fc0                tu_fifo_empty
 .text.tu_fifo_remaining
                0x10006fd0       0x20 CMakeFiles/fnirs_ddc_pio_shk.dir/C_/Users/Alfonso_Samuel/Documents/pico/pico-sdk/lib/tinyusb/src/common/tusb_fifo.c.obj
                0x10006fd0                tu_fifo_remaining
 .text.tu_fifo_read
                0x10006ff0       0x42 CMakeFiles/fnirs_ddc_pio_shk.dir/C_/Users/Alfonso_Samuel/Documents/pico/pico-sdk/lib/tinyusb/src/common/tusb_fifo.c.obj
                0x10006ff0                tu_fifo_read
 .text.tu_fifo_read_n
                0x10007032        0xa CMakeFiles/fnirs_ddc_pio_shk.dir/C_/Users/Alfonso_Samuel/Documents/pico/pico-sdk/lib/tinyusb/src/common/tusb_fifo.c.obj
                0x10007032                tu_fifo_read_n
 .text.tu_fifo_write
                0x1000703c       0x6c CMakeFiles/fnirs_ddc_pio_shk.dir/C_/Users/Alfonso_Samuel/Documents/pico/pico-sdk/lib/tinyusb/src/common/tusb_fifo.c.obj
                0x1000703c                tu_fifo_write
 .text.tu_fifo_write_n
                0x100070a8        0xa CMakeFiles/fnirs_ddc_pio_shk.dir/C_/Users/Alfonso_Samuel/Documents/pico/pico-sdk/lib/tinyusb/src/common/tusb_fifo.c.obj
                0x100070a8                tu_fifo_write_n
 .text.tu_fifo_clear
                0x100070b2       0x4c CMakeFiles/fnirs_ddc_pio_shk.dir/C_/Users/Alfonso_Samuel/Documents/pico/pico-sdk/lib/tinyusb/src/common/tusb_fifo.c.obj
                0x100070b2                tu_fifo_clear
 .text.tu_fifo_set_overwritable
                0x100070fe       0x3c CMakeFiles/fnirs_ddc_pio_shk.dir/C_/Users/Alfonso_Samuel/Documents/pico/pico-sdk/lib/tinyusb/src/common/tusb_fifo.c.obj
                0x100070fe                tu_fifo_set_overwritable
 *fill*         0x1000713a        0x2 
 .text._retrieve_unique_id_on_boot
                0x1000713c       0x10 CMakeFiles/fnirs_ddc_pio_shk.dir/C_/Users/Alfonso_Samuel/Documents/pico/pico-sdk/src/rp2_common/pico_unique_id/unique_id.c.obj
 .text.pico_get_unique_board_id_string
                0x1000714c       0x60 CMakeFiles/fnirs_ddc_pio_shk.dir/C_/Users/Alfonso_Samuel/Documents/pico/pico-sdk/src/rp2_common/pico_unique_id/unique_id.c.obj
                0x1000714c                pico_get_unique_board_id_string
 .text.flash_get_unique_id
                0x100071ac       0x46 CMakeFiles/fnirs_ddc_pio_shk.dir/C_/Users/Alfonso_Samuel/Documents/pico/pico-sdk/src/rp2_common/hardware_flash/flash.c.obj
                0x100071ac                flash_get_unique_id
 *fill*         0x100071f2        0x2 
 .text._pio_can_add_program_at_offset
                0x100071f4       0x3c CMakeFiles/fnirs_ddc_pio_shk.dir/C_/Users/Alfonso_Samuel/Documents/pico/pico-sdk/src/rp2_common/hardware_pio/pio.c.obj
 .text._pio_find_offset_for_program
                0x10007230       0x7c CMakeFiles/fnirs_ddc_pio_shk.dir/C_/Users/Alfonso_Samuel/Documents/pico/pico-sdk/src/rp2_common/hardware_pio/pio.c.obj
 .text._pio_add_program_at_offset
                0x100072ac       0x78 CMakeFiles/fnirs_ddc_pio_shk.dir/C_/Users/Alfonso_Samuel/Documents/pico/pico-sdk/src/rp2_common/hardware_pio/pio.c.obj
 .text.pio_add_program
                0x10007324       0x38 CMakeFiles/fnirs_ddc_pio_shk.dir/C_/Users/Alfonso_Samuel/Documents/pico/pico-sdk/src/rp2_common/hardware_pio/pio.c.obj
                0x10007324                pio_add_program
 .text.pio_sm_set_pins_with_mask
                0x1000735c       0x6c CMakeFiles/fnirs_ddc_pio_shk.dir/C_/Users/Alfonso_Samuel/Documents/pico/pico-sdk/src/rp2_common/hardware_pio/pio.c.obj
                0x1000735c                pio_sm_set_pins_with_mask
 .text.pio_sm_set_pindirs_with_mask
                0x100073c8       0x70 CMakeFiles/fnirs_ddc_pio_shk.dir/C_/Users/Alfonso_Samuel/Documents/pico/pico-sdk/src/rp2_common/hardware_pio/pio.c.obj
                0x100073c8                pio_sm_set_pindirs_with_mask
 .text.pio_sm_init
                0x10007438       0xe4 CMakeFiles/fnirs_ddc_pio_shk.dir/C_/Users/Alfonso_Samuel/Documents/pico/pico-sdk/src/rp2_common/hardware_pio/pio.c.obj
                0x10007438                pio_sm_init
 .text.strlen   0x1000751c       0x5c c:/progra~2/gnuarm~1/102020~1/bin/../lib/gcc/arm-none-eabi/10.2.1/../../../../arm-none-eabi/lib/thumb/v6-m/nofp\libg.a(lib_a-strlen-stub.o)
                0x1000751c                strlen
 *(.fini)
 .fini          0x10007578        0x4 c:/progra~2/gnuarm~1/102020~1/bin/../lib/gcc/arm-none-eabi/10.2.1/thumb/v6-m/nofp/crti.o
                0x10007578                _fini
 *fill*         0x1000757c        0x4 
 .fini.__stub   0x10007580       0x80 linker stubs
 *crtbegin.o(.ctors)
 *crtbegin?.o(.ctors)
 *(EXCLUDE_FILE(*crtend.o *crtend?.o) .ctors)
 *(SORT_BY_NAME(.ctors.*))
 *(.ctors)
 *crtbegin.o(.dtors)
 *crtbegin?.o(.dtors)
 *(EXCLUDE_FILE(*crtend.o *crtend?.o) .dtors)
 *(SORT_BY_NAME(.dtors.*))
 *(.dtors)
 *(.eh_frame*)
 .eh_frame      0x10007600        0x0 c:/progra~2/gnuarm~1/102020~1/bin/../lib/gcc/arm-none-eabi/10.2.1/thumb/v6-m/nofp/crtbegin.o
                0x10007600                . = ALIGN (0x4)

.glue_7         0x10007600        0x0
 .glue_7        0x10007600        0x0 linker stubs

.glue_7t        0x10007600        0x0
 .glue_7t       0x10007600        0x0 linker stubs

.vfp11_veneer   0x10007600        0x0
 .vfp11_veneer  0x10007600        0x0 linker stubs

.v4_bx          0x10007600        0x0
 .v4_bx         0x10007600        0x0 linker stubs

.iplt           0x10007600        0x0
 .iplt          0x10007600        0x0 c:/progra~2/gnuarm~1/102020~1/bin/../lib/gcc/arm-none-eabi/10.2.1/thumb/v6-m/nofp/crtbegin.o

.rodata         0x10007600     0x1810
 *(EXCLUDE_FILE(*libm.a: *libc.a:*lib_a-mem*.o *libgcc.a:) .rodata*)
 .rodata.calculateValue.str1.4
                0x10007600        0xc CMakeFiles/fnirs_ddc_pio_shk.dir/fnirs_ddc_pio_shk.c.obj
 .rodata.main.str1.4
                0x1000760c       0x16 CMakeFiles/fnirs_ddc_pio_shk.dir/fnirs_ddc_pio_shk.c.obj
 *fill*         0x10007622        0x2 
 .rodata        0x10007624        0xc CMakeFiles/fnirs_ddc_pio_shk.dir/fnirs_ddc_pio_shk.c.obj
 .rodata.spi_cpha0_program
                0x10007630        0x6 CMakeFiles/fnirs_ddc_pio_shk.dir/fnirs_ddc_pio_shk.c.obj
 *fill*         0x10007636        0x2 
 .rodata.spi_cpha0_program_instructions
                0x10007638        0x4 CMakeFiles/fnirs_ddc_pio_shk.dir/fnirs_ddc_pio_shk.c.obj
 .rodata.spin_lock_claim_unused.str1.4
                0x1000763c       0x1b CMakeFiles/fnirs_ddc_pio_shk.dir/C_/Users/Alfonso_Samuel/Documents/pico/pico-sdk/src/rp2_common/hardware_sync/sync.c.obj
 *fill*         0x10007657        0x1 
 .rodata.repeating_timer_callback.str1.4
                0x10007658       0x60 CMakeFiles/fnirs_ddc_pio_shk.dir/C_/Users/Alfonso_Samuel/Documents/pico/pico-sdk/src/common/pico_time/time.c.obj
 .rodata.alarm_pool_dump_key.str1.4
                0x100076b8       0x33 CMakeFiles/fnirs_ddc_pio_shk.dir/C_/Users/Alfonso_Samuel/Documents/pico/pico-sdk/src/common/pico_time/time.c.obj
 *fill*         0x100076eb        0x1 
 .rodata.ph_add_child_node.str1.4
                0x100076ec       0xa2 CMakeFiles/fnirs_ddc_pio_shk.dir/C_/Users/Alfonso_Samuel/Documents/pico/pico-sdk/src/common/pico_time/time.c.obj
 *fill*         0x1000778e        0x2 
 .rodata.add_alarm_under_lock.str1.4
                0x10007790       0x28 CMakeFiles/fnirs_ddc_pio_shk.dir/C_/Users/Alfonso_Samuel/Documents/pico/pico-sdk/src/common/pico_time/time.c.obj
                                 0x2b (size before relaxing)
 .rodata.alarm_pool_alarm_callback.str1.4
                0x100077b8       0xf2 CMakeFiles/fnirs_ddc_pio_shk.dir/C_/Users/Alfonso_Samuel/Documents/pico/pico-sdk/src/common/pico_time/time.c.obj
 *fill*         0x100078aa        0x2 
 .rodata.alarm_pool_get_default.str1.4
                0x100078ac       0x21 CMakeFiles/fnirs_ddc_pio_shk.dir/C_/Users/Alfonso_Samuel/Documents/pico/pico-sdk/src/common/pico_time/time.c.obj
 *fill*         0x100078cd        0x3 
 .rodata.alarm_pool_cancel_alarm.str1.4
                0x100078d0       0x27 CMakeFiles/fnirs_ddc_pio_shk.dir/C_/Users/Alfonso_Samuel/Documents/pico/pico-sdk/src/common/pico_time/time.c.obj
 *fill*         0x100078f7        0x1 
 .rodata.__func__.1
                0x100078f8       0x18 CMakeFiles/fnirs_ddc_pio_shk.dir/C_/Users/Alfonso_Samuel/Documents/pico/pico-sdk/src/common/pico_time/time.c.obj
 .rodata.__func__.10
                0x10007910       0x15 CMakeFiles/fnirs_ddc_pio_shk.dir/C_/Users/Alfonso_Samuel/Documents/pico/pico-sdk/src/common/pico_time/time.c.obj
 *fill*         0x10007925        0x3 
 .rodata.__func__.11
                0x10007928       0x1a CMakeFiles/fnirs_ddc_pio_shk.dir/C_/Users/Alfonso_Samuel/Documents/pico/pico-sdk/src/common/pico_time/time.c.obj
 *fill*         0x10007942        0x2 
 .rodata.__func__.12
                0x10007944        0xa CMakeFiles/fnirs_ddc_pio_shk.dir/C_/Users/Alfonso_Samuel/Documents/pico/pico-sdk/src/common/pico_time/time.c.obj
 *fill*         0x1000794e        0x2 
 .rodata.__func__.3
                0x10007950       0x17 CMakeFiles/fnirs_ddc_pio_shk.dir/C_/Users/Alfonso_Samuel/Documents/pico/pico-sdk/src/common/pico_time/time.c.obj
 *fill*         0x10007967        0x1 
 .rodata.__func__.4
                0x10007968       0x12 CMakeFiles/fnirs_ddc_pio_shk.dir/C_/Users/Alfonso_Samuel/Documents/pico/pico-sdk/src/common/pico_time/time.c.obj
 *fill*         0x1000797a        0x2 
 .rodata.__func__.5
                0x1000797c        0xd CMakeFiles/fnirs_ddc_pio_shk.dir/C_/Users/Alfonso_Samuel/Documents/pico/pico-sdk/src/common/pico_time/time.c.obj
 *fill*         0x10007989        0x3 
 .rodata.__func__.6
                0x1000798c       0x12 CMakeFiles/fnirs_ddc_pio_shk.dir/C_/Users/Alfonso_Samuel/Documents/pico/pico-sdk/src/common/pico_time/time.c.obj
 *fill*         0x1000799e        0x2 
 .rodata.__func__.7
                0x100079a0        0xf CMakeFiles/fnirs_ddc_pio_shk.dir/C_/Users/Alfonso_Samuel/Documents/pico/pico-sdk/src/common/pico_time/time.c.obj
 *fill*         0x100079af        0x1 
 .rodata.__func__.8
                0x100079b0        0xc CMakeFiles/fnirs_ddc_pio_shk.dir/C_/Users/Alfonso_Samuel/Documents/pico/pico-sdk/src/common/pico_time/time.c.obj
 .rodata.__func__.9
                0x100079bc       0x15 CMakeFiles/fnirs_ddc_pio_shk.dir/C_/Users/Alfonso_Samuel/Documents/pico/pico-sdk/src/common/pico_time/time.c.obj
 *fill*         0x100079d1        0x3 
 .rodata.hardware_alarm_claim.str1.4
                0x100079d4       0x22 CMakeFiles/fnirs_ddc_pio_shk.dir/C_/Users/Alfonso_Samuel/Documents/pico/pico-sdk/src/rp2_common/hardware_timer/timer.c.obj
 .rodata.busy_wait_us.str1.4
                0x100079f6       0x6e CMakeFiles/fnirs_ddc_pio_shk.dir/C_/Users/Alfonso_Samuel/Documents/pico/pico-sdk/src/rp2_common/hardware_timer/timer.c.obj
 *fill*         0x100079f6        0x2 
 .rodata.hardware_alarm_set_target.str1.4
                0x100079f8       0x7a CMakeFiles/fnirs_ddc_pio_shk.dir/C_/Users/Alfonso_Samuel/Documents/pico/pico-sdk/src/rp2_common/hardware_timer/timer.c.obj
 *fill*         0x10007a72        0x2 
 .rodata.__func__.0
                0x10007a74       0x1a CMakeFiles/fnirs_ddc_pio_shk.dir/C_/Users/Alfonso_Samuel/Documents/pico/pico-sdk/src/rp2_common/hardware_timer/timer.c.obj
 *fill*         0x10007a8e        0x2 
 .rodata.__func__.1
                0x10007a90       0x15 CMakeFiles/fnirs_ddc_pio_shk.dir/C_/Users/Alfonso_Samuel/Documents/pico/pico-sdk/src/rp2_common/hardware_timer/timer.c.obj
 *fill*         0x10007aa5        0x3 
 .rodata.str1.4
                0x10007aa8       0xc9 CMakeFiles/fnirs_ddc_pio_shk.dir/C_/Users/Alfonso_Samuel/Documents/pico/pico-sdk/src/common/pico_sync/mutex.c.obj
                                0x139 (size before relaxing)
 *fill*         0x10007b71        0x3 
 .rodata.__func__.0
                0x10007b74        0xb CMakeFiles/fnirs_ddc_pio_shk.dir/C_/Users/Alfonso_Samuel/Documents/pico/pico-sdk/src/common/pico_sync/mutex.c.obj
 *fill*         0x10007b7f        0x1 
 .rodata.__func__.1
                0x10007b80       0x18 CMakeFiles/fnirs_ddc_pio_shk.dir/C_/Users/Alfonso_Samuel/Documents/pico/pico-sdk/src/common/pico_sync/mutex.c.obj
 .rodata.__func__.2
                0x10007b98       0x15 CMakeFiles/fnirs_ddc_pio_shk.dir/C_/Users/Alfonso_Samuel/Documents/pico/pico-sdk/src/common/pico_sync/mutex.c.obj
 *fill*         0x10007bad        0x3 
 .rodata.__func__.3
                0x10007bb0       0x15 CMakeFiles/fnirs_ddc_pio_shk.dir/C_/Users/Alfonso_Samuel/Documents/pico/pico-sdk/src/common/pico_sync/mutex.c.obj
 .rodata.ph_add_child_node.str1.4
                0x10007bc5       0xa2 CMakeFiles/fnirs_ddc_pio_shk.dir/C_/Users/Alfonso_Samuel/Documents/pico/pico-sdk/src/common/pico_util/pheap.c.obj
 *fill*         0x10007bc5        0x3 
 .rodata.ph_remove_any_head.str1.4
                0x10007bc8       0xa4 CMakeFiles/fnirs_ddc_pio_shk.dir/C_/Users/Alfonso_Samuel/Documents/pico/pico-sdk/src/common/pico_util/pheap.c.obj
 .rodata.ph_remove_and_free_node.str1.4
                0x10007c6c       0x26 CMakeFiles/fnirs_ddc_pio_shk.dir/C_/Users/Alfonso_Samuel/Documents/pico/pico-sdk/src/common/pico_util/pheap.c.obj
 *fill*         0x10007c92        0x2 
 .rodata.__func__.0
                0x10007c94       0x18 CMakeFiles/fnirs_ddc_pio_shk.dir/C_/Users/Alfonso_Samuel/Documents/pico/pico-sdk/src/common/pico_util/pheap.c.obj
 .rodata.__func__.1
                0x10007cac       0x13 CMakeFiles/fnirs_ddc_pio_shk.dir/C_/Users/Alfonso_Samuel/Documents/pico/pico-sdk/src/common/pico_util/pheap.c.obj
 *fill*         0x10007cbf        0x1 
 .rodata.__func__.2
                0x10007cc0       0x12 CMakeFiles/fnirs_ddc_pio_shk.dir/C_/Users/Alfonso_Samuel/Documents/pico/pico-sdk/src/common/pico_util/pheap.c.obj
 *fill*         0x10007cd2        0x2 
 .rodata.__func__.3
                0x10007cd4        0xc CMakeFiles/fnirs_ddc_pio_shk.dir/C_/Users/Alfonso_Samuel/Documents/pico/pico-sdk/src/common/pico_util/pheap.c.obj
 .rodata.__assert_func.str1.4
                0x10007ce0       0x3f CMakeFiles/fnirs_ddc_pio_shk.dir/C_/Users/Alfonso_Samuel/Documents/pico/pico-sdk/src/rp2_common/pico_runtime/runtime.c.obj
                                 0x43 (size before relaxing)
 *fill*         0x10007d1f        0x1 
 .rodata.panic.str1.4
                0x10007d20       0x10 CMakeFiles/fnirs_ddc_pio_shk.dir/C_/Users/Alfonso_Samuel/Documents/pico/pico-sdk/src/rp2_common/pico_runtime/runtime.c.obj
                                 0x12 (size before relaxing)
 .rodata.clock_configure.str1.4
                0x10007d30       0x6c CMakeFiles/fnirs_ddc_pio_shk.dir/C_/Users/Alfonso_Samuel/Documents/pico/pico-sdk/src/rp2_common/hardware_clocks/clocks.c.obj
 .rodata.__func__.1
                0x10007d9c       0x10 CMakeFiles/fnirs_ddc_pio_shk.dir/C_/Users/Alfonso_Samuel/Documents/pico/pico-sdk/src/rp2_common/hardware_clocks/clocks.c.obj
 .rodata.make_branch.str1.4
                0x10007dac       0x62 CMakeFiles/fnirs_ddc_pio_shk.dir/C_/Users/Alfonso_Samuel/Documents/pico/pico-sdk/src/rp2_common/hardware_irq/irq.c.obj
 *fill*         0x10007e0e        0x2 
 .rodata.irq_set_exclusive_handler.str1.4
                0x10007e10       0x36 CMakeFiles/fnirs_ddc_pio_shk.dir/C_/Users/Alfonso_Samuel/Documents/pico/pico-sdk/src/rp2_common/hardware_irq/irq.c.obj
 *fill*         0x10007e46        0x2 
 .rodata.irq_add_shared_handler.str1.4
                0x10007e48       0xd9 CMakeFiles/fnirs_ddc_pio_shk.dir/C_/Users/Alfonso_Samuel/Documents/pico/pico-sdk/src/rp2_common/hardware_irq/irq.c.obj
 *fill*         0x10007f21        0x3 
 .rodata.irq_remove_handler.str1.4
                0x10007f24       0x2a CMakeFiles/fnirs_ddc_pio_shk.dir/C_/Users/Alfonso_Samuel/Documents/pico/pico-sdk/src/rp2_common/hardware_irq/irq.c.obj
 *fill*         0x10007f4e        0x2 
 .rodata.irq_add_tail_to_free_list.str1.4
                0x10007f50       0x32 CMakeFiles/fnirs_ddc_pio_shk.dir/C_/Users/Alfonso_Samuel/Documents/pico/pico-sdk/src/rp2_common/hardware_irq/irq.c.obj
                                 0x3a (size before relaxing)
 *fill*         0x10007f82        0x2 
 .rodata.__func__.0
                0x10007f84       0x1a CMakeFiles/fnirs_ddc_pio_shk.dir/C_/Users/Alfonso_Samuel/Documents/pico/pico-sdk/src/rp2_common/hardware_irq/irq.c.obj
 *fill*         0x10007f9e        0x2 
 .rodata.__func__.1
                0x10007fa0       0x17 CMakeFiles/fnirs_ddc_pio_shk.dir/C_/Users/Alfonso_Samuel/Documents/pico/pico-sdk/src/rp2_common/hardware_irq/irq.c.obj
 *fill*         0x10007fb7        0x1 
 .rodata.__func__.2
                0x10007fb8       0x13 CMakeFiles/fnirs_ddc_pio_shk.dir/C_/Users/Alfonso_Samuel/Documents/pico/pico-sdk/src/rp2_common/hardware_irq/irq.c.obj
 *fill*         0x10007fcb        0x1 
 .rodata.__func__.3
                0x10007fcc        0xc CMakeFiles/fnirs_ddc_pio_shk.dir/C_/Users/Alfonso_Samuel/Documents/pico/pico-sdk/src/rp2_common/hardware_irq/irq.c.obj
 .rodata.__func__.4
                0x10007fd8        0xf CMakeFiles/fnirs_ddc_pio_shk.dir/C_/Users/Alfonso_Samuel/Documents/pico/pico-sdk/src/rp2_common/hardware_irq/irq.c.obj
 *fill*         0x10007fe7        0x1 
 .rodata.__func__.6
                0x10007fe8       0x1a CMakeFiles/fnirs_ddc_pio_shk.dir/C_/Users/Alfonso_Samuel/Documents/pico/pico-sdk/src/rp2_common/hardware_irq/irq.c.obj
 *fill*         0x10008002        0x2 
 .rodata.pll_init.str1.4
                0x10008004       0xef CMakeFiles/fnirs_ddc_pio_shk.dir/C_/Users/Alfonso_Samuel/Documents/pico/pico-sdk/src/rp2_common/hardware_pll/pll.c.obj
 *fill*         0x100080f3        0x1 
 .rodata.__func__.0
                0x100080f4        0x9 CMakeFiles/fnirs_ddc_pio_shk.dir/C_/Users/Alfonso_Samuel/Documents/pico/pico-sdk/src/rp2_common/hardware_pll/pll.c.obj
 *fill*         0x100080fd        0x3 
 .rodata._ftoa.str1.4
                0x10008100       0x15 CMakeFiles/fnirs_ddc_pio_shk.dir/C_/Users/Alfonso_Samuel/Documents/pico/pico-sdk/src/rp2_common/pico_printf/printf.c.obj
 *fill*         0x10008115        0x3 
 .rodata._vsnprintf
                0x10008118      0x1e0 CMakeFiles/fnirs_ddc_pio_shk.dir/C_/Users/Alfonso_Samuel/Documents/pico/pico-sdk/src/rp2_common/pico_printf/printf.c.obj
 .rodata.pow10.0
                0x100082f8       0x50 CMakeFiles/fnirs_ddc_pio_shk.dir/C_/Users/Alfonso_Samuel/Documents/pico/pico-sdk/src/rp2_common/pico_printf/printf.c.obj
 .rodata.__aeabi_double_init.str1.4
                0x10008348       0xbd CMakeFiles/fnirs_ddc_pio_shk.dir/C_/Users/Alfonso_Samuel/Documents/pico/pico-sdk/src/rp2_common/pico_double/double_init_rom.c.obj
 *fill*         0x10008405        0x3 
 .rodata.__func__.0
                0x10008408       0x14 CMakeFiles/fnirs_ddc_pio_shk.dir/C_/Users/Alfonso_Samuel/Documents/pico/pico-sdk/src/rp2_common/pico_double/double_init_rom.c.obj
 .rodata.__aeabi_float_init.str1.4
                0x1000841c       0x8f CMakeFiles/fnirs_ddc_pio_shk.dir/C_/Users/Alfonso_Samuel/Documents/pico/pico-sdk/src/rp2_common/pico_float/float_init_rom.c.obj
                                 0x93 (size before relaxing)
 *fill*         0x100084ab        0x1 
 .rodata.__func__.0
                0x100084ac       0x13 CMakeFiles/fnirs_ddc_pio_shk.dir/C_/Users/Alfonso_Samuel/Documents/pico/pico-sdk/src/rp2_common/pico_float/float_init_rom.c.obj
 *fill*         0x100084bf        0x1 
 .rodata.str1.4
                0x100084c0       0x48 CMakeFiles/fnirs_ddc_pio_shk.dir/C_/Users/Alfonso_Samuel/Documents/pico/pico-sdk/src/rp2_common/pico_standard_link/binary_info.c.obj
 .rodata.__bi_44
                0x10008508        0xc CMakeFiles/fnirs_ddc_pio_shk.dir/C_/Users/Alfonso_Samuel/Documents/pico/pico-sdk/src/rp2_common/pico_standard_link/binary_info.c.obj
 .rodata.__bi_75
                0x10008514        0xc CMakeFiles/fnirs_ddc_pio_shk.dir/C_/Users/Alfonso_Samuel/Documents/pico/pico-sdk/src/rp2_common/pico_standard_link/binary_info.c.obj
 .rodata.__bi_81
                0x10008520        0xc CMakeFiles/fnirs_ddc_pio_shk.dir/C_/Users/Alfonso_Samuel/Documents/pico/pico-sdk/src/rp2_common/pico_standard_link/binary_info.c.obj
 .rodata.crlf_str.3
                0x1000852c        0x2 CMakeFiles/fnirs_ddc_pio_shk.dir/C_/Users/Alfonso_Samuel/Documents/pico/pico-sdk/src/rp2_common/pico_stdio/stdio.c.obj
 *fill*         0x1000852e        0x2 
 .rodata._resetd_driver
                0x10008530       0x18 CMakeFiles/fnirs_ddc_pio_shk.dir/C_/Users/Alfonso_Samuel/Documents/pico/pico-sdk/src/rp2_common/pico_stdio_usb/reset_interface.c.obj
 .rodata.stdio_usb_init.str1.4
                0x10008548       0x6e CMakeFiles/fnirs_ddc_pio_shk.dir/C_/Users/Alfonso_Samuel/Documents/pico/pico-sdk/src/rp2_common/pico_stdio_usb/stdio_usb.c.obj
 .rodata.str1.4
                0x10008548       0x13 CMakeFiles/fnirs_ddc_pio_shk.dir/C_/Users/Alfonso_Samuel/Documents/pico/pico-sdk/src/rp2_common/pico_stdio_usb/stdio_usb.c.obj
 *fill*         0x1000855b        0x1 
 .rodata.__bi_93.1
                0x1000855c        0xc CMakeFiles/fnirs_ddc_pio_shk.dir/C_/Users/Alfonso_Samuel/Documents/pico/pico-sdk/src/rp2_common/pico_stdio_usb/stdio_usb.c.obj
 .rodata.__func__.0
                0x10008568       0x15 CMakeFiles/fnirs_ddc_pio_shk.dir/C_/Users/Alfonso_Samuel/Documents/pico/pico-sdk/src/rp2_common/pico_stdio_usb/stdio_usb.c.obj
 *fill*         0x1000857d        0x3 
 .rodata.str1.4
                0x10008580       0x2a CMakeFiles/fnirs_ddc_pio_shk.dir/C_/Users/Alfonso_Samuel/Documents/pico/pico-sdk/src/rp2_common/pico_stdio_usb/stdio_usb_descriptors.c.obj
 *fill*         0x100085aa        0x2 
 .rodata.usbd_desc_cfg
                0x100085ac       0x54 CMakeFiles/fnirs_ddc_pio_shk.dir/C_/Users/Alfonso_Samuel/Documents/pico/pico-sdk/src/rp2_common/pico_stdio_usb/stdio_usb_descriptors.c.obj
 .rodata.usbd_desc_device
                0x10008600       0x12 CMakeFiles/fnirs_ddc_pio_shk.dir/C_/Users/Alfonso_Samuel/Documents/pico/pico-sdk/src/rp2_common/pico_stdio_usb/stdio_usb_descriptors.c.obj
 *fill*         0x10008612        0x2 
 .rodata.usbd_desc_str
                0x10008614       0x18 CMakeFiles/fnirs_ddc_pio_shk.dir/C_/Users/Alfonso_Samuel/Documents/pico/pico-sdk/src/rp2_common/pico_stdio_usb/stdio_usb_descriptors.c.obj
 .rodata._hw_endpoint_alloc.str1.4
                0x1000862c       0xcd CMakeFiles/fnirs_ddc_pio_shk.dir/C_/Users/Alfonso_Samuel/Documents/pico/pico-sdk/lib/tinyusb/src/portable/raspberrypi/rp2040/dcd_rp2040.c.obj
 *fill*         0x100086f9        0x3 
 .rodata._hw_endpoint_init.str1.4
                0x100086fc       0x28 CMakeFiles/fnirs_ddc_pio_shk.dir/C_/Users/Alfonso_Samuel/Documents/pico/pico-sdk/lib/tinyusb/src/portable/raspberrypi/rp2040/dcd_rp2040.c.obj
 .rodata.hw_handle_buff_status.str1.4
                0x10008724        0xb CMakeFiles/fnirs_ddc_pio_shk.dir/C_/Users/Alfonso_Samuel/Documents/pico/pico-sdk/lib/tinyusb/src/portable/raspberrypi/rp2040/dcd_rp2040.c.obj
 *fill*         0x1000872f        0x1 
 .rodata.dcd_rp2040_irq.str1.4
                0x10008730       0x14 CMakeFiles/fnirs_ddc_pio_shk.dir/C_/Users/Alfonso_Samuel/Documents/pico/pico-sdk/lib/tinyusb/src/portable/raspberrypi/rp2040/dcd_rp2040.c.obj
 .rodata._hw_endpoint_stall.str1.4
                0x10008744        0xd CMakeFiles/fnirs_ddc_pio_shk.dir/C_/Users/Alfonso_Samuel/Documents/pico/pico-sdk/lib/tinyusb/src/portable/raspberrypi/rp2040/dcd_rp2040.c.obj
 *fill*         0x10008751        0x3 
 .rodata.dcd_int_enable.str1.4
                0x10008754        0xc CMakeFiles/fnirs_ddc_pio_shk.dir/C_/Users/Alfonso_Samuel/Documents/pico/pico-sdk/lib/tinyusb/src/portable/raspberrypi/rp2040/dcd_rp2040.c.obj
 .rodata.__func__.0
                0x10008760       0x15 CMakeFiles/fnirs_ddc_pio_shk.dir/C_/Users/Alfonso_Samuel/Documents/pico/pico-sdk/lib/tinyusb/src/portable/raspberrypi/rp2040/dcd_rp2040.c.obj
 *fill*         0x10008775        0x3 
 .rodata.__func__.1
                0x10008778       0x13 CMakeFiles/fnirs_ddc_pio_shk.dir/C_/Users/Alfonso_Samuel/Documents/pico/pico-sdk/lib/tinyusb/src/portable/raspberrypi/rp2040/dcd_rp2040.c.obj
 *fill*         0x1000878b        0x1 
 .rodata.__func__.11
                0x1000878c        0xf CMakeFiles/fnirs_ddc_pio_shk.dir/C_/Users/Alfonso_Samuel/Documents/pico/pico-sdk/lib/tinyusb/src/portable/raspberrypi/rp2040/dcd_rp2040.c.obj
 *fill*         0x1000879b        0x1 
 .rodata.__func__.12
                0x1000879c       0x13 CMakeFiles/fnirs_ddc_pio_shk.dir/C_/Users/Alfonso_Samuel/Documents/pico/pico-sdk/lib/tinyusb/src/portable/raspberrypi/rp2040/dcd_rp2040.c.obj
 *fill*         0x100087af        0x1 
 .rodata.__func__.13
                0x100087b0       0x16 CMakeFiles/fnirs_ddc_pio_shk.dir/C_/Users/Alfonso_Samuel/Documents/pico/pico-sdk/lib/tinyusb/src/portable/raspberrypi/rp2040/dcd_rp2040.c.obj
 *fill*         0x100087c6        0x2 
 .rodata.__func__.14
                0x100087c8        0x9 CMakeFiles/fnirs_ddc_pio_shk.dir/C_/Users/Alfonso_Samuel/Documents/pico/pico-sdk/lib/tinyusb/src/portable/raspberrypi/rp2040/dcd_rp2040.c.obj
 *fill*         0x100087d1        0x3 
 .rodata.__func__.2
                0x100087d4        0xf CMakeFiles/fnirs_ddc_pio_shk.dir/C_/Users/Alfonso_Samuel/Documents/pico/pico-sdk/lib/tinyusb/src/portable/raspberrypi/rp2040/dcd_rp2040.c.obj
 *fill*         0x100087e3        0x1 
 .rodata.__func__.3
                0x100087e4        0xe CMakeFiles/fnirs_ddc_pio_shk.dir/C_/Users/Alfonso_Samuel/Documents/pico/pico-sdk/lib/tinyusb/src/portable/raspberrypi/rp2040/dcd_rp2040.c.obj
 *fill*         0x100087f2        0x2 
 .rodata.__func__.4
                0x100087f4        0xe CMakeFiles/fnirs_ddc_pio_shk.dir/C_/Users/Alfonso_Samuel/Documents/pico/pico-sdk/lib/tinyusb/src/portable/raspberrypi/rp2040/dcd_rp2040.c.obj
 *fill*         0x10008802        0x2 
 .rodata.__func__.5
                0x10008804       0x1a CMakeFiles/fnirs_ddc_pio_shk.dir/C_/Users/Alfonso_Samuel/Documents/pico/pico-sdk/lib/tinyusb/src/portable/raspberrypi/rp2040/dcd_rp2040.c.obj
 *fill*         0x1000881e        0x2 
 .rodata.__func__.6
                0x10008820        0xc CMakeFiles/fnirs_ddc_pio_shk.dir/C_/Users/Alfonso_Samuel/Documents/pico/pico-sdk/lib/tinyusb/src/portable/raspberrypi/rp2040/dcd_rp2040.c.obj
 .rodata.__func__.9
                0x1000882c       0x10 CMakeFiles/fnirs_ddc_pio_shk.dir/C_/Users/Alfonso_Samuel/Documents/pico/pico-sdk/lib/tinyusb/src/portable/raspberrypi/rp2040/dcd_rp2040.c.obj
 .rodata._hw_endpoint_buffer_control_update32.str1.4
                0x1000883c       0x1f CMakeFiles/fnirs_ddc_pio_shk.dir/C_/Users/Alfonso_Samuel/Documents/pico/pico-sdk/lib/tinyusb/src/portable/raspberrypi/rp2040/rp2040_usb.c.obj
 *fill*         0x1000885b        0x1 
 .rodata._hw_endpoint_xfer_sync.str1.4
                0x1000885c       0xa9 CMakeFiles/fnirs_ddc_pio_shk.dir/C_/Users/Alfonso_Samuel/Documents/pico/pico-sdk/lib/tinyusb/src/portable/raspberrypi/rp2040/rp2040_usb.c.obj
 *fill*         0x10008905        0x3 
 .rodata._hw_endpoint_xfer_continue.str1.4
                0x10008908       0x50 CMakeFiles/fnirs_ddc_pio_shk.dir/C_/Users/Alfonso_Samuel/Documents/pico/pico-sdk/lib/tinyusb/src/portable/raspberrypi/rp2040/rp2040_usb.c.obj
 .rodata._hw_endpoint_xfer.str1.4
                0x10008958        0xf CMakeFiles/fnirs_ddc_pio_shk.dir/C_/Users/Alfonso_Samuel/Documents/pico/pico-sdk/lib/tinyusb/src/portable/raspberrypi/rp2040/rp2040_usb.c.obj
 *fill*         0x10008967        0x1 
 .rodata.str1.4
                0x10008968        0x7 CMakeFiles/fnirs_ddc_pio_shk.dir/C_/Users/Alfonso_Samuel/Documents/pico/pico-sdk/lib/tinyusb/src/portable/raspberrypi/rp2040/rp2040_usb.c.obj
 *fill*         0x1000896f        0x1 
 .rodata.__func__.0
                0x10008970       0x12 CMakeFiles/fnirs_ddc_pio_shk.dir/C_/Users/Alfonso_Samuel/Documents/pico/pico-sdk/lib/tinyusb/src/portable/raspberrypi/rp2040/rp2040_usb.c.obj
 *fill*         0x10008982        0x2 
 .rodata.__func__.1
                0x10008984       0x17 CMakeFiles/fnirs_ddc_pio_shk.dir/C_/Users/Alfonso_Samuel/Documents/pico/pico-sdk/lib/tinyusb/src/portable/raspberrypi/rp2040/rp2040_usb.c.obj
 *fill*         0x1000899b        0x1 
 .rodata.process_set_config.str1.4
                0x1000899c       0x17 CMakeFiles/fnirs_ddc_pio_shk.dir/C_/Users/Alfonso_Samuel/Documents/pico/pico-sdk/lib/tinyusb/src/device/usbd.c.obj
 *fill*         0x100089b3        0x1 
 .rodata.process_get_descriptor
                0x100089b4       0x40 CMakeFiles/fnirs_ddc_pio_shk.dir/C_/Users/Alfonso_Samuel/Documents/pico/pico-sdk/lib/tinyusb/src/device/usbd.c.obj
 .rodata.process_control_request
                0x100089f4       0x28 CMakeFiles/fnirs_ddc_pio_shk.dir/C_/Users/Alfonso_Samuel/Documents/pico/pico-sdk/lib/tinyusb/src/device/usbd.c.obj
 .rodata.tud_task
                0x10008a1c       0x24 CMakeFiles/fnirs_ddc_pio_shk.dir/C_/Users/Alfonso_Samuel/Documents/pico/pico-sdk/lib/tinyusb/src/device/usbd.c.obj
 .rodata.__func__.2
                0x10008a40        0xf CMakeFiles/fnirs_ddc_pio_shk.dir/C_/Users/Alfonso_Samuel/Documents/pico/pico-sdk/lib/tinyusb/src/device/usbd.c.obj
 *fill*         0x10008a4f        0x1 
 .rodata.__func__.3
                0x10008a50        0xf CMakeFiles/fnirs_ddc_pio_shk.dir/C_/Users/Alfonso_Samuel/Documents/pico/pico-sdk/lib/tinyusb/src/device/usbd.c.obj
 *fill*         0x10008a5f        0x1 
 .rodata.__func__.4
                0x10008a60       0x14 CMakeFiles/fnirs_ddc_pio_shk.dir/C_/Users/Alfonso_Samuel/Documents/pico/pico-sdk/lib/tinyusb/src/device/usbd.c.obj
 .rodata.__func__.5
                0x10008a74       0x10 CMakeFiles/fnirs_ddc_pio_shk.dir/C_/Users/Alfonso_Samuel/Documents/pico/pico-sdk/lib/tinyusb/src/device/usbd.c.obj
 .rodata.__func__.6
                0x10008a84       0x17 CMakeFiles/fnirs_ddc_pio_shk.dir/C_/Users/Alfonso_Samuel/Documents/pico/pico-sdk/lib/tinyusb/src/device/usbd.c.obj
 *fill*         0x10008a9b        0x1 
 .rodata.__func__.7
                0x10008a9c       0x13 CMakeFiles/fnirs_ddc_pio_shk.dir/C_/Users/Alfonso_Samuel/Documents/pico/pico-sdk/lib/tinyusb/src/device/usbd.c.obj
 *fill*         0x10008aaf        0x1 
 .rodata.__func__.8
                0x10008ab0       0x18 CMakeFiles/fnirs_ddc_pio_shk.dir/C_/Users/Alfonso_Samuel/Documents/pico/pico-sdk/lib/tinyusb/src/device/usbd.c.obj
 .rodata.__func__.9
                0x10008ac8        0x9 CMakeFiles/fnirs_ddc_pio_shk.dir/C_/Users/Alfonso_Samuel/Documents/pico/pico-sdk/lib/tinyusb/src/device/usbd.c.obj
 *fill*         0x10008ad1        0x3 
 .rodata._usbd_driver
                0x10008ad4       0x18 CMakeFiles/fnirs_ddc_pio_shk.dir/C_/Users/Alfonso_Samuel/Documents/pico/pico-sdk/lib/tinyusb/src/device/usbd.c.obj
 .rodata.tud_control_xfer.str1.4
                0x10008aec       0x17 CMakeFiles/fnirs_ddc_pio_shk.dir/C_/Users/Alfonso_Samuel/Documents/pico/pico-sdk/lib/tinyusb/src/device/usbd_control.c.obj
 .rodata.__func__.0
                0x10008aec       0x15 CMakeFiles/fnirs_ddc_pio_shk.dir/C_/Users/Alfonso_Samuel/Documents/pico/pico-sdk/lib/tinyusb/src/device/usbd_control.c.obj